stm32f4xx_hal_fmpi2c.c:519:19:HAL_FMPI2C_Init	16	static
stm32f4xx_hal_fmpi2c.c:629:19:HAL_FMPI2C_DeInit	16	static
stm32f4xx_hal_fmpi2c.c:675:13:HAL_FMPI2C_MspInit	16	static
stm32f4xx_hal_fmpi2c.c:691:13:HAL_FMPI2C_MspDeInit	16	static
stm32f4xx_hal_fmpi2c.c:1112:19:HAL_FMPI2C_Master_Transmit	40	static
stm32f4xx_hal_fmpi2c.c:1231:19:HAL_FMPI2C_Master_Receive	40	static
stm32f4xx_hal_fmpi2c.c:1349:19:HAL_FMPI2C_Slave_Transmit	40	static
stm32f4xx_hal_fmpi2c.c:1487:19:HAL_FMPI2C_Slave_Receive	40	static
stm32f4xx_hal_fmpi2c.c:1614:19:HAL_FMPI2C_Master_Transmit_IT	40	static
stm32f4xx_hal_fmpi2c.c:1685:19:HAL_FMPI2C_Master_Receive_IT	40	static
stm32f4xx_hal_fmpi2c.c:1754:19:HAL_FMPI2C_Slave_Transmit_IT	24	static
stm32f4xx_hal_fmpi2c.c:1804:19:HAL_FMPI2C_Slave_Receive_IT	24	static
stm32f4xx_hal_fmpi2c.c:1856:19:HAL_FMPI2C_Master_Transmit_DMA	40	static
stm32f4xx_hal_fmpi2c.c:2003:19:HAL_FMPI2C_Master_Receive_DMA	40	static
stm32f4xx_hal_fmpi2c.c:2148:19:HAL_FMPI2C_Slave_Transmit_DMA	32	static
stm32f4xx_hal_fmpi2c.c:2252:19:HAL_FMPI2C_Slave_Receive_DMA	32	static
stm32f4xx_hal_fmpi2c.c:2360:19:HAL_FMPI2C_Mem_Write	40	static
stm32f4xx_hal_fmpi2c.c:2497:19:HAL_FMPI2C_Mem_Read	40	static
stm32f4xx_hal_fmpi2c.c:2634:19:HAL_FMPI2C_Mem_Write_IT	40	static
stm32f4xx_hal_fmpi2c.c:2728:19:HAL_FMPI2C_Mem_Read_IT	40	static
stm32f4xx_hal_fmpi2c.c:2820:19:HAL_FMPI2C_Mem_Write_DMA	48	static
stm32f4xx_hal_fmpi2c.c:2967:19:HAL_FMPI2C_Mem_Read_DMA	48	static
stm32f4xx_hal_fmpi2c.c:3110:19:HAL_FMPI2C_IsDeviceReady	48	static
stm32f4xx_hal_fmpi2c.c:3252:19:HAL_FMPI2C_Master_Seq_Transmit_IT	40	static
stm32f4xx_hal_fmpi2c.c:3339:19:HAL_FMPI2C_Master_Seq_Transmit_DMA	48	static
stm32f4xx_hal_fmpi2c.c:3507:19:HAL_FMPI2C_Master_Seq_Receive_IT	40	static
stm32f4xx_hal_fmpi2c.c:3594:19:HAL_FMPI2C_Master_Seq_Receive_DMA	48	static
stm32f4xx_hal_fmpi2c.c:3760:19:HAL_FMPI2C_Slave_Seq_Transmit_IT	24	static
stm32f4xx_hal_fmpi2c.c:3856:19:HAL_FMPI2C_Slave_Seq_Transmit_DMA	32	static
stm32f4xx_hal_fmpi2c.c:4037:19:HAL_FMPI2C_Slave_Seq_Receive_IT	24	static
stm32f4xx_hal_fmpi2c.c:4133:19:HAL_FMPI2C_Slave_Seq_Receive_DMA	32	static
stm32f4xx_hal_fmpi2c.c:4310:19:HAL_FMPI2C_EnableListen_IT	16	static
stm32f4xx_hal_fmpi2c.c:4334:19:HAL_FMPI2C_DisableListen_IT	24	static
stm32f4xx_hal_fmpi2c.c:4367:19:HAL_FMPI2C_Master_Abort_IT	24	static
stm32f4xx_hal_fmpi2c.c:4429:6:HAL_FMPI2C_EV_IRQHandler	24	static
stm32f4xx_hal_fmpi2c.c:4448:6:HAL_FMPI2C_ER_IRQHandler	32	static
stm32f4xx_hal_fmpi2c.c:4500:13:HAL_FMPI2C_MasterTxCpltCallback	16	static
stm32f4xx_hal_fmpi2c.c:4516:13:HAL_FMPI2C_MasterRxCpltCallback	16	static
stm32f4xx_hal_fmpi2c.c:4531:13:HAL_FMPI2C_SlaveTxCpltCallback	16	static
stm32f4xx_hal_fmpi2c.c:4547:13:HAL_FMPI2C_SlaveRxCpltCallback	16	static
stm32f4xx_hal_fmpi2c.c:4565:13:HAL_FMPI2C_AddrCallback	16	static
stm32f4xx_hal_fmpi2c.c:4583:13:HAL_FMPI2C_ListenCpltCallback	16	static
stm32f4xx_hal_fmpi2c.c:4599:13:HAL_FMPI2C_MemTxCpltCallback	16	static
stm32f4xx_hal_fmpi2c.c:4615:13:HAL_FMPI2C_MemRxCpltCallback	16	static
stm32f4xx_hal_fmpi2c.c:4631:13:HAL_FMPI2C_ErrorCallback	16	static
stm32f4xx_hal_fmpi2c.c:4647:13:HAL_FMPI2C_AbortCpltCallback	16	static
stm32f4xx_hal_fmpi2c.c:4682:25:HAL_FMPI2C_GetState	16	static
stm32f4xx_hal_fmpi2c.c:4694:24:HAL_FMPI2C_GetMode	16	static
stm32f4xx_hal_fmpi2c.c:4705:10:HAL_FMPI2C_GetError	16	static
stm32f4xx_hal_fmpi2c.c:4730:26:FMPI2C_Master_ISR_IT	40	static
stm32f4xx_hal_fmpi2c.c:4876:26:FMPI2C_Slave_ISR_IT	32	static
stm32f4xx_hal_fmpi2c.c:5017:26:FMPI2C_Master_ISR_DMA	40	static
stm32f4xx_hal_fmpi2c.c:5157:26:FMPI2C_Slave_ISR_DMA	40	static
stm32f4xx_hal_fmpi2c.c:5302:26:FMPI2C_RequestMemoryWrite	32	static
stm32f4xx_hal_fmpi2c.c:5357:26:FMPI2C_RequestMemoryRead	32	static
stm32f4xx_hal_fmpi2c.c:5406:13:FMPI2C_ITAddrCplt	24	static
stm32f4xx_hal_fmpi2c.c:5501:13:FMPI2C_ITMasterSeqCplt	16	static
stm32f4xx_hal_fmpi2c.c:5554:13:FMPI2C_ITSlaveSeqCplt	24	static
stm32f4xx_hal_fmpi2c.c:5628:13:FMPI2C_ITMasterCplt	32	static
stm32f4xx_hal_fmpi2c.c:5771:13:FMPI2C_ITSlaveCplt	32	static
stm32f4xx_hal_fmpi2c.c:5930:13:FMPI2C_ITListenCplt	16	static
stm32f4xx_hal_fmpi2c.c:5981:13:FMPI2C_ITError	24	static
stm32f4xx_hal_fmpi2c.c:6093:13:FMPI2C_TreatErrorCallback	16	static
stm32f4xx_hal_fmpi2c.c:6131:13:FMPI2C_Flush_TXDR	16	static
stm32f4xx_hal_fmpi2c.c:6152:13:FMPI2C_DMAMasterTransmitCplt	24	static
stm32f4xx_hal_fmpi2c.c:6202:13:FMPI2C_DMASlaveTransmitCplt	24	static
stm32f4xx_hal_fmpi2c.c:6230:13:FMPI2C_DMAMasterReceiveCplt	24	static
stm32f4xx_hal_fmpi2c.c:6280:13:FMPI2C_DMASlaveReceiveCplt	24	static
stm32f4xx_hal_fmpi2c.c:6308:13:FMPI2C_DMAError	24	static
stm32f4xx_hal_fmpi2c.c:6347:13:FMPI2C_DMAAbort	24	static
stm32f4xx_hal_fmpi2c.c:6375:26:FMPI2C_WaitOnFlagUntilTimeout	24	static
stm32f4xx_hal_fmpi2c.c:6406:26:FMPI2C_WaitOnTXISFlagUntilTimeout	24	static
stm32f4xx_hal_fmpi2c.c:6444:26:FMPI2C_WaitOnSTOPFlagUntilTimeout	24	static
stm32f4xx_hal_fmpi2c.c:6479:26:FMPI2C_WaitOnRXNEFlagUntilTimeout	24	static
stm32f4xx_hal_fmpi2c.c:6543:26:FMPI2C_IsAcknowledgeFailed	24	static
stm32f4xx_hal_fmpi2c.c:6617:13:FMPI2C_TransferConfig	24	static
stm32f4xx_hal_fmpi2c.c:6642:13:FMPI2C_Enable_IRQ	24	static
stm32f4xx_hal_fmpi2c.c:6713:13:FMPI2C_Disable_IRQ	24	static
stm32f4xx_hal_fmpi2c.c:6776:13:FMPI2C_ConvertOtherXferOptions	16	static
