Archive member included to satisfy reference by file (symbol)

c:/st/stm32cubeide_1.6.1/stm32cubeide/plugins/com.st.stm32cube.ide.mcu.externaltools.gnu-tools-for-stm32.9-2020-q2-update.win32_1.5.0.202011040924/tools/bin/../lib/gcc/arm-none-eabi/9.3.1/../../../../arm-none-eabi/lib/thumb/v7e-m+fp/hard\libc_nano.a(lib_a-errno.o)
                              Core/Src/syscalls.o (__errno)
c:/st/stm32cubeide_1.6.1/stm32cubeide/plugins/com.st.stm32cube.ide.mcu.externaltools.gnu-tools-for-stm32.9-2020-q2-update.win32_1.5.0.202011040924/tools/bin/../lib/gcc/arm-none-eabi/9.3.1/../../../../arm-none-eabi/lib/thumb/v7e-m+fp/hard\libc_nano.a(lib_a-exit.o)
                              c:/st/stm32cubeide_1.6.1/stm32cubeide/plugins/com.st.stm32cube.ide.mcu.externaltools.gnu-tools-for-stm32.9-2020-q2-update.win32_1.5.0.202011040924/tools/bin/../lib/gcc/arm-none-eabi/9.3.1/../../../../arm-none-eabi/lib/thumb/v7e-m+fp/hard/crt0.o (exit)
c:/st/stm32cubeide_1.6.1/stm32cubeide/plugins/com.st.stm32cube.ide.mcu.externaltools.gnu-tools-for-stm32.9-2020-q2-update.win32_1.5.0.202011040924/tools/bin/../lib/gcc/arm-none-eabi/9.3.1/../../../../arm-none-eabi/lib/thumb/v7e-m+fp/hard\libc_nano.a(lib_a-impure.o)
                              c:/st/stm32cubeide_1.6.1/stm32cubeide/plugins/com.st.stm32cube.ide.mcu.externaltools.gnu-tools-for-stm32.9-2020-q2-update.win32_1.5.0.202011040924/tools/bin/../lib/gcc/arm-none-eabi/9.3.1/../../../../arm-none-eabi/lib/thumb/v7e-m+fp/hard\libc_nano.a(lib_a-exit.o) (_global_impure_ptr)
c:/st/stm32cubeide_1.6.1/stm32cubeide/plugins/com.st.stm32cube.ide.mcu.externaltools.gnu-tools-for-stm32.9-2020-q2-update.win32_1.5.0.202011040924/tools/bin/../lib/gcc/arm-none-eabi/9.3.1/../../../../arm-none-eabi/lib/thumb/v7e-m+fp/hard\libc_nano.a(lib_a-init.o)
                              c:/st/stm32cubeide_1.6.1/stm32cubeide/plugins/com.st.stm32cube.ide.mcu.externaltools.gnu-tools-for-stm32.9-2020-q2-update.win32_1.5.0.202011040924/tools/bin/../lib/gcc/arm-none-eabi/9.3.1/../../../../arm-none-eabi/lib/thumb/v7e-m+fp/hard/crt0.o (__libc_init_array)
c:/st/stm32cubeide_1.6.1/stm32cubeide/plugins/com.st.stm32cube.ide.mcu.externaltools.gnu-tools-for-stm32.9-2020-q2-update.win32_1.5.0.202011040924/tools/bin/../lib/gcc/arm-none-eabi/9.3.1/../../../../arm-none-eabi/lib/thumb/v7e-m+fp/hard\libc_nano.a(lib_a-memcpy-stub.o)
                              Drivers/VL53L0X/core/src/vl53l0x_api_calibration.o (memcpy)
c:/st/stm32cubeide_1.6.1/stm32cubeide/plugins/com.st.stm32cube.ide.mcu.externaltools.gnu-tools-for-stm32.9-2020-q2-update.win32_1.5.0.202011040924/tools/bin/../lib/gcc/arm-none-eabi/9.3.1/../../../../arm-none-eabi/lib/thumb/v7e-m+fp/hard\libc_nano.a(lib_a-memset.o)
                              c:/st/stm32cubeide_1.6.1/stm32cubeide/plugins/com.st.stm32cube.ide.mcu.externaltools.gnu-tools-for-stm32.9-2020-q2-update.win32_1.5.0.202011040924/tools/bin/../lib/gcc/arm-none-eabi/9.3.1/../../../../arm-none-eabi/lib/thumb/v7e-m+fp/hard/crt0.o (memset)
c:/st/stm32cubeide_1.6.1/stm32cubeide/plugins/com.st.stm32cube.ide.mcu.externaltools.gnu-tools-for-stm32.9-2020-q2-update.win32_1.5.0.202011040924/tools/bin/../lib/gcc/arm-none-eabi/9.3.1/../../../../arm-none-eabi/lib/thumb/v7e-m+fp/hard\libc_nano.a(lib_a-sprintf.o)
                              Core/Src/main.o (sprintf)
c:/st/stm32cubeide_1.6.1/stm32cubeide/plugins/com.st.stm32cube.ide.mcu.externaltools.gnu-tools-for-stm32.9-2020-q2-update.win32_1.5.0.202011040924/tools/bin/../lib/gcc/arm-none-eabi/9.3.1/../../../../arm-none-eabi/lib/thumb/v7e-m+fp/hard\libc_nano.a(lib_a-strcpy.o)
                              Drivers/VL53L0X/core/src/vl53l0x_api_core.o (strcpy)
c:/st/stm32cubeide_1.6.1/stm32cubeide/plugins/com.st.stm32cube.ide.mcu.externaltools.gnu-tools-for-stm32.9-2020-q2-update.win32_1.5.0.202011040924/tools/bin/../lib/gcc/arm-none-eabi/9.3.1/../../../../arm-none-eabi/lib/thumb/v7e-m+fp/hard\libc_nano.a(lib_a-nano-svfprintf.o)
                              c:/st/stm32cubeide_1.6.1/stm32cubeide/plugins/com.st.stm32cube.ide.mcu.externaltools.gnu-tools-for-stm32.9-2020-q2-update.win32_1.5.0.202011040924/tools/bin/../lib/gcc/arm-none-eabi/9.3.1/../../../../arm-none-eabi/lib/thumb/v7e-m+fp/hard\libc_nano.a(lib_a-sprintf.o) (_svfprintf_r)
c:/st/stm32cubeide_1.6.1/stm32cubeide/plugins/com.st.stm32cube.ide.mcu.externaltools.gnu-tools-for-stm32.9-2020-q2-update.win32_1.5.0.202011040924/tools/bin/../lib/gcc/arm-none-eabi/9.3.1/../../../../arm-none-eabi/lib/thumb/v7e-m+fp/hard\libc_nano.a(lib_a-nano-vfprintf_i.o)
                              c:/st/stm32cubeide_1.6.1/stm32cubeide/plugins/com.st.stm32cube.ide.mcu.externaltools.gnu-tools-for-stm32.9-2020-q2-update.win32_1.5.0.202011040924/tools/bin/../lib/gcc/arm-none-eabi/9.3.1/../../../../arm-none-eabi/lib/thumb/v7e-m+fp/hard\libc_nano.a(lib_a-nano-svfprintf.o) (_printf_i)
[...]
Memory Configuration

Name             Origin             Length             Attributes
RAM              0x0000000020000000 0x0000000000020000 xrw
FLASH            0x0000000008000000 0x0000000000080000 xr
*default*        0x0000000000000000 0xffffffffffffffff

Linker script and memory map

LOAD c:/st/stm32cubeide_1.6.1/stm32cubeide/plugins/com.st.stm32cube.ide.mcu.externaltools.gnu-tools-for-stm32.9-2020-q2-update.win32_1.5.0.202011040924/tools/bin/../lib/gcc/arm-none-eabi/9.3.1/thumb/v7e-m+fp/hard/crti.o
LOAD c:/st/stm32cubeide_1.6.1/stm32cubeide/plugins/com.st.stm32cube.ide.mcu.externaltools.gnu-tools-for-stm32.9-2020-q2-update.win32_1.5.0.202011040924/tools/bin/../lib/gcc/arm-none-eabi/9.3.1/thumb/v7e-m+fp/hard/crtbegin.o
LOAD c:/st/stm32cubeide_1.6.1/stm32cubeide/plugins/com.st.stm32cube.ide.mcu.externaltools.gnu-tools-for-stm32.9-2020-q2-update.win32_1.5.0.202011040924/tools/bin/../lib/gcc/arm-none-eabi/9.3.1/../../../../arm-none-eabi/lib/thumb/v7e-m+fp/hard/crt0.o
LOAD Core/Src/l298n_motor_controller.o
LOAD Core/Src/main.o
LOAD Core/Src/stm32f4xx_hal_msp.o
LOAD Core/Src/stm32f4xx_it.o
LOAD Core/Src/syscalls.o
LOAD Core/Src/sysmem.o
LOAD Core/Src/system_stm32f4xx.o
LOAD Core/Startup/startup_stm32f446retx.o
LOAD Drivers/STM32F4xx_HAL_Driver/Src/stm32f4xx_hal.o
LOAD Drivers/STM32F4xx_HAL_Driver/Src/stm32f4xx_hal_cortex.o
LOAD Drivers/STM32F4xx_HAL_Driver/Src/stm32f4xx_hal_dma.o
LOAD Drivers/STM32F4xx_HAL_Driver/Src/stm32f4xx_hal_dma_ex.o
LOAD Drivers/STM32F4xx_HAL_Driver/Src/stm32f4xx_hal_exti.o
LOAD Drivers/STM32F4xx_HAL_Driver/Src/stm32f4xx_hal_flash.o
LOAD Drivers/STM32F4xx_HAL_Driver/Src/stm32f4xx_hal_flash_ex.o
LOAD Drivers/STM32F4xx_HAL_Driver/Src/stm32f4xx_hal_flash_ramfunc.o
LOAD Drivers/STM32F4xx_HAL_Driver/Src/stm32f4xx_hal_fmpi2c.o
LOAD Drivers/STM32F4xx_HAL_Driver/Src/stm32f4xx_hal_fmpi2c_ex.o
LOAD Drivers/STM32F4xx_HAL_Driver/Src/stm32f4xx_hal_gpio.o
LOAD Drivers/STM32F4xx_HAL_Driver/Src/stm32f4xx_hal_i2c.o
LOAD Drivers/STM32F4xx_HAL_Driver/Src/stm32f4xx_hal_i2c_ex.o
LOAD Drivers/STM32F4xx_HAL_Driver/Src/stm32f4xx_hal_pwr.o
LOAD Drivers/STM32F4xx_HAL_Driver/Src/stm32f4xx_hal_pwr_ex.o
LOAD Drivers/STM32F4xx_HAL_Driver/Src/stm32f4xx_hal_rcc.o
LOAD Drivers/STM32F4xx_HAL_Driver/Src/stm32f4xx_hal_rcc_ex.o
LOAD Drivers/STM32F4xx_HAL_Driver/Src/stm32f4xx_hal_spi.o
LOAD Drivers/STM32F4xx_HAL_Driver/Src/stm32f4xx_hal_tim.o
LOAD Drivers/STM32F4xx_HAL_Driver/Src/stm32f4xx_hal_tim_ex.o
LOAD Drivers/STM32F4xx_HAL_Driver/Src/stm32f4xx_hal_uart.o
LOAD Drivers/VL53L0X/core/src/vl53l0x_api.o
LOAD Drivers/VL53L0X/core/src/vl53l0x_api_calibration.o
LOAD Drivers/VL53L0X/core/src/vl53l0x_api_core.o
LOAD Drivers/VL53L0X/core/src/vl53l0x_api_ranging.o
LOAD Drivers/VL53L0X/core/src/vl53l0x_api_strings.o
LOAD Drivers/VL53L0X/platform/src/vl53l0x_platform.o
LOAD Drivers/VL53L0X/platform/src/vl53l0x_platform_log.o
START GROUP
LOAD c:/st/stm32cubeide_1.6.1/stm32cubeide/plugins/com.st.stm32cube.ide.mcu.externaltools.gnu-tools-for-stm32.9-2020-q2-update.win32_1.5.0.202011040924/tools/bin/../lib/gcc/arm-none-eabi/9.3.1/../../../../arm-none-eabi/lib/thumb/v7e-m+fp/hard\libc_nano.a
LOAD c:/st/stm32cubeide_1.6.1/stm32cubeide/plugins/com.st.stm32cube.ide.mcu.externaltools.gnu-tools-for-stm32.9-2020-q2-update.win32_1.5.0.202011040924/tools/bin/../lib/gcc/arm-none-eabi/9.3.1/../../../../arm-none-eabi/lib/thumb/v7e-m+fp/hard\libm.a
END GROUP
START GROUP
LOAD c:/st/stm32cubeide_1.6.1/stm32cubeide/plugins/com.st.stm32cube.ide.mcu.externaltools.gnu-tools-for-stm32.9-2020-q2-update.win32_1.5.0.202011040924/tools/bin/../lib/gcc/arm-none-eabi/9.3.1/thumb/v7e-m+fp/hard\libgcc.a
LOAD c:/st/stm32cubeide_1.6.1/stm32cubeide/plugins/com.st.stm32cube.ide.mcu.externaltools.gnu-tools-for-stm32.9-2020-q2-update.win32_1.5.0.202011040924/tools/bin/../lib/gcc/arm-none-eabi/9.3.1/../../../../arm-none-eabi/lib/thumb/v7e-m+fp/hard\libc_nano.a
END GROUP
START GROUP
LOAD c:/st/stm32cubeide_1.6.1/stm32cubeide/plugins/com.st.stm32cube.ide.mcu.externaltools.gnu-tools-for-stm32.9-2020-q2-update.win32_1.5.0.202011040924/tools/bin/../lib/gcc/arm-none-eabi/9.3.1/thumb/v7e-m+fp/hard\libgcc.a
LOAD c:/st/stm32cubeide_1.6.1/stm32cubeide/plugins/com.st.stm32cube.ide.mcu.externaltools.gnu-tools-for-stm32.9-2020-q2-update.win32_1.5.0.202011040924/tools/bin/../lib/gcc/arm-none-eabi/9.3.1/../../../../arm-none-eabi/lib/thumb/v7e-m+fp/hard\libc_nano.a
LOAD c:/st/stm32cubeide_1.6.1/stm32cubeide/plugins/com.st.stm32cube.ide.mcu.externaltools.gnu-tools-for-stm32.9-2020-q2-update.win32_1.5.0.202011040924/tools/bin/../lib/gcc/arm-none-eabi/9.3.1/../../../../arm-none-eabi/lib/thumb/v7e-m+fp/hard\libnosys.a
END GROUP
START GROUP
LOAD c:/st/stm32cubeide_1.6.1/stm32cubeide/plugins/com.st.stm32cube.ide.mcu.externaltools.gnu-tools-for-stm32.9-2020-q2-update.win32_1.5.0.202011040924/tools/bin/../lib/gcc/arm-none-eabi/9.3.1/thumb/v7e-m+fp/hard\libgcc.a
LOAD c:/st/stm32cubeide_1.6.1/stm32cubeide/plugins/com.st.stm32cube.ide.mcu.externaltools.gnu-tools-for-stm32.9-2020-q2-update.win32_1.5.0.202011040924/tools/bin/../lib/gcc/arm-none-eabi/9.3.1/../../../../arm-none-eabi/lib/thumb/v7e-m+fp/hard\libc_nano.a
LOAD c:/st/stm32cubeide_1.6.1/stm32cubeide/plugins/com.st.stm32cube.ide.mcu.externaltools.gnu-tools-for-stm32.9-2020-q2-update.win32_1.5.0.202011040924/tools/bin/../lib/gcc/arm-none-eabi/9.3.1/../../../../arm-none-eabi/lib/thumb/v7e-m+fp/hard\libnosys.a
END GROUP
LOAD c:/st/stm32cubeide_1.6.1/stm32cubeide/plugins/com.st.stm32cube.ide.mcu.externaltools.gnu-tools-for-stm32.9-2020-q2-update.win32_1.5.0.202011040924/tools/bin/../lib/gcc/arm-none-eabi/9.3.1/thumb/v7e-m+fp/hard/crtend.o
LOAD c:/st/stm32cubeide_1.6.1/stm32cubeide/plugins/com.st.stm32cube.ide.mcu.externaltools.gnu-tools-for-stm32.9-2020-q2-update.win32_1.5.0.202011040924/tools/bin/../lib/gcc/arm-none-eabi/9.3.1/thumb/v7e-m+fp/hard/crtn.o
                0x0000000020020000                _estack = (ORIGIN (RAM) + LENGTH (RAM))
                0x0000000000000200                _Min_Heap_Size = 0x200
                0x0000000000000400                _Min_Stack_Size = 0x400

.isr_vector     0x0000000008000000      0x1c4
                0x0000000008000000                . = ALIGN (0x4)
 *(.isr_vector)
 .isr_vector    0x0000000008000000      0x1c4 Core/Startup/startup_stm32f446retx.o
                0x0000000008000000                g_pfnVectors
                0x00000000080001c4                . = ALIGN (0x4)

.text           0x00000000080001d0     0xab50
                0x00000000080001d0                . = ALIGN (0x4)
 *(.text)
 .text          0x00000000080001d0       0x40 c:/st/stm32cubeide_1.6.1/stm32cubeide/plugins/com.st.stm32cube.ide.mcu.externaltools.gnu-tools-for-stm32.9-2020-q2-update.win32_1.5.0.202011040924/tools/bin/../lib/gcc/arm-none-eabi/9.3.1/thumb/v7e-m+fp/hard/crtbegin.o
 .text          0x0000000008000210       0xa0 c:/st/stm32cubeide_1.6.1/stm32cubeide/plugins/com.st.stm32cube.ide.mcu.externaltools.gnu-tools-for-stm32.9-2020-q2-update.win32_1.5.0.202011040924/tools/bin/../lib/gcc/arm-none-eabi/9.3.1/../../../../arm-none-eabi/lib/thumb/v7e-m+fp/hard\libc_nano.a(lib_a-memchr.o)
                0x0000000008000210                memchr
 .text          0x00000000080002b0       0x30 c:/st/stm32cubeide_1.6.1/stm32cubeide/plugins/com.st.stm32cube.ide.mcu.externaltools.gnu-tools-for-stm32.9-2020-q2-update.win32_1.5.0.202011040924/tools/bin/../lib/gcc/arm-none-eabi/9.3.1/thumb/v7e-m+fp/hard\libgcc.a(_aeabi_uldivmod.o)
                0x00000000080002b0                __aeabi_uldivmod
 .text          0x00000000080002e0      0x2c4 c:/st/stm32cubeide_1.6.1/stm32cubeide/plugins/com.st.stm32cube.ide.mcu.externaltools.gnu-tools-for-stm32.9-2020-q2-update.win32_1.5.0.202011040924/tools/bin/../lib/gcc/arm-none-eabi/9.3.1/thumb/v7e-m+fp/hard\libgcc.a(_udivmoddi4.o)
                0x00000000080002e0                __udivmoddi4
 .text          0x00000000080005a4        0x4 c:/st/stm32cubeide_1.6.1/stm32cubeide/plugins/com.st.stm32cube.ide.mcu.externaltools.gnu-tools-for-stm32.9-2020-q2-update.win32_1.5.0.202011040924/tools/bin/../lib/gcc/arm-none-eabi/9.3.1/thumb/v7e-m+fp/hard\libgcc.a(_dvmd_tls.o)
                0x00000000080005a4                __aeabi_idiv0
                0x00000000080005a4                __aeabi_ldiv0
 *(.text*)
 .text.set_motor_direction
                0x00000000080005a8       0x98 Core/Src/l298n_motor_controller.o
                0x00000000080005a8                set_motor_direction
 .text.set_motor_speed
                0x0000000008000640       0x58 Core/Src/l298n_motor_controller.o
                0x0000000008000640                set_motor_speed
 .text.motor_init
                0x0000000008000698       0x2a Core/Src/l298n_motor_controller.o
                0x0000000008000698                motor_init
 *fill*         0x00000000080006c2        0x2 
 .text.main     0x00000000080006c4      0x25c Core/Src/main.o
                0x00000000080006c4                main
 .text.SystemClock_Config
                0x0000000008000920      0x118 Core/Src/main.o
                0x0000000008000920                SystemClock_Config
 .text.MX_FMPI2C1_Init
                0x0000000008000a38       0x6c Core/Src/main.o
 .text.MX_I2C1_Init
                0x0000000008000aa4       0x5c Core/Src/main.o
 .text.MX_I2C2_Init
                0x0000000008000b00       0x5c Core/Src/main.o
 .text.MX_I2C3_Init
                0x0000000008000b5c       0x5c Core/Src/main.o
 .text.MX_SPI2_Init
                0x0000000008000bb8       0x6c Core/Src/main.o
 .text.MX_TIM1_Init
                0x0000000008000c24      0x170 Core/Src/main.o
 .text.MX_TIM8_Init
                0x0000000008000d94      0x108 Core/Src/main.o
 .text.MX_USART2_UART_Init
                0x0000000008000e9c       0x54 Core/Src/main.o
 .text.MX_GPIO_Init
                0x0000000008000ef0      0x138 Core/Src/main.o
 .text.Error_Handler
                0x0000000008001028        0xa Core/Src/main.o
                0x0000000008001028                Error_Handler
 *fill*         0x0000000008001032        0x2 
 .text.HAL_MspInit
                0x0000000008001034       0x50 Core/Src/stm32f4xx_hal_msp.o
                0x0000000008001034                HAL_MspInit
 .text.HAL_FMPI2C_MspInit
                0x0000000008001084       0x90 Core/Src/stm32f4xx_hal_msp.o
                0x0000000008001084                HAL_FMPI2C_MspInit
 .text.HAL_I2C_MspInit
                0x0000000008001114      0x1e8 Core/Src/stm32f4xx_hal_msp.o
                0x0000000008001114                HAL_I2C_MspInit
 .text.HAL_SPI_MspInit
                0x00000000080012fc       0xf0 Core/Src/stm32f4xx_hal_msp.o
                0x00000000080012fc                HAL_SPI_MspInit
 .text.HAL_TIM_Base_MspInit
                0x00000000080013ec       0x44 Core/Src/stm32f4xx_hal_msp.o
                0x00000000080013ec                HAL_TIM_Base_MspInit
 .text.HAL_TIM_PWM_MspInit
                0x0000000008001430       0x44 Core/Src/stm32f4xx_hal_msp.o
                0x0000000008001430                HAL_TIM_PWM_MspInit
 .text.HAL_TIM_MspPostInit
                0x0000000008001474       0xc8 Core/Src/stm32f4xx_hal_msp.o
                0x0000000008001474                HAL_TIM_MspPostInit
 .text.HAL_UART_MspInit
                0x000000000800153c       0x90 Core/Src/stm32f4xx_hal_msp.o
                0x000000000800153c                HAL_UART_MspInit
 .text.NMI_Handler
                0x00000000080015cc        0x6 Core/Src/stm32f4xx_it.o
                0x00000000080015cc                NMI_Handler
 .text.HardFault_Handler
                0x00000000080015d2        0x6 Core/Src/stm32f4xx_it.o
                0x00000000080015d2                HardFault_Handler
 .text.MemManage_Handler
                0x00000000080015d8        0x6 Core/Src/stm32f4xx_it.o
                0x00000000080015d8                MemManage_Handler
 .text.BusFault_Handler
                0x00000000080015de        0x6 Core/Src/stm32f4xx_it.o
                0x00000000080015de                BusFault_Handler
 .text.UsageFault_Handler
                0x00000000080015e4        0x6 Core/Src/stm32f4xx_it.o
                0x00000000080015e4                UsageFault_Handler
 .text.SVC_Handler
                0x00000000080015ea        0xe Core/Src/stm32f4xx_it.o
                0x00000000080015ea                SVC_Handler
 .text.DebugMon_Handler
                0x00000000080015f8        0xe Core/Src/stm32f4xx_it.o
                0x00000000080015f8                DebugMon_Handler
 .text.PendSV_Handler
                0x0000000008001606        0xe Core/Src/stm32f4xx_it.o
                0x0000000008001606                PendSV_Handler
 .text.SysTick_Handler
                0x0000000008001614        0xc Core/Src/stm32f4xx_it.o
                0x0000000008001614                SysTick_Handler
 .text._sbrk    0x0000000008001620       0x6c Core/Src/sysmem.o
                0x0000000008001620                _sbrk
 .text.SystemInit
                0x000000000800168c       0x24 Core/Src/system_stm32f4xx.o
                0x000000000800168c                SystemInit
 .text.Reset_Handler
                0x00000000080016b0       0x50 Core/Startup/startup_stm32f446retx.o
                0x00000000080016b0                Reset_Handler
 .text.Default_Handler
                0x0000000008001700        0x2 Core/Startup/startup_stm32f446retx.o
                0x0000000008001700                RTC_Alarm_IRQHandler
                0x0000000008001700                EXTI2_IRQHandler
                0x0000000008001700                TIM8_CC_IRQHandler
                0x0000000008001700                FMPI2C1_EV_IRQHandler
                0x0000000008001700                SPI4_IRQHandler
                0x0000000008001700                TIM1_CC_IRQHandler
                0x0000000008001700                DMA2_Stream5_IRQHandler
                0x0000000008001700                DMA1_Stream5_IRQHandler
                0x0000000008001700                PVD_IRQHandler
                0x0000000008001700                SDIO_IRQHandler
                0x0000000008001700                TAMP_STAMP_IRQHandler
                0x0000000008001700                CAN2_RX1_IRQHandler
                0x0000000008001700                EXTI3_IRQHandler
                0x0000000008001700                TIM8_TRG_COM_TIM14_IRQHandler
                0x0000000008001700                TIM1_UP_TIM10_IRQHandler
                0x0000000008001700                TIM8_UP_TIM13_IRQHandler
                0x0000000008001700                I2C3_ER_IRQHandler
                0x0000000008001700                EXTI0_IRQHandler
                0x0000000008001700                I2C2_EV_IRQHandler
                0x0000000008001700                DMA1_Stream2_IRQHandler
                0x0000000008001700                CAN1_RX0_IRQHandler
                0x0000000008001700                FPU_IRQHandler
                0x0000000008001700                OTG_HS_WKUP_IRQHandler
                0x0000000008001700                CAN2_SCE_IRQHandler
                0x0000000008001700                DMA2_Stream2_IRQHandler
                0x0000000008001700                SPI1_IRQHandler
                0x0000000008001700                TIM6_DAC_IRQHandler
                0x0000000008001700                TIM1_BRK_TIM9_IRQHandler
                0x0000000008001700                DCMI_IRQHandler
                0x0000000008001700                CAN2_RX0_IRQHandler
                0x0000000008001700                DMA2_Stream3_IRQHandler
                0x0000000008001700                SAI2_IRQHandler
                0x0000000008001700                USART6_IRQHandler
                0x0000000008001700                USART3_IRQHandler
                0x0000000008001700                CAN1_RX1_IRQHandler
                0x0000000008001700                UART5_IRQHandler
                0x0000000008001700                DMA2_Stream0_IRQHandler
                0x0000000008001700                TIM4_IRQHandler
                0x0000000008001700                QUADSPI_IRQHandler
                0x0000000008001700                I2C1_EV_IRQHandler
                0x0000000008001700                DMA1_Stream6_IRQHandler
                0x0000000008001700                DMA1_Stream1_IRQHandler
                0x0000000008001700                UART4_IRQHandler
                0x0000000008001700                TIM3_IRQHandler
                0x0000000008001700                RCC_IRQHandler
                0x0000000008001700                TIM8_BRK_TIM12_IRQHandler
                0x0000000008001700                Default_Handler
                0x0000000008001700                CEC_IRQHandler
                0x0000000008001700                EXTI15_10_IRQHandler
                0x0000000008001700                ADC_IRQHandler
                0x0000000008001700                DMA1_Stream7_IRQHandler
                0x0000000008001700                TIM7_IRQHandler
                0x0000000008001700                CAN2_TX_IRQHandler
                0x0000000008001700                TIM5_IRQHandler
                0x0000000008001700                DMA2_Stream7_IRQHandler
                0x0000000008001700                I2C3_EV_IRQHandler
                0x0000000008001700                EXTI9_5_IRQHandler
                0x0000000008001700                RTC_WKUP_IRQHandler
                0x0000000008001700                SPDIF_RX_IRQHandler
                0x0000000008001700                SPI2_IRQHandler
                0x0000000008001700                OTG_HS_EP1_IN_IRQHandler
                0x0000000008001700                DMA1_Stream0_IRQHandler
                0x0000000008001700                CAN1_TX_IRQHandler
                0x0000000008001700                FMPI2C1_ER_IRQHandler
                0x0000000008001700                EXTI4_IRQHandler
                0x0000000008001700                OTG_HS_EP1_OUT_IRQHandler
                0x0000000008001700                WWDG_IRQHandler
                0x0000000008001700                TIM2_IRQHandler
                0x0000000008001700                OTG_FS_WKUP_IRQHandler
                0x0000000008001700                TIM1_TRG_COM_TIM11_IRQHandler
                0x0000000008001700                OTG_HS_IRQHandler
                0x0000000008001700                EXTI1_IRQHandler
                0x0000000008001700                USART2_IRQHandler
                0x0000000008001700                I2C2_ER_IRQHandler
                0x0000000008001700                DMA2_Stream1_IRQHandler
                0x0000000008001700                CAN1_SCE_IRQHandler
                0x0000000008001700                FLASH_IRQHandler
                0x0000000008001700                DMA2_Stream4_IRQHandler
                0x0000000008001700                USART1_IRQHandler
                0x0000000008001700                OTG_FS_IRQHandler
                0x0000000008001700                SPI3_IRQHandler
                0x0000000008001700                DMA1_Stream4_IRQHandler
                0x0000000008001700                I2C1_ER_IRQHandler
                0x0000000008001700                FMC_IRQHandler
                0x0000000008001700                DMA2_Stream6_IRQHandler
                0x0000000008001700                SAI1_IRQHandler
                0x0000000008001700                DMA1_Stream3_IRQHandler
 *fill*         0x0000000008001702        0x2 
 .text.HAL_Init
                0x0000000008001704       0x44 Drivers/STM32F4xx_HAL_Driver/Src/stm32f4xx_hal.o
                0x0000000008001704                HAL_Init
 .text.HAL_InitTick
                0x0000000008001748       0x60 Drivers/STM32F4xx_HAL_Driver/Src/stm32f4xx_hal.o
                0x0000000008001748                HAL_InitTick
 .text.HAL_IncTick
                0x00000000080017a8       0x28 Drivers/STM32F4xx_HAL_Driver/Src/stm32f4xx_hal.o
                0x00000000080017a8                HAL_IncTick
 .text.HAL_GetTick
                0x00000000080017d0       0x18 Drivers/STM32F4xx_HAL_Driver/Src/stm32f4xx_hal.o
                0x00000000080017d0                HAL_GetTick
 .text.HAL_Delay
                0x00000000080017e8       0x48 Drivers/STM32F4xx_HAL_Driver/Src/stm32f4xx_hal.o
                0x00000000080017e8                HAL_Delay
 .text.__NVIC_SetPriorityGrouping
                0x0000000008001830       0x48 Drivers/STM32F4xx_HAL_Driver/Src/stm32f4xx_hal_cortex.o
 .text.__NVIC_GetPriorityGrouping
                0x0000000008001878       0x1c Drivers/STM32F4xx_HAL_Driver/Src/stm32f4xx_hal_cortex.o
 .text.__NVIC_SetPriority
                0x0000000008001894       0x54 Drivers/STM32F4xx_HAL_Driver/Src/stm32f4xx_hal_cortex.o
 .text.NVIC_EncodePriority
                0x00000000080018e8       0x66 Drivers/STM32F4xx_HAL_Driver/Src/stm32f4xx_hal_cortex.o
 *fill*         0x000000000800194e        0x2 
 .text.SysTick_Config
                0x0000000008001950       0x44 Drivers/STM32F4xx_HAL_Driver/Src/stm32f4xx_hal_cortex.o
 .text.HAL_NVIC_SetPriorityGrouping
                0x0000000008001994       0x16 Drivers/STM32F4xx_HAL_Driver/Src/stm32f4xx_hal_cortex.o
                0x0000000008001994                HAL_NVIC_SetPriorityGrouping
 .text.HAL_NVIC_SetPriority
                0x00000000080019aa       0x38 Drivers/STM32F4xx_HAL_Driver/Src/stm32f4xx_hal_cortex.o
                0x00000000080019aa                HAL_NVIC_SetPriority
 .text.HAL_SYSTICK_Config
                0x00000000080019e2       0x18 Drivers/STM32F4xx_HAL_Driver/Src/stm32f4xx_hal_cortex.o
                0x00000000080019e2                HAL_SYSTICK_Config
 .text.HAL_FMPI2C_Init
                0x00000000080019fa      0x11e Drivers/STM32F4xx_HAL_Driver/Src/stm32f4xx_hal_fmpi2c.o
                0x00000000080019fa                HAL_FMPI2C_Init
 .text.HAL_FMPI2CEx_ConfigAnalogFilter
                0x0000000008001b18       0x96 Drivers/STM32F4xx_HAL_Driver/Src/stm32f4xx_hal_fmpi2c_ex.o
                0x0000000008001b18                HAL_FMPI2CEx_ConfigAnalogFilter
 *fill*         0x0000000008001bae        0x2 
 .text.HAL_GPIO_Init
                0x0000000008001bb0      0x328 Drivers/STM32F4xx_HAL_Driver/Src/stm32f4xx_hal_gpio.o
                0x0000000008001bb0                HAL_GPIO_Init
 .text.HAL_GPIO_WritePin
                0x0000000008001ed8       0x32 Drivers/STM32F4xx_HAL_Driver/Src/stm32f4xx_hal_gpio.o
                0x0000000008001ed8                HAL_GPIO_WritePin
 *fill*         0x0000000008001f0a        0x2 
 .text.HAL_I2C_Init
                0x0000000008001f0c      0x288 Drivers/STM32F4xx_HAL_Driver/Src/stm32f4xx_hal_i2c.o
                0x0000000008001f0c                HAL_I2C_Init
 .text.HAL_I2C_Master_Transmit
                0x0000000008002194      0x1fc Drivers/STM32F4xx_HAL_Driver/Src/stm32f4xx_hal_i2c.o
                0x0000000008002194                HAL_I2C_Master_Transmit
 .text.HAL_I2C_Master_Receive
                0x0000000008002390      0x44c Drivers/STM32F4xx_HAL_Driver/Src/stm32f4xx_hal_i2c.o
                0x0000000008002390                HAL_I2C_Master_Receive
 .text.I2C_MasterRequestWrite
                0x00000000080027dc      0x104 Drivers/STM32F4xx_HAL_Driver/Src/stm32f4xx_hal_i2c.o
 .text.I2C_MasterRequestRead
                0x00000000080028e0      0x19c Drivers/STM32F4xx_HAL_Driver/Src/stm32f4xx_hal_i2c.o
 .text.I2C_WaitOnFlagUntilTimeout
                0x0000000008002a7c       0xae Drivers/STM32F4xx_HAL_Driver/Src/stm32f4xx_hal_i2c.o
 .text.I2C_WaitOnMasterAddressFlagUntilTimeout
                0x0000000008002b2a       0xfe Drivers/STM32F4xx_HAL_Driver/Src/stm32f4xx_hal_i2c.o
 .text.I2C_WaitOnTXEFlagUntilTimeout
                0x0000000008002c28       0x82 Drivers/STM32F4xx_HAL_Driver/Src/stm32f4xx_hal_i2c.o
 .text.I2C_WaitOnBTFFlagUntilTimeout
                0x0000000008002caa       0x82 Drivers/STM32F4xx_HAL_Driver/Src/stm32f4xx_hal_i2c.o
 .text.I2C_WaitOnRXNEFlagUntilTimeout
                0x0000000008002d2c       0xac Drivers/STM32F4xx_HAL_Driver/Src/stm32f4xx_hal_i2c.o
 .text.I2C_IsAcknowledgeFailed
                0x0000000008002dd8       0x5e Drivers/STM32F4xx_HAL_Driver/Src/stm32f4xx_hal_i2c.o
 *fill*         0x0000000008002e36        0x2 
 .text.HAL_RCC_ClockConfig
                0x0000000008002e38      0x1cc Drivers/STM32F4xx_HAL_Driver/Src/stm32f4xx_hal_rcc.o
                0x0000000008002e38                HAL_RCC_ClockConfig
 .text.HAL_RCC_GetHCLKFreq
                0x0000000008003004       0x18 Drivers/STM32F4xx_HAL_Driver/Src/stm32f4xx_hal_rcc.o
                0x0000000008003004                HAL_RCC_GetHCLKFreq
 .text.HAL_RCC_GetPCLK1Freq
                0x000000000800301c       0x28 Drivers/STM32F4xx_HAL_Driver/Src/stm32f4xx_hal_rcc.o
                0x000000000800301c                HAL_RCC_GetPCLK1Freq
 .text.HAL_RCC_GetPCLK2Freq
                0x0000000008003044       0x28 Drivers/STM32F4xx_HAL_Driver/Src/stm32f4xx_hal_rcc.o
                0x0000000008003044                HAL_RCC_GetPCLK2Freq
 .text.HAL_RCCEx_PeriphCLKConfig
                0x000000000800306c      0x654 Drivers/STM32F4xx_HAL_Driver/Src/stm32f4xx_hal_rcc_ex.o
                0x000000000800306c                HAL_RCCEx_PeriphCLKConfig
 .text.HAL_RCC_GetSysClockFreq
                0x00000000080036c0      0x364 Drivers/STM32F4xx_HAL_Driver/Src/stm32f4xx_hal_rcc_ex.o
                0x00000000080036c0                HAL_RCC_GetSysClockFreq
 .text.HAL_RCC_OscConfig
                0x0000000008003a24      0x53c Drivers/STM32F4xx_HAL_Driver/Src/stm32f4xx_hal_rcc_ex.o
                0x0000000008003a24                HAL_RCC_OscConfig
 .text.HAL_SPI_Init
                0x0000000008003f60      0x112 Drivers/STM32F4xx_HAL_Driver/Src/stm32f4xx_hal_spi.o
                0x0000000008003f60                HAL_SPI_Init
 .text.HAL_TIM_Base_Init
                0x0000000008004072       0x9e Drivers/STM32F4xx_HAL_Driver/Src/stm32f4xx_hal_tim.o
                0x0000000008004072                HAL_TIM_Base_Init
 .text.HAL_TIM_PWM_Init
                0x0000000008004110       0x9e Drivers/STM32F4xx_HAL_Driver/Src/stm32f4xx_hal_tim.o
                0x0000000008004110                HAL_TIM_PWM_Init
 *fill*         0x00000000080041ae        0x2 
 .text.HAL_TIM_PWM_Start
                0x00000000080041b0      0x190 Drivers/STM32F4xx_HAL_Driver/Src/stm32f4xx_hal_tim.o
                0x00000000080041b0                HAL_TIM_PWM_Start
 .text.HAL_TIM_PWM_ConfigChannel
                0x0000000008004340      0x184 Drivers/STM32F4xx_HAL_Driver/Src/stm32f4xx_hal_tim.o
                0x0000000008004340                HAL_TIM_PWM_ConfigChannel
 .text.HAL_TIM_ConfigClockSource
                0x00000000080044c4      0x18e Drivers/STM32F4xx_HAL_Driver/Src/stm32f4xx_hal_tim.o
                0x00000000080044c4                HAL_TIM_ConfigClockSource
 *fill*         0x0000000008004652        0x2 
 .text.TIM_Base_SetConfig
                0x0000000008004654      0x140 Drivers/STM32F4xx_HAL_Driver/Src/stm32f4xx_hal_tim.o
                0x0000000008004654                TIM_Base_SetConfig
 .text.TIM_OC1_SetConfig
                0x0000000008004794       0xe0 Drivers/STM32F4xx_HAL_Driver/Src/stm32f4xx_hal_tim.o
 .text.TIM_OC2_SetConfig
                0x0000000008004874       0xec Drivers/STM32F4xx_HAL_Driver/Src/stm32f4xx_hal_tim.o
                0x0000000008004874                TIM_OC2_SetConfig
 .text.TIM_OC3_SetConfig
                0x0000000008004960       0xe8 Drivers/STM32F4xx_HAL_Driver/Src/stm32f4xx_hal_tim.o
 .text.TIM_OC4_SetConfig
                0x0000000008004a48       0xac Drivers/STM32F4xx_HAL_Driver/Src/stm32f4xx_hal_tim.o
 .text.TIM_TI1_ConfigInputStage
                0x0000000008004af4       0x5e Drivers/STM32F4xx_HAL_Driver/Src/stm32f4xx_hal_tim.o
 .text.TIM_TI2_ConfigInputStage
                0x0000000008004b52       0x60 Drivers/STM32F4xx_HAL_Driver/Src/stm32f4xx_hal_tim.o
 .text.TIM_ITRx_SetConfig
                0x0000000008004bb2       0x36 Drivers/STM32F4xx_HAL_Driver/Src/stm32f4xx_hal_tim.o
 .text.TIM_ETR_SetConfig
                0x0000000008004be8       0x40 Drivers/STM32F4xx_HAL_Driver/Src/stm32f4xx_hal_tim.o
                0x0000000008004be8                TIM_ETR_SetConfig
 .text.TIM_CCxChannelCmd
                0x0000000008004c28       0x4a Drivers/STM32F4xx_HAL_Driver/Src/stm32f4xx_hal_tim.o
                0x0000000008004c28                TIM_CCxChannelCmd
 *fill*         0x0000000008004c72        0x2 
 .text.HAL_TIMEx_MasterConfigSynchronization
                0x0000000008004c74       0xf8 Drivers/STM32F4xx_HAL_Driver/Src/stm32f4xx_hal_tim_ex.o
                0x0000000008004c74                HAL_TIMEx_MasterConfigSynchronization
 .text.HAL_TIMEx_ConfigBreakDeadTime
                0x0000000008004d6c       0xa4 Drivers/STM32F4xx_HAL_Driver/Src/stm32f4xx_hal_tim_ex.o
                0x0000000008004d6c                HAL_TIMEx_ConfigBreakDeadTime
 .text.HAL_UART_Init
                0x0000000008004e10       0x9a Drivers/STM32F4xx_HAL_Driver/Src/stm32f4xx_hal_uart.o
                0x0000000008004e10                HAL_UART_Init
 .text.HAL_UART_Transmit
                0x0000000008004eaa      0x124 Drivers/STM32F4xx_HAL_Driver/Src/stm32f4xx_hal_uart.o
                0x0000000008004eaa                HAL_UART_Transmit
 .text.UART_WaitOnFlagUntilTimeout
                0x0000000008004fce       0xdc Drivers/STM32F4xx_HAL_Driver/Src/stm32f4xx_hal_uart.o
 *fill*         0x00000000080050aa        0x2 
 .text.UART_SetConfig
                0x00000000080050ac      0x390 Drivers/STM32F4xx_HAL_Driver/Src/stm32f4xx_hal_uart.o
 .text.VL53L0X_GetOffsetCalibrationDataMicroMeter
                0x000000000800543c       0x26 Drivers/VL53L0X/core/src/vl53l0x_api.o
                0x000000000800543c                VL53L0X_GetOffsetCalibrationDataMicroMeter
 *fill*         0x0000000008005462        0x2 
 .text.VL53L0X_DataInit
                0x0000000008005464      0x2c8 Drivers/VL53L0X/core/src/vl53l0x_api.o
                0x0000000008005464                VL53L0X_DataInit
 .text.VL53L0X_StaticInit
                0x000000000800572c      0x304 Drivers/VL53L0X/core/src/vl53l0x_api.o
                0x000000000800572c                VL53L0X_StaticInit
 .text.VL53L0X_WaitDeviceBooted
                0x0000000008005a30       0x1c Drivers/VL53L0X/core/src/vl53l0x_api.o
                0x0000000008005a30                VL53L0X_WaitDeviceBooted
 .text.VL53L0X_GetDeviceParameters
                0x0000000008005a4c      0x120 Drivers/VL53L0X/core/src/vl53l0x_api.o
                0x0000000008005a4c                VL53L0X_GetDeviceParameters
 .text.VL53L0X_SetDeviceMode
                0x0000000008005b6c       0x58 Drivers/VL53L0X/core/src/vl53l0x_api.o
                0x0000000008005b6c                VL53L0X_SetDeviceMode
 .text.VL53L0X_GetDeviceMode
                0x0000000008005bc4       0x26 Drivers/VL53L0X/core/src/vl53l0x_api.o
                0x0000000008005bc4                VL53L0X_GetDeviceMode
 .text.VL53L0X_GetFractionEnable
                0x0000000008005bea       0x3e Drivers/VL53L0X/core/src/vl53l0x_api.o
                0x0000000008005bea                VL53L0X_GetFractionEnable
 .text.VL53L0X_SetMeasurementTimingBudgetMicroSeconds
                0x0000000008005c28       0x26 Drivers/VL53L0X/core/src/vl53l0x_api.o
                0x0000000008005c28                VL53L0X_SetMeasurementTimingBudgetMicroSeconds
 .text.VL53L0X_GetMeasurementTimingBudgetMicroSeconds
                0x0000000008005c4e       0x26 Drivers/VL53L0X/core/src/vl53l0x_api.o
                0x0000000008005c4e                VL53L0X_GetMeasurementTimingBudgetMicroSeconds
 .text.VL53L0X_SetVcselPulsePeriod
                0x0000000008005c74       0x30 Drivers/VL53L0X/core/src/vl53l0x_api.o
                0x0000000008005c74                VL53L0X_SetVcselPulsePeriod
 .text.VL53L0X_GetVcselPulsePeriod
                0x0000000008005ca4       0x2e Drivers/VL53L0X/core/src/vl53l0x_api.o
                0x0000000008005ca4                VL53L0X_GetVcselPulsePeriod
 *fill*         0x0000000008005cd2        0x2 
 .text.VL53L0X_SetSequenceStepEnable
                0x0000000008005cd4      0x144 Drivers/VL53L0X/core/src/vl53l0x_api.o
                0x0000000008005cd4                VL53L0X_SetSequenceStepEnable
 .text.sequence_step_enabled
                0x0000000008005e18       0xa4 Drivers/VL53L0X/core/src/vl53l0x_api.o
                0x0000000008005e18                sequence_step_enabled
 .text.VL53L0X_GetSequenceStepEnables
                0x0000000008005ebc       0xb0 Drivers/VL53L0X/core/src/vl53l0x_api.o
                0x0000000008005ebc                VL53L0X_GetSequenceStepEnables
 .text.VL53L0X_GetInterMeasurementPeriodMilliSeconds
                0x0000000008005f6c       0x68 Drivers/VL53L0X/core/src/vl53l0x_api.o
                0x0000000008005f6c                VL53L0X_GetInterMeasurementPeriodMilliSeconds
 .text.VL53L0X_GetXTalkCompensationEnable
                0x0000000008005fd4       0x2a Drivers/VL53L0X/core/src/vl53l0x_api.o
                0x0000000008005fd4                VL53L0X_GetXTalkCompensationEnable
 .text.VL53L0X_GetXTalkCompensationRateMegaCps
                0x0000000008005ffe       0x66 Drivers/VL53L0X/core/src/vl53l0x_api.o
                0x0000000008005ffe                VL53L0X_GetXTalkCompensationRateMegaCps
 .text.VL53L0X_SetLimitCheckEnable
                0x0000000008006064      0x118 Drivers/VL53L0X/core/src/vl53l0x_api.o
                0x0000000008006064                VL53L0X_SetLimitCheckEnable
 .text.VL53L0X_GetLimitCheckEnable
                0x000000000800617c       0x46 Drivers/VL53L0X/core/src/vl53l0x_api.o
                0x000000000800617c                VL53L0X_GetLimitCheckEnable
 *fill*         0x00000000080061c2        0x2 
 .text.VL53L0X_SetLimitCheckValue
                0x00000000080061c4       0xc4 Drivers/VL53L0X/core/src/vl53l0x_api.o
                0x00000000080061c4                VL53L0X_SetLimitCheckValue
 .text.VL53L0X_GetLimitCheckValue
                0x0000000008006288      0x11c Drivers/VL53L0X/core/src/vl53l0x_api.o
                0x0000000008006288                VL53L0X_GetLimitCheckValue
 .text.VL53L0X_GetWrapAroundCheckEnable
                0x00000000080063a4       0x64 Drivers/VL53L0X/core/src/vl53l0x_api.o
                0x00000000080063a4                VL53L0X_GetWrapAroundCheckEnable
 .text.VL53L0X_PerformSingleMeasurement
                0x0000000008006408       0x68 Drivers/VL53L0X/core/src/vl53l0x_api.o
                0x0000000008006408                VL53L0X_PerformSingleMeasurement
 .text.VL53L0X_PerformRefCalibration
                0x0000000008006470       0x2c Drivers/VL53L0X/core/src/vl53l0x_api.o
                0x0000000008006470                VL53L0X_PerformRefCalibration
 .text.VL53L0X_CheckAndLoadInterruptSettings
                0x000000000800649c       0xcc Drivers/VL53L0X/core/src/vl53l0x_api.o
                0x000000000800649c                VL53L0X_CheckAndLoadInterruptSettings
 .text.VL53L0X_StartMeasurement
                0x0000000008006568      0x184 Drivers/VL53L0X/core/src/vl53l0x_api.o
                0x0000000008006568                VL53L0X_StartMeasurement
 .text.VL53L0X_GetMeasurementDataReady
                0x00000000080066ec       0x80 Drivers/VL53L0X/core/src/vl53l0x_api.o
                0x00000000080066ec                VL53L0X_GetMeasurementDataReady
 .text.VL53L0X_GetRangingMeasurementData
                0x000000000800676c      0x248 Drivers/VL53L0X/core/src/vl53l0x_api.o
                0x000000000800676c                VL53L0X_GetRangingMeasurementData
 .text.VL53L0X_PerformSingleRangingMeasurement
                0x00000000080069b4       0x60 Drivers/VL53L0X/core/src/vl53l0x_api.o
                0x00000000080069b4                VL53L0X_PerformSingleRangingMeasurement
 .text.VL53L0X_SetGpioConfig
                0x0000000008006a14      0x248 Drivers/VL53L0X/core/src/vl53l0x_api.o
                0x0000000008006a14                VL53L0X_SetGpioConfig
 .text.VL53L0X_GetInterruptThresholds
                0x0000000008006c5c       0x6c Drivers/VL53L0X/core/src/vl53l0x_api.o
                0x0000000008006c5c                VL53L0X_GetInterruptThresholds
 .text.VL53L0X_ClearInterruptMask
                0x0000000008006cc8       0x80 Drivers/VL53L0X/core/src/vl53l0x_api.o
                0x0000000008006cc8                VL53L0X_ClearInterruptMask
 .text.VL53L0X_GetInterruptMaskStatus
                0x0000000008006d48       0x44 Drivers/VL53L0X/core/src/vl53l0x_api.o
                0x0000000008006d48                VL53L0X_GetInterruptMaskStatus
 .text.VL53L0X_PerformRefSpadManagement
                0x0000000008006d8c       0x2a Drivers/VL53L0X/core/src/vl53l0x_api.o
                0x0000000008006d8c                VL53L0X_PerformRefSpadManagement
 .text.VL53L0X_get_offset_calibration_data_micro_meter
                0x0000000008006db6       0x7e Drivers/VL53L0X/core/src/vl53l0x_api_calibration.o
                0x0000000008006db6                VL53L0X_get_offset_calibration_data_micro_meter
 .text.get_next_good_spad
                0x0000000008006e34       0xbc Drivers/VL53L0X/core/src/vl53l0x_api_calibration.o
                0x0000000008006e34                get_next_good_spad
 .text.is_aperture
                0x0000000008006ef0       0x34 Drivers/VL53L0X/core/src/vl53l0x_api_calibration.o
                0x0000000008006ef0                is_aperture
 .text.enable_spad_bit
                0x0000000008006f24       0x70 Drivers/VL53L0X/core/src/vl53l0x_api_calibration.o
                0x0000000008006f24                enable_spad_bit
 .text.set_ref_spad_map
                0x0000000008006f94       0x26 Drivers/VL53L0X/core/src/vl53l0x_api_calibration.o
                0x0000000008006f94                set_ref_spad_map
 .text.get_ref_spad_map
                0x0000000008006fba       0x26 Drivers/VL53L0X/core/src/vl53l0x_api_calibration.o
                0x0000000008006fba                get_ref_spad_map
 .text.enable_ref_spads
                0x0000000008006fe0       0xf8 Drivers/VL53L0X/core/src/vl53l0x_api_calibration.o
                0x0000000008006fe0                enable_ref_spads
 .text.perform_ref_signal_measurement
                0x00000000080070d8       0xd4 Drivers/VL53L0X/core/src/vl53l0x_api_calibration.o
                0x00000000080070d8                perform_ref_signal_measurement
 .text.VL53L0X_perform_ref_spad_management
                0x00000000080071ac      0x418 Drivers/VL53L0X/core/src/vl53l0x_api_calibration.o
                0x00000000080071ac                VL53L0X_perform_ref_spad_management
 .text.VL53L0X_set_reference_spads
                0x00000000080075c4      0x14a Drivers/VL53L0X/core/src/vl53l0x_api_calibration.o
                0x00000000080075c4                VL53L0X_set_reference_spads
 .text.VL53L0X_perform_single_ref_calibration
                0x000000000800770e       0x76 Drivers/VL53L0X/core/src/vl53l0x_api_calibration.o
                0x000000000800770e                VL53L0X_perform_single_ref_calibration
 .text.VL53L0X_ref_calibration_io
                0x0000000008007784      0x132 Drivers/VL53L0X/core/src/vl53l0x_api_calibration.o
                0x0000000008007784                VL53L0X_ref_calibration_io
 .text.VL53L0X_perform_vhv_calibration
                0x00000000080078b6       0xce Drivers/VL53L0X/core/src/vl53l0x_api_calibration.o
                0x00000000080078b6                VL53L0X_perform_vhv_calibration
 .text.VL53L0X_perform_phase_calibration
                0x0000000008007984       0xca Drivers/VL53L0X/core/src/vl53l0x_api_calibration.o
                0x0000000008007984                VL53L0X_perform_phase_calibration
 .text.VL53L0X_perform_ref_calibration
                0x0000000008007a4e       0x7a Drivers/VL53L0X/core/src/vl53l0x_api_calibration.o
                0x0000000008007a4e                VL53L0X_perform_ref_calibration
 .text.VL53L0X_measurement_poll_for_completion
                0x0000000008007ac8       0x60 Drivers/VL53L0X/core/src/vl53l0x_api_core.o
                0x0000000008007ac8                VL53L0X_measurement_poll_for_completion
 .text.VL53L0X_decode_vcsel_period
                0x0000000008007b28       0x26 Drivers/VL53L0X/core/src/vl53l0x_api_core.o
                0x0000000008007b28                VL53L0X_decode_vcsel_period
 .text.VL53L0X_encode_vcsel_period
                0x0000000008007b4e       0x26 Drivers/VL53L0X/core/src/vl53l0x_api_core.o
                0x0000000008007b4e                VL53L0X_encode_vcsel_period
 .text.VL53L0X_isqrt
                0x0000000008007b74       0x68 Drivers/VL53L0X/core/src/vl53l0x_api_core.o
                0x0000000008007b74                VL53L0X_isqrt
 .text.VL53L0X_device_read_strobe
                0x0000000008007bdc       0x86 Drivers/VL53L0X/core/src/vl53l0x_api_core.o
                0x0000000008007bdc                VL53L0X_device_read_strobe
 .text.VL53L0X_get_info_from_device
                0x0000000008007c62      0x99a Drivers/VL53L0X/core/src/vl53l0x_api_core.o
                0x0000000008007c62                VL53L0X_get_info_from_device
 .text.VL53L0X_calc_macro_period_ps
                0x00000000080085fc       0x3c Drivers/VL53L0X/core/src/vl53l0x_api_core.o
                0x00000000080085fc                VL53L0X_calc_macro_period_ps
 .text.VL53L0X_encode_timeout
                0x0000000008008638       0x58 Drivers/VL53L0X/core/src/vl53l0x_api_core.o
                0x0000000008008638                VL53L0X_encode_timeout
 .text.VL53L0X_decode_timeout
                0x0000000008008690       0x2c Drivers/VL53L0X/core/src/vl53l0x_api_core.o
                0x0000000008008690                VL53L0X_decode_timeout
 .text.VL53L0X_calc_timeout_mclks
                0x00000000080086bc       0x54 Drivers/VL53L0X/core/src/vl53l0x_api_core.o
                0x00000000080086bc                VL53L0X_calc_timeout_mclks
 .text.VL53L0X_calc_timeout_us
                0x0000000008008710       0x54 Drivers/VL53L0X/core/src/vl53l0x_api_core.o
                0x0000000008008710                VL53L0X_calc_timeout_us
 .text.get_sequence_step_timeout
                0x0000000008008764      0x1c2 Drivers/VL53L0X/core/src/vl53l0x_api_core.o
                0x0000000008008764                get_sequence_step_timeout
 .text.set_sequence_step_timeout
                0x0000000008008926      0x1e4 Drivers/VL53L0X/core/src/vl53l0x_api_core.o
                0x0000000008008926                set_sequence_step_timeout
 .text.VL53L0X_set_vcsel_pulse_period
                0x0000000008008b0a      0x512 Drivers/VL53L0X/core/src/vl53l0x_api_core.o
                0x0000000008008b0a                VL53L0X_set_vcsel_pulse_period
 .text.VL53L0X_get_vcsel_pulse_period
                0x000000000800901c       0x6e Drivers/VL53L0X/core/src/vl53l0x_api_core.o
                0x000000000800901c                VL53L0X_get_vcsel_pulse_period
 .text.VL53L0X_set_measurement_timing_budget_micro_seconds
                0x000000000800908a      0x1c0 Drivers/VL53L0X/core/src/vl53l0x_api_core.o
                0x000000000800908a                VL53L0X_set_measurement_timing_budget_micro_seconds
 .text.VL53L0X_get_measurement_timing_budget_micro_seconds
                0x000000000800924a      0x162 Drivers/VL53L0X/core/src/vl53l0x_api_core.o
                0x000000000800924a                VL53L0X_get_measurement_timing_budget_micro_seconds
 .text.VL53L0X_load_tuning_settings
                0x00000000080093ac      0x1c4 Drivers/VL53L0X/core/src/vl53l0x_api_core.o
                0x00000000080093ac                VL53L0X_load_tuning_settings
 .text.VL53L0X_get_total_xtalk_rate
                0x0000000008009570       0x5e Drivers/VL53L0X/core/src/vl53l0x_api_core.o
                0x0000000008009570                VL53L0X_get_total_xtalk_rate
 .text.VL53L0X_get_total_signal_rate
                0x00000000080095ce       0x4a Drivers/VL53L0X/core/src/vl53l0x_api_core.o
                0x00000000080095ce                VL53L0X_get_total_signal_rate
 .text.VL53L0X_calc_dmax
                0x0000000008009618      0x238 Drivers/VL53L0X/core/src/vl53l0x_api_core.o
                0x0000000008009618                VL53L0X_calc_dmax
 .text.VL53L0X_calc_sigma_estimate
                0x0000000008009850      0x498 Drivers/VL53L0X/core/src/vl53l0x_api_core.o
                0x0000000008009850                VL53L0X_calc_sigma_estimate
 .text.VL53L0X_get_pal_range_status
                0x0000000008009ce8      0x3b6 Drivers/VL53L0X/core/src/vl53l0x_api_core.o
                0x0000000008009ce8                VL53L0X_get_pal_range_status
 .text._I2CWrite
                0x000000000800a09e       0x3e Drivers/VL53L0X/platform/src/vl53l0x_platform.o
                0x000000000800a09e                _I2CWrite
 .text._I2CRead
                0x000000000800a0dc       0x44 Drivers/VL53L0X/platform/src/vl53l0x_platform.o
                0x000000000800a0dc                _I2CRead
 .text.VL53L0X_WriteMulti
                0x000000000800a120       0x60 Drivers/VL53L0X/platform/src/vl53l0x_platform.o
                0x000000000800a120                VL53L0X_WriteMulti
 .text.VL53L0X_ReadMulti
                0x000000000800a180       0x56 Drivers/VL53L0X/platform/src/vl53l0x_platform.o
                0x000000000800a180                VL53L0X_ReadMulti
 *fill*         0x000000000800a1d6        0x2 
 .text.VL53L0X_WrByte
                0x000000000800a1d8       0x48 Drivers/VL53L0X/platform/src/vl53l0x_platform.o
                0x000000000800a1d8                VL53L0X_WrByte
 .text.VL53L0X_WrWord
                0x000000000800a220       0x54 Drivers/VL53L0X/platform/src/vl53l0x_platform.o
                0x000000000800a220                VL53L0X_WrWord
 .text.VL53L0X_UpdateByte
                0x000000000800a274       0x68 Drivers/VL53L0X/platform/src/vl53l0x_platform.o
                0x000000000800a274                VL53L0X_UpdateByte
 .text.VL53L0X_RdByte
                0x000000000800a2dc       0x54 Drivers/VL53L0X/platform/src/vl53l0x_platform.o
                0x000000000800a2dc                VL53L0X_RdByte
 .text.VL53L0X_RdWord
                0x000000000800a330       0x70 Drivers/VL53L0X/platform/src/vl53l0x_platform.o
                0x000000000800a330                VL53L0X_RdWord
 .text.VL53L0X_RdDWord
                0x000000000800a3a0       0x78 Drivers/VL53L0X/platform/src/vl53l0x_platform.o
                0x000000000800a3a0                VL53L0X_RdDWord
 .text.VL53L0X_PollingDelay
                0x000000000800a418       0x1e Drivers/VL53L0X/platform/src/vl53l0x_platform.o
                0x000000000800a418                VL53L0X_PollingDelay
 *fill*         0x000000000800a436        0x2 
 .text.__errno  0x000000000800a438        0xc c:/st/stm32cubeide_1.6.1/stm32cubeide/plugins/com.st.stm32cube.ide.mcu.externaltools.gnu-tools-for-stm32.9-2020-q2-update.win32_1.5.0.202011040924/tools/bin/../lib/gcc/arm-none-eabi/9.3.1/../../../../arm-none-eabi/lib/thumb/v7e-m+fp/hard\libc_nano.a(lib_a-errno.o)
                0x000000000800a438                __errno
 .text.__libc_init_array
                0x000000000800a444       0x48 c:/st/stm32cubeide_1.6.1/stm32cubeide/plugins/com.st.stm32cube.ide.mcu.externaltools.gnu-tools-for-stm32.9-2020-q2-update.win32_1.5.0.202011040924/tools/bin/../lib/gcc/arm-none-eabi/9.3.1/../../../../arm-none-eabi/lib/thumb/v7e-m+fp/hard\libc_nano.a(lib_a-init.o)
                0x000000000800a444                __libc_init_array
 .text.memcpy   0x000000000800a48c       0x1c c:/st/stm32cubeide_1.6.1/stm32cubeide/plugins/com.st.stm32cube.ide.mcu.externaltools.gnu-tools-for-stm32.9-2020-q2-update.win32_1.5.0.202011040924/tools/bin/../lib/gcc/arm-none-eabi/9.3.1/../../../../arm-none-eabi/lib/thumb/v7e-m+fp/hard\libc_nano.a(lib_a-memcpy-stub.o)
                0x000000000800a48c                memcpy
 .text.memset   0x000000000800a4a8       0x10 c:/st/stm32cubeide_1.6.1/stm32cubeide/plugins/com.st.stm32cube.ide.mcu.externaltools.gnu-tools-for-stm32.9-2020-q2-update.win32_1.5.0.202011040924/tools/bin/../lib/gcc/arm-none-eabi/9.3.1/../../../../arm-none-eabi/lib/thumb/v7e-m+fp/hard\libc_nano.a(lib_a-memset.o)
                0x000000000800a4a8                memset
 .text.sprintf  0x000000000800a4b8       0x40 c:/st/stm32cubeide_1.6.1/stm32cubeide/plugins/com.st.stm32cube.ide.mcu.externaltools.gnu-tools-for-stm32.9-2020-q2-update.win32_1.5.0.202011040924/tools/bin/../lib/gcc/arm-none-eabi/9.3.1/../../../../arm-none-eabi/lib/thumb/v7e-m+fp/hard\libc_nano.a(lib_a-sprintf.o)
                0x000000000800a4b8                siprintf
                0x000000000800a4b8                sprintf
 .text.strcpy   0x000000000800a4f8       0x10 c:/st/stm32cubeide_1.6.1/stm32cubeide/plugins/com.st.stm32cube.ide.mcu.externaltools.gnu-tools-for-stm32.9-2020-q2-update.win32_1.5.0.202011040924/tools/bin/../lib/gcc/arm-none-eabi/9.3.1/../../../../arm-none-eabi/lib/thumb/v7e-m+fp/hard\libc_nano.a(lib_a-strcpy.o)
                0x000000000800a4f8                strcpy
 .text.__ssputs_r
                0x000000000800a508       0xb6 c:/st/stm32cubeide_1.6.1/stm32cubeide/plugins/com.st.stm32cube.ide.mcu.externaltools.gnu-tools-for-stm32.9-2020-q2-update.win32_1.5.0.202011040924/tools/bin/../lib/gcc/arm-none-eabi/9.3.1/../../../../arm-none-eabi/lib/thumb/v7e-m+fp/hard\libc_nano.a(lib_a-nano-svfprintf.o)
                0x000000000800a508                __ssputs_r
 *fill*         0x000000000800a5be        0x2 
 .text._svfprintf_r
                0x000000000800a5c0      0x200 c:/st/stm32cubeide_1.6.1/stm32cubeide/plugins/com.st.stm32cube.ide.mcu.externaltools.gnu-tools-for-stm32.9-2020-q2-update.win32_1.5.0.202011040924/tools/bin/../lib/gcc/arm-none-eabi/9.3.1/../../../../arm-none-eabi/lib/thumb/v7e-m+fp/hard\libc_nano.a(lib_a-nano-svfprintf.o)
                0x000000000800a5c0                _svfiprintf_r
                0x000000000800a5c0                _svfprintf_r
 .text._printf_common
                0x000000000800a7c0       0xda c:/st/stm32cubeide_1.6.1/stm32cubeide/plugins/com.st.stm32cube.ide.mcu.externaltools.gnu-tools-for-stm32.9-2020-q2-update.win32_1.5.0.202011040924/tools/bin/../lib/gcc/arm-none-eabi/9.3.1/../../../../arm-none-eabi/lib/thumb/v7e-m+fp/hard\libc_nano.a(lib_a-nano-vfprintf_i.o)
                0x000000000800a7c0                _printf_common
 *fill*         0x000000000800a89a        0x2 
 .text._printf_i
                0x000000000800a89c      0x24c c:/st/stm32cubeide_1.6.1/stm32cubeide/plugins/com.st.stm32cube.ide.mcu.externaltools.gnu-tools-for-stm32.9-2020-q2-update.win32_1.5.0.202011040924/tools/bin/../lib/gcc/arm-none-eabi/9.3.1/../../../../arm-none-eabi/lib/thumb/v7e-m+fp/hard\libc_nano.a(lib_a-nano-vfprintf_i.o)
                0x000000000800a89c                _printf_i
 .text.memmove  0x000000000800aae8       0x34 c:/st/stm32cubeide_1.6.1/stm32cubeide/plugins/com.st.stm32cube.ide.mcu.externaltools.gnu-tools-for-stm32.9-2020-q2-update.win32_1.5.0.202011040924/tools/bin/../lib/gcc/arm-none-eabi/9.3.1/../../../../arm-none-eabi/lib/thumb/v7e-m+fp/hard\libc_nano.a(lib_a-memmove.o)
                0x000000000800aae8                memmove
 .text._free_r  0x000000000800ab1c       0xa0 c:/st/stm32cubeide_1.6.1/stm32cubeide/plugins/com.st.stm32cube.ide.mcu.externaltools.gnu-tools-for-stm32.9-2020-q2-update.win32_1.5.0.202011040924/tools/bin/../lib/gcc/arm-none-eabi/9.3.1/../../../../arm-none-eabi/lib/thumb/v7e-m+fp/hard\libc_nano.a(lib_a-nano-freer.o)
                0x000000000800ab1c                _free_r
 .text._malloc_r
                0x000000000800abbc       0xb4 c:/st/stm32cubeide_1.6.1/stm32cubeide/plugins/com.st.stm32cube.ide.mcu.externaltools.gnu-tools-for-stm32.9-2020-q2-update.win32_1.5.0.202011040924/tools/bin/../lib/gcc/arm-none-eabi/9.3.1/../../../../arm-none-eabi/lib/thumb/v7e-m+fp/hard\libc_nano.a(lib_a-nano-mallocr.o)
                0x000000000800abbc                _malloc_r
 .text._realloc_r
                0x000000000800ac70       0x4c c:/st/stm32cubeide_1.6.1/stm32cubeide/plugins/com.st.stm32cube.ide.mcu.externaltools.gnu-tools-for-stm32.9-2020-q2-update.win32_1.5.0.202011040924/tools/bin/../lib/gcc/arm-none-eabi/9.3.1/../../../../arm-none-eabi/lib/thumb/v7e-m+fp/hard\libc_nano.a(lib_a-nano-reallocr.o)
                0x000000000800ac70                _realloc_r
 .text._sbrk_r  0x000000000800acbc       0x20 c:/st/stm32cubeide_1.6.1/stm32cubeide/plugins/com.st.stm32cube.ide.mcu.externaltools.gnu-tools-for-stm32.9-2020-q2-update.win32_1.5.0.202011040924/tools/bin/../lib/gcc/arm-none-eabi/9.3.1/../../../../arm-none-eabi/lib/thumb/v7e-m+fp/hard\libc_nano.a(lib_a-sbrkr.o)
                0x000000000800acbc                _sbrk_r
 .text.__malloc_lock
                0x000000000800acdc        0xc c:/st/stm32cubeide_1.6.1/stm32cubeide/plugins/com.st.stm32cube.ide.mcu.externaltools.gnu-tools-for-stm32.9-2020-q2-update.win32_1.5.0.202011040924/tools/bin/../lib/gcc/arm-none-eabi/9.3.1/../../../../arm-none-eabi/lib/thumb/v7e-m+fp/hard\libc_nano.a(lib_a-mlock.o)
                0x000000000800acdc                __malloc_lock
 .text.__malloc_unlock
                0x000000000800ace8        0xc c:/st/stm32cubeide_1.6.1/stm32cubeide/plugins/com.st.stm32cube.ide.mcu.externaltools.gnu-tools-for-stm32.9-2020-q2-update.win32_1.5.0.202011040924/tools/bin/../lib/gcc/arm-none-eabi/9.3.1/../../../../arm-none-eabi/lib/thumb/v7e-m+fp/hard\libc_nano.a(lib_a-mlock.o)
                0x000000000800ace8                __malloc_unlock
 .text._malloc_usable_size_r
                0x000000000800acf4       0x10 c:/st/stm32cubeide_1.6.1/stm32cubeide/plugins/com.st.stm32cube.ide.mcu.externaltools.gnu-tools-for-stm32.9-2020-q2-update.win32_1.5.0.202011040924/tools/bin/../lib/gcc/arm-none-eabi/9.3.1/../../../../arm-none-eabi/lib/thumb/v7e-m+fp/hard\libc_nano.a(lib_a-nano-msizer.o)
                0x000000000800acf4                _malloc_usable_size_r
 .text.__retarget_lock_acquire_recursive
                0x000000000800ad04        0x2 c:/st/stm32cubeide_1.6.1/stm32cubeide/plugins/com.st.stm32cube.ide.mcu.externaltools.gnu-tools-for-stm32.9-2020-q2-update.win32_1.5.0.202011040924/tools/bin/../lib/gcc/arm-none-eabi/9.3.1/../../../../arm-none-eabi/lib/thumb/v7e-m+fp/hard\libc_nano.a(lib_a-lock.o)
                0x000000000800ad04                __retarget_lock_acquire_recursive
 .text.__retarget_lock_release_recursive
                0x000000000800ad06        0x2 c:/st/stm32cubeide_1.6.1/stm32cubeide/plugins/com.st.stm32cube.ide.mcu.externaltools.gnu-tools-for-stm32.9-2020-q2-update.win32_1.5.0.202011040924/tools/bin/../lib/gcc/arm-none-eabi/9.3.1/../../../../arm-none-eabi/lib/thumb/v7e-m+fp/hard\libc_nano.a(lib_a-lock.o)
                0x000000000800ad06                __retarget_lock_release_recursive
 *(.glue_7)
 .glue_7        0x000000000800ad08        0x0 linker stubs
 *(.glue_7t)
 .glue_7t       0x000000000800ad08        0x0 linker stubs
 *(.eh_frame)
 .eh_frame      0x000000000800ad08        0x0 c:/st/stm32cubeide_1.6.1/stm32cubeide/plugins/com.st.stm32cube.ide.mcu.externaltools.gnu-tools-for-stm32.9-2020-q2-update.win32_1.5.0.202011040924/tools/bin/../lib/gcc/arm-none-eabi/9.3.1/thumb/v7e-m+fp/hard/crtbegin.o
 *(.init)
 .init          0x000000000800ad08        0x4 c:/st/stm32cubeide_1.6.1/stm32cubeide/plugins/com.st.stm32cube.ide.mcu.externaltools.gnu-tools-for-stm32.9-2020-q2-update.win32_1.5.0.202011040924/tools/bin/../lib/gcc/arm-none-eabi/9.3.1/thumb/v7e-m+fp/hard/crti.o
                0x000000000800ad08                _init
 .init          0x000000000800ad0c        0x8 c:/st/stm32cubeide_1.6.1/stm32cubeide/plugins/com.st.stm32cube.ide.mcu.externaltools.gnu-tools-for-stm32.9-2020-q2-update.win32_1.5.0.202011040924/tools/bin/../lib/gcc/arm-none-eabi/9.3.1/thumb/v7e-m+fp/hard/crtn.o
 *(.fini)
 .fini          0x000000000800ad14        0x4 c:/st/stm32cubeide_1.6.1/stm32cubeide/plugins/com.st.stm32cube.ide.mcu.externaltools.gnu-tools-for-stm32.9-2020-q2-update.win32_1.5.0.202011040924/tools/bin/../lib/gcc/arm-none-eabi/9.3.1/thumb/v7e-m+fp/hard/crti.o
                0x000000000800ad14                _fini
 .fini          0x000000000800ad18        0x8 c:/st/stm32cubeide_1.6.1/stm32cubeide/plugins/com.st.stm32cube.ide.mcu.externaltools.gnu-tools-for-stm32.9-2020-q2-update.win32_1.5.0.202011040924/tools/bin/../lib/gcc/arm-none-eabi/9.3.1/thumb/v7e-m+fp/hard/crtn.o
                0x000000000800ad20                . = ALIGN (0x4)
                0x000000000800ad20                _etext = .

.vfp11_veneer   0x000000000800ad20        0x0
 .vfp11_veneer  0x000000000800ad20        0x0 linker stubs

.v4_bx          0x000000000800ad20        0x0
 .v4_bx         0x000000000800ad20        0x0 linker stubs

.iplt           0x000000000800ad20        0x0
 .iplt          0x000000000800ad20        0x0 c:/st/stm32cubeide_1.6.1/stm32cubeide/plugins/com.st.stm32cube.ide.mcu.externaltools.gnu-tools-for-stm32.9-2020-q2-update.win32_1.5.0.202011040924/tools/bin/../lib/gcc/arm-none-eabi/9.3.1/thumb/v7e-m+fp/hard/crtbegin.o

.rodata         0x000000000800ad20       0x80
                0x000000000800ad20                . = ALIGN (0x4)
 *(.rodata)
 .rodata        0x000000000800ad20       0x34 Core/Src/main.o
 *(.rodata*)
 .rodata.AHBPrescTable
                0x000000000800ad54       0x10 Core/Src/system_stm32f4xx.o
                0x000000000800ad54                AHBPrescTable
 .rodata.APBPrescTable
                0x000000000800ad64        0x8 Core/Src/system_stm32f4xx.o
                0x000000000800ad64                APBPrescTable
 .rodata._svfprintf_r.str1.1
                0x000000000800ad6c       0x11 c:/st/stm32cubeide_1.6.1/stm32cubeide/plugins/com.st.stm32cube.ide.mcu.externaltools.gnu-tools-for-stm32.9-2020-q2-update.win32_1.5.0.202011040924/tools/bin/../lib/gcc/arm-none-eabi/9.3.1/../../../../arm-none-eabi/lib/thumb/v7e-m+fp/hard\libc_nano.a(lib_a-nano-svfprintf.o)
 .rodata._printf_i.str1.1
                0x000000000800ad7d       0x22 c:/st/stm32cubeide_1.6.1/stm32cubeide/plugins/com.st.stm32cube.ide.mcu.externaltools.gnu-tools-for-stm32.9-2020-q2-update.win32_1.5.0.202011040924/tools/bin/../lib/gcc/arm-none-eabi/9.3.1/../../../../arm-none-eabi/lib/thumb/v7e-m+fp/hard\libc_nano.a(lib_a-nano-vfprintf_i.o)
                0x000000000800ada0                . = ALIGN (0x4)
 *fill*         0x000000000800ad9f        0x1 

.ARM.extab      0x000000000800ada0        0x0
                0x000000000800ada0                . = ALIGN (0x4)
 *(.ARM.extab* .gnu.linkonce.armextab.*)
                0x000000000800ada0                . = ALIGN (0x4)

.ARM            0x000000000800ada0        0x8
                0x000000000800ada0                . = ALIGN (0x4)
                0x000000000800ada0                __exidx_start = .
 *(.ARM.exidx*)
 .ARM.exidx     0x000000000800ada0        0x8 c:/st/stm32cubeide_1.6.1/stm32cubeide/plugins/com.st.stm32cube.ide.mcu.externaltools.gnu-tools-for-stm32.9-2020-q2-update.win32_1.5.0.202011040924/tools/bin/../lib/gcc/arm-none-eabi/9.3.1/thumb/v7e-m+fp/hard\libgcc.a(_udivmoddi4.o)
                0x000000000800ada8                __exidx_end = .
                0x000000000800ada8                . = ALIGN (0x4)

.rel.dyn        0x000000000800ada8        0x0
 .rel.iplt      0x000000000800ada8        0x0 c:/st/stm32cubeide_1.6.1/stm32cubeide/plugins/com.st.stm32cube.ide.mcu.externaltools.gnu-tools-for-stm32.9-2020-q2-update.win32_1.5.0.202011040924/tools/bin/../lib/gcc/arm-none-eabi/9.3.1/thumb/v7e-m+fp/hard/crtbegin.o

.preinit_array  0x000000000800ada8        0x0
                0x000000000800ada8                . = ALIGN (0x4)
                0x000000000800ada8                PROVIDE (__preinit_array_start = .)
 *(.preinit_array*)
                0x000000000800ada8                PROVIDE (__preinit_array_end = .)
                0x000000000800ada8                . = ALIGN (0x4)

.init_array     0x000000000800ada8        0x4
                0x000000000800ada8                . = ALIGN (0x4)
                0x000000000800ada8                PROVIDE (__init_array_start = .)
 *(SORT_BY_NAME(.init_array.*))
 *(.init_array*)
 .init_array    0x000000000800ada8        0x4 c:/st/stm32cubeide_1.6.1/stm32cubeide/plugins/com.st.stm32cube.ide.mcu.externaltools.gnu-tools-for-stm32.9-2020-q2-update.win32_1.5.0.202011040924/tools/bin/../lib/gcc/arm-none-eabi/9.3.1/thumb/v7e-m+fp/hard/crtbegin.o
                0x000000000800adac                PROVIDE (__init_array_end = .)
                0x000000000800adac                . = ALIGN (0x4)

.fini_array     0x000000000800adac        0x4
                0x000000000800adac                . = ALIGN (0x4)
                [!provide]                        PROVIDE (__fini_array_start = .)
 *(SORT_BY_NAME(.fini_array.*))
 *(.fini_array*)
 .fini_array    0x000000000800adac        0x4 c:/st/stm32cubeide_1.6.1/stm32cubeide/plugins/com.st.stm32cube.ide.mcu.externaltools.gnu-tools-for-stm32.9-2020-q2-update.win32_1.5.0.202011040924/tools/bin/../lib/gcc/arm-none-eabi/9.3.1/thumb/v7e-m+fp/hard/crtbegin.o
                [!provide]                        PROVIDE (__fini_array_end = .)
                0x000000000800adb0                . = ALIGN (0x4)
                0x000000000800adb0                _sidata = LOADADDR (.data)

.data           0x0000000020000000      0x3a0 load address 0x000000000800adb0
                0x0000000020000000                . = ALIGN (0x4)
                0x0000000020000000                _sdata = .
 *(.data)
 *(.data*)
 .data.Dev      0x0000000020000000        0x4 Core/Src/main.o
                0x0000000020000000                Dev
 .data.controllers
                0x0000000020000004       0x70 Core/Src/main.o
 .data.SystemCoreClock
                0x0000000020000074        0x4 Core/Src/system_stm32f4xx.o
                0x0000000020000074                SystemCoreClock
 .data.uwTickPrio
                0x0000000020000078        0x4 Drivers/STM32F4xx_HAL_Driver/Src/stm32f4xx_hal.o
                0x0000000020000078                uwTickPrio
 .data.uwTickFreq
                0x000000002000007c        0x1 Drivers/STM32F4xx_HAL_Driver/Src/stm32f4xx_hal.o
                0x000000002000007c                uwTickFreq
 *fill*         0x000000002000007d        0x3 
 .data.InterruptThresholdSettings
                0x0000000020000080      0x1b6 Drivers/VL53L0X/core/src/vl53l0x_api.o
                0x0000000020000080                InterruptThresholdSettings
 *fill*         0x0000000020000236        0x2 
 .data.DefaultTuningSettings
                0x0000000020000238       0xf3 Drivers/VL53L0X/core/src/vl53l0x_api.o
                0x0000000020000238                DefaultTuningSettings
 *fill*         0x000000002000032b        0x1 
 .data.refArrayQuadrants
                0x000000002000032c       0x10 Drivers/VL53L0X/core/src/vl53l0x_api_calibration.o
                0x000000002000032c                refArrayQuadrants
 .data._impure_ptr
                0x000000002000033c        0x4 c:/st/stm32cubeide_1.6.1/stm32cubeide/plugins/com.st.stm32cube.ide.mcu.externaltools.gnu-tools-for-stm32.9-2020-q2-update.win32_1.5.0.202011040924/tools/bin/../lib/gcc/arm-none-eabi/9.3.1/../../../../arm-none-eabi/lib/thumb/v7e-m+fp/hard\libc_nano.a(lib_a-impure.o)
                0x000000002000033c                _impure_ptr
 .data.impure_data
                0x0000000020000340       0x60 c:/st/stm32cubeide_1.6.1/stm32cubeide/plugins/com.st.stm32cube.ide.mcu.externaltools.gnu-tools-for-stm32.9-2020-q2-update.win32_1.5.0.202011040924/tools/bin/../lib/gcc/arm-none-eabi/9.3.1/../../../../arm-none-eabi/lib/thumb/v7e-m+fp/hard\libc_nano.a(lib_a-impure.o)
 *(.RamFunc)
 *(.RamFunc*)
                0x00000000200003a0                . = ALIGN (0x4)
                0x00000000200003a0                _edata = .

.igot.plt       0x00000000200003a0        0x0 load address 0x000000000800b150
 .igot.plt      0x00000000200003a0        0x0 c:/st/stm32cubeide_1.6.1/stm32cubeide/plugins/com.st.stm32cube.ide.mcu.externaltools.gnu-tools-for-stm32.9-2020-q2-update.win32_1.5.0.202011040924/tools/bin/../lib/gcc/arm-none-eabi/9.3.1/thumb/v7e-m+fp/hard/crtbegin.o
                0x00000000200003a0                . = ALIGN (0x4)

.bss            0x00000000200003a0      0x4e0 load address 0x000000000800b150
                0x00000000200003a0                _sbss = .
                0x00000000200003a0                __bss_start__ = _sbss
 *(.bss)
 .bss           0x00000000200003a0       0x1c c:/st/stm32cubeide_1.6.1/stm32cubeide/plugins/com.st.stm32cube.ide.mcu.externaltools.gnu-tools-for-stm32.9-2020-q2-update.win32_1.5.0.202011040924/tools/bin/../lib/gcc/arm-none-eabi/9.3.1/thumb/v7e-m+fp/hard/crtbegin.o
 *(.bss*)
 .bss.__sbrk_heap_end
                0x00000000200003bc        0x4 Core/Src/sysmem.o
 .bss.__malloc_free_list
                0x00000000200003c0        0x4 c:/st/stm32cubeide_1.6.1/stm32cubeide/plugins/com.st.stm32cube.ide.mcu.externaltools.gnu-tools-for-stm32.9-2020-q2-update.win32_1.5.0.202011040924/tools/bin/../lib/gcc/arm-none-eabi/9.3.1/../../../../arm-none-eabi/lib/thumb/v7e-m+fp/hard\libc_nano.a(lib_a-nano-mallocr.o)
                0x00000000200003c0                __malloc_free_list
 .bss.__malloc_sbrk_start
                0x00000000200003c4        0x4 c:/st/stm32cubeide_1.6.1/stm32cubeide/plugins/com.st.stm32cube.ide.mcu.externaltools.gnu-tools-for-stm32.9-2020-q2-update.win32_1.5.0.202011040924/tools/bin/../lib/gcc/arm-none-eabi/9.3.1/../../../../arm-none-eabi/lib/thumb/v7e-m+fp/hard\libc_nano.a(lib_a-nano-mallocr.o)
                0x00000000200003c4                __malloc_sbrk_start
 *(COMMON)
 COMMON         0x00000000200003c8      0x464 Core/Src/main.o
                0x00000000200003c8                hi2c3
                0x000000002000041c                hspi2
                0x0000000020000474                RangingData
                0x0000000020000490                htim8
                0x00000000200004d8                hi2c1
                0x000000002000052c                hi2c2
                0x0000000020000580                MessageLen
                0x0000000020000584                Message
                0x00000000200005c4                hfmpi2c1
                0x0000000020000610                htim1
                0x0000000020000658                vl53l0x_c
                0x00000000200007e8                huart2
 COMMON         0x000000002000082c        0x4 Drivers/STM32F4xx_HAL_Driver/Src/stm32f4xx_hal.o
                0x000000002000082c                uwTick
 COMMON         0x0000000020000830       0x40 Drivers/VL53L0X/platform/src/vl53l0x_platform.o
                0x0000000020000830                _I2CBuffer
 COMMON         0x0000000020000870        0x4 c:/st/stm32cubeide_1.6.1/stm32cubeide/plugins/com.st.stm32cube.ide.mcu.externaltools.gnu-tools-for-stm32.9-2020-q2-update.win32_1.5.0.202011040924/tools/bin/../lib/gcc/arm-none-eabi/9.3.1/../../../../arm-none-eabi/lib/thumb/v7e-m+fp/hard\libc_nano.a(lib_a-reent.o)
                0x0000000020000870                errno
 COMMON         0x0000000020000874        0x9 c:/st/stm32cubeide_1.6.1/stm32cubeide/plugins/com.st.stm32cube.ide.mcu.externaltools.gnu-tools-for-stm32.9-2020-q2-update.win32_1.5.0.202011040924/tools/bin/../lib/gcc/arm-none-eabi/9.3.1/../../../../arm-none-eabi/lib/thumb/v7e-m+fp/hard\libc_nano.a(lib_a-lock.o)
                0x0000000020000874                __lock___atexit_recursive_mutex
                0x0000000020000875                __lock___arc4random_mutex
                0x0000000020000876                __lock___env_recursive_mutex
                0x0000000020000877                __lock___sinit_recursive_mutex
                0x0000000020000878                __lock___malloc_recursive_mutex
                0x0000000020000879                __lock___at_quick_exit_mutex
                0x000000002000087a                __lock___dd_hash_mutex
                0x000000002000087b                __lock___tz_mutex
                0x000000002000087c                __lock___sfp_recursive_mutex
                0x0000000020000880                . = ALIGN (0x4)
 *fill*         0x000000002000087d        0x3 
                0x0000000020000880                _ebss = .
                0x0000000020000880                __bss_end__ = _ebss

._user_heap_stack
                0x0000000020000880      0x600 load address 0x000000000800b150
                0x0000000020000880                . = ALIGN (0x8)
                [!provide]                        PROVIDE (end = .)
                0x0000000020000880                PROVIDE (_end = .)
                0x0000000020000a80                . = (. + _Min_Heap_Size)
 *fill*         0x0000000020000880      0x200 
                0x0000000020000e80                . = (. + _Min_Stack_Size)
 *fill*         0x0000000020000a80      0x400 
                0x0000000020000e80                . = ALIGN (0x8)

/DISCARD/
 libc.a(*)
 libm.a(*)
 libgcc.a(*)

.ARM.attributes
                0x0000000000000000       0x30
 *(.ARM.attributes)
 .ARM.attributes
                0x0000000000000000       0x1e c:/st/stm32cubeide_1.6.1/stm32cubeide/plugins/com.st.stm32cube.ide.mcu.externaltools.gnu-tools-for-stm32.9-2020-q2-update.win32_1.5.0.202011040924/tools/bin/../lib/gcc/arm-none-eabi/9.3.1/thumb/v7e-m+fp/hard/crti.o
 .ARM.attributes
                0x000000000000001e       0x34 c:/st/stm32cubeide_1.6.1/stm32cubeide/plugins/com.st.stm32cube.ide.mcu.externaltools.gnu-tools-for-stm32.9-2020-q2-update.win32_1.5.0.202011040924/tools/bin/../lib/gcc/arm-none-eabi/9.3.1/thumb/v7e-m+fp/hard/crtbegin.o
 .ARM.attributes
                0x0000000000000052       0x34 Core/Src/l298n_motor_controller.o
 .ARM.attributes
                0x0000000000000086       0x34 Core/Src/main.o
 .ARM.attributes
                0x00000000000000ba       0x34 Core/Src/stm32f4xx_hal_msp.o
 .ARM.attributes
                0x00000000000000ee       0x34 Core/Src/stm32f4xx_it.o
 .ARM.attributes
                0x0000000000000122       0x34 Core/Src/sysmem.o
 .ARM.attributes
                0x0000000000000156       0x34 Core/Src/system_stm32f4xx.o
 .ARM.attributes
                0x000000000000018a       0x21 Core/Startup/startup_stm32f446retx.o
 .ARM.attributes
                0x00000000000001ab       0x34 Drivers/STM32F4xx_HAL_Driver/Src/stm32f4xx_hal.o
 .ARM.attributes
                0x00000000000001df       0x34 Drivers/STM32F4xx_HAL_Driver/Src/stm32f4xx_hal_cortex.o
 .ARM.attributes
                0x0000000000000213       0x34 Drivers/STM32F4xx_HAL_Driver/Src/stm32f4xx_hal_fmpi2c.o
 .ARM.attributes
                0x0000000000000247       0x34 Drivers/STM32F4xx_HAL_Driver/Src/stm32f4xx_hal_fmpi2c_ex.o
 .ARM.attributes
                0x000000000000027b       0x34 Drivers/STM32F4xx_HAL_Driver/Src/stm32f4xx_hal_gpio.o
 .ARM.attributes
                0x00000000000002af       0x34 Drivers/STM32F4xx_HAL_Driver/Src/stm32f4xx_hal_i2c.o
 .ARM.attributes
                0x00000000000002e3       0x34 Drivers/STM32F4xx_HAL_Driver/Src/stm32f4xx_hal_rcc.o
 .ARM.attributes
                0x0000000000000317       0x34 Drivers/STM32F4xx_HAL_Driver/Src/stm32f4xx_hal_rcc_ex.o
 .ARM.attributes
                0x000000000000034b       0x34 Drivers/STM32F4xx_HAL_Driver/Src/stm32f4xx_hal_spi.o
 .ARM.attributes
                0x000000000000037f       0x34 Drivers/STM32F4xx_HAL_Driver/Src/stm32f4xx_hal_tim.o
 .ARM.attributes
                0x00000000000003b3       0x34 Drivers/STM32F4xx_HAL_Driver/Src/stm32f4xx_hal_tim_ex.o
 .ARM.attributes
                0x00000000000003e7       0x34 Drivers/STM32F4xx_HAL_Driver/Src/stm32f4xx_hal_uart.o
 .ARM.attributes
                0x000000000000041b       0x34 Drivers/VL53L0X/core/src/vl53l0x_api.o
 .ARM.attributes
                0x000000000000044f       0x34 Drivers/VL53L0X/core/src/vl53l0x_api_calibration.o
 .ARM.attributes
                0x0000000000000483       0x34 Drivers/VL53L0X/core/src/vl53l0x_api_core.o
 .ARM.attributes
                0x00000000000004b7       0x34 Drivers/VL53L0X/platform/src/vl53l0x_platform.o
 .ARM.attributes
                0x00000000000004eb       0x34 c:/st/stm32cubeide_1.6.1/stm32cubeide/plugins/com.st.stm32cube.ide.mcu.externaltools.gnu-tools-for-stm32.9-2020-q2-update.win32_1.5.0.202011040924/tools/bin/../lib/gcc/arm-none-eabi/9.3.1/../../../../arm-none-eabi/lib/thumb/v7e-m+fp/hard\libc_nano.a(lib_a-errno.o)
 .ARM.attributes
                0x000000000000051f       0x32 c:/st/stm32cubeide_1.6.1/stm32cubeide/plugins/com.st.stm32cube.ide.mcu.externaltools.gnu-tools-for-stm32.9-2020-q2-update.win32_1.5.0.202011040924/tools/bin/../lib/gcc/arm-none-eabi/9.3.1/../../../../arm-none-eabi/lib/thumb/v7e-m+fp/hard\libc_nano.a(lib_a-impure.o)
 .ARM.attributes
                0x0000000000000551       0x34 c:/st/stm32cubeide_1.6.1/stm32cubeide/plugins/com.st.stm32cube.ide.mcu.externaltools.gnu-tools-for-stm32.9-2020-q2-update.win32_1.5.0.202011040924/tools/bin/../lib/gcc/arm-none-eabi/9.3.1/../../../../arm-none-eabi/lib/thumb/v7e-m+fp/hard\libc_nano.a(lib_a-init.o)
 .ARM.attributes
                0x0000000000000585       0x34 c:/st/stm32cubeide_1.6.1/stm32cubeide/plugins/com.st.stm32cube.ide.mcu.externaltools.gnu-tools-for-stm32.9-2020-q2-update.win32_1.5.0.202011040924/tools/bin/../lib/gcc/arm-none-eabi/9.3.1/../../../../arm-none-eabi/lib/thumb/v7e-m+fp/hard\libc_nano.a(lib_a-memcpy-stub.o)
 .ARM.attributes
                0x00000000000005b9       0x34 c:/st/stm32cubeide_1.6.1/stm32cubeide/plugins/com.st.stm32cube.ide.mcu.externaltools.gnu-tools-for-stm32.9-2020-q2-update.win32_1.5.0.202011040924/tools/bin/../lib/gcc/arm-none-eabi/9.3.1/../../../../arm-none-eabi/lib/thumb/v7e-m+fp/hard\libc_nano.a(lib_a-memset.o)
 .ARM.attributes
                0x00000000000005ed       0x34 c:/st/stm32cubeide_1.6.1/stm32cubeide/plugins/com.st.stm32cube.ide.mcu.externaltools.gnu-tools-for-stm32.9-2020-q2-update.win32_1.5.0.202011040924/tools/bin/../lib/gcc/arm-none-eabi/9.3.1/../../../../arm-none-eabi/lib/thumb/v7e-m+fp/hard\libc_nano.a(lib_a-sprintf.o)
 .ARM.attributes
                0x0000000000000621       0x34 c:/st/stm32cubeide_1.6.1/stm32cubeide/plugins/com.st.stm32cube.ide.mcu.externaltools.gnu-tools-for-stm32.9-2020-q2-update.win32_1.5.0.202011040924/tools/bin/../lib/gcc/arm-none-eabi/9.3.1/../../../../arm-none-eabi/lib/thumb/v7e-m+fp/hard\libc_nano.a(lib_a-strcpy.o)
 .ARM.attributes
                0x0000000000000655       0x34 c:/st/stm32cubeide_1.6.1/stm32cubeide/plugins/com.st.stm32cube.ide.mcu.externaltools.gnu-tools-for-stm32.9-2020-q2-update.win32_1.5.0.202011040924/tools/bin/../lib/gcc/arm-none-eabi/9.3.1/../../../../arm-none-eabi/lib/thumb/v7e-m+fp/hard\libc_nano.a(lib_a-nano-svfprintf.o)
 .ARM.attributes
                0x0000000000000689       0x34 c:/st/stm32cubeide_1.6.1/stm32cubeide/plugins/com.st.stm32cube.ide.mcu.externaltools.gnu-tools-for-stm32.9-2020-q2-update.win32_1.5.0.202011040924/tools/bin/../lib/gcc/arm-none-eabi/9.3.1/../../../../arm-none-eabi/lib/thumb/v7e-m+fp/hard\libc_nano.a(lib_a-nano-vfprintf_i.o)
 .ARM.attributes
                0x00000000000006bd       0x1c c:/st/stm32cubeide_1.6.1/stm32cubeide/plugins/com.st.stm32cube.ide.mcu.externaltools.gnu-tools-for-stm32.9-2020-q2-update.win32_1.5.0.202011040924/tools/bin/../lib/gcc/arm-none-eabi/9.3.1/../../../../arm-none-eabi/lib/thumb/v7e-m+fp/hard\libc_nano.a(lib_a-memchr.o)
 .ARM.attributes
                0x00000000000006d9       0x34 c:/st/stm32cubeide_1.6.1/stm32cubeide/plugins/com.st.stm32cube.ide.mcu.externaltools.gnu-tools-for-stm32.9-2020-q2-update.win32_1.5.0.202011040924/tools/bin/../lib/gcc/arm-none-eabi/9.3.1/../../../../arm-none-eabi/lib/thumb/v7e-m+fp/hard\libc_nano.a(lib_a-memmove.o)
 .ARM.attributes
                0x000000000000070d       0x34 c:/st/stm32cubeide_1.6.1/stm32cubeide/plugins/com.st.stm32cube.ide.mcu.externaltools.gnu-tools-for-stm32.9-2020-q2-update.win32_1.5.0.202011040924/tools/bin/../lib/gcc/arm-none-eabi/9.3.1/../../../../arm-none-eabi/lib/thumb/v7e-m+fp/hard\libc_nano.a(lib_a-nano-freer.o)
 .ARM.attributes
                0x0000000000000741       0x34 c:/st/stm32cubeide_1.6.1/stm32cubeide/plugins/com.st.stm32cube.ide.mcu.externaltools.gnu-tools-for-stm32.9-2020-q2-update.win32_1.5.0.202011040924/tools/bin/../lib/gcc/arm-none-eabi/9.3.1/../../../../arm-none-eabi/lib/thumb/v7e-m+fp/hard\libc_nano.a(lib_a-nano-mallocr.o)
 .ARM.attributes
                0x0000000000000775       0x34 c:/st/stm32cubeide_1.6.1/stm32cubeide/plugins/com.st.stm32cube.ide.mcu.externaltools.gnu-tools-for-stm32.9-2020-q2-update.win32_1.5.0.202011040924/tools/bin/../lib/gcc/arm-none-eabi/9.3.1/../../../../arm-none-eabi/lib/thumb/v7e-m+fp/hard\libc_nano.a(lib_a-nano-reallocr.o)
 .ARM.attributes
                0x00000000000007a9       0x34 c:/st/stm32cubeide_1.6.1/stm32cubeide/plugins/com.st.stm32cube.ide.mcu.externaltools.gnu-tools-for-stm32.9-2020-q2-update.win32_1.5.0.202011040924/tools/bin/../lib/gcc/arm-none-eabi/9.3.1/../../../../arm-none-eabi/lib/thumb/v7e-m+fp/hard\libc_nano.a(lib_a-sbrkr.o)
 .ARM.attributes
                0x00000000000007dd       0x34 c:/st/stm32cubeide_1.6.1/stm32cubeide/plugins/com.st.stm32cube.ide.mcu.externaltools.gnu-tools-for-stm32.9-2020-q2-update.win32_1.5.0.202011040924/tools/bin/../lib/gcc/arm-none-eabi/9.3.1/../../../../arm-none-eabi/lib/thumb/v7e-m+fp/hard\libc_nano.a(lib_a-mlock.o)
 .ARM.attributes
                0x0000000000000811       0x34 c:/st/stm32cubeide_1.6.1/stm32cubeide/plugins/com.st.stm32cube.ide.mcu.externaltools.gnu-tools-for-stm32.9-2020-q2-update.win32_1.5.0.202011040924/tools/bin/../lib/gcc/arm-none-eabi/9.3.1/../../../../arm-none-eabi/lib/thumb/v7e-m+fp/hard\libc_nano.a(lib_a-nano-msizer.o)
 .ARM.attributes
                0x0000000000000845       0x34 c:/st/stm32cubeide_1.6.1/stm32cubeide/plugins/com.st.stm32cube.ide.mcu.externaltools.gnu-tools-for-stm32.9-2020-q2-update.win32_1.5.0.202011040924/tools/bin/../lib/gcc/arm-none-eabi/9.3.1/../../../../arm-none-eabi/lib/thumb/v7e-m+fp/hard\libc_nano.a(lib_a-reent.o)
 .ARM.attributes
                0x0000000000000879       0x34 c:/st/stm32cubeide_1.6.1/stm32cubeide/plugins/com.st.stm32cube.ide.mcu.externaltools.gnu-tools-for-stm32.9-2020-q2-update.win32_1.5.0.202011040924/tools/bin/../lib/gcc/arm-none-eabi/9.3.1/../../../../arm-none-eabi/lib/thumb/v7e-m+fp/hard\libc_nano.a(lib_a-lock.o)
 .ARM.attributes
                0x00000000000008ad       0x1e c:/st/stm32cubeide_1.6.1/stm32cubeide/plugins/com.st.stm32cube.ide.mcu.externaltools.gnu-tools-for-stm32.9-2020-q2-update.win32_1.5.0.202011040924/tools/bin/../lib/gcc/arm-none-eabi/9.3.1/thumb/v7e-m+fp/hard\libgcc.a(_aeabi_uldivmod.o)
 .ARM.attributes
                0x00000000000008cb       0x34 c:/st/stm32cubeide_1.6.1/stm32cubeide/plugins/com.st.stm32cube.ide.mcu.externaltools.gnu-tools-for-stm32.9-2020-q2-update.win32_1.5.0.202011040924/tools/bin/../lib/gcc/arm-none-eabi/9.3.1/thumb/v7e-m+fp/hard\libgcc.a(_udivmoddi4.o)
 .ARM.attributes
                0x00000000000008ff       0x1e c:/st/stm32cubeide_1.6.1/stm32cubeide/plugins/com.st.stm32cube.ide.mcu.externaltools.gnu-tools-for-stm32.9-2020-q2-update.win32_1.5.0.202011040924/tools/bin/../lib/gcc/arm-none-eabi/9.3.1/thumb/v7e-m+fp/hard\libgcc.a(_dvmd_tls.o)
 .ARM.attributes
                0x000000000000091d       0x1e c:/st/stm32cubeide_1.6.1/stm32cubeide/plugins/com.st.stm32cube.ide.mcu.externaltools.gnu-tools-for-stm32.9-2020-q2-update.win32_1.5.0.202011040924/tools/bin/../lib/gcc/arm-none-eabi/9.3.1/thumb/v7e-m+fp/hard/crtn.o
OUTPUT(mte380.elf elf32-littlearm)
LOAD linker stubs
LOAD c:/st/stm32cubeide_1.6.1/stm32cubeide/plugins/com.st.stm32cube.ide.mcu.externaltools.gnu-tools-for-stm32.9-2020-q2-update.win32_1.5.0.202011040924/tools/bin/../lib/gcc/arm-none-eabi/9.3.1/../../../../arm-none-eabi/lib/thumb/v7e-m+fp/hard\libc.a
LOAD c:/st/stm32cubeide_1.6.1/stm32cubeide/plugins/com.st.stm32cube.ide.mcu.externaltools.gnu-tools-for-stm32.9-2020-q2-update.win32_1.5.0.202011040924/tools/bin/../lib/gcc/arm-none-eabi/9.3.1/../../../../arm-none-eabi/lib/thumb/v7e-m+fp/hard\libm.a
LOAD c:/st/stm32cubeide_1.6.1/stm32cubeide/plugins/com.st.stm32cube.ide.mcu.externaltools.gnu-tools-for-stm32.9-2020-q2-update.win32_1.5.0.202011040924/tools/bin/../lib/gcc/arm-none-eabi/9.3.1/thumb/v7e-m+fp/hard\libgcc.a

.debug_info     0x0000000000000000    0x2209b
 .debug_info    0x0000000000000000      0x9bf Core/Src/l298n_motor_controller.o
 .debug_info    0x00000000000009bf     0x2dac Core/Src/main.o
 .debug_info    0x000000000000376b     0x199c Core/Src/stm32f4xx_hal_msp.o
 .debug_info    0x0000000000005107      0x222 Core/Src/stm32f4xx_it.o
 .debug_info    0x0000000000005329      0xa25 Core/Src/sysmem.o
 .debug_info    0x0000000000005d4e      0x5dc Core/Src/system_stm32f4xx.o
 .debug_info    0x000000000000632a       0x22 Core/Startup/startup_stm32f446retx.o
 .debug_info    0x000000000000634c      0xa08 Drivers/STM32F4xx_HAL_Driver/Src/stm32f4xx_hal.o
 .debug_info    0x0000000000006d54      0xef5 Drivers/STM32F4xx_HAL_Driver/Src/stm32f4xx_hal_cortex.o
 .debug_info    0x0000000000007c49     0x221e Drivers/STM32F4xx_HAL_Driver/Src/stm32f4xx_hal_fmpi2c.o
 .debug_info    0x0000000000009e67      0xab8 Drivers/STM32F4xx_HAL_Driver/Src/stm32f4xx_hal_fmpi2c_ex.o
 .debug_info    0x000000000000a91f      0x892 Drivers/STM32F4xx_HAL_Driver/Src/stm32f4xx_hal_gpio.o
 .debug_info    0x000000000000b1b1     0x265b Drivers/STM32F4xx_HAL_Driver/Src/stm32f4xx_hal_i2c.o
 .debug_info    0x000000000000d80c      0x9db Drivers/STM32F4xx_HAL_Driver/Src/stm32f4xx_hal_rcc.o
 .debug_info    0x000000000000e1e7      0xa86 Drivers/STM32F4xx_HAL_Driver/Src/stm32f4xx_hal_rcc_ex.o
 .debug_info    0x000000000000ec6d     0x17c0 Drivers/STM32F4xx_HAL_Driver/Src/stm32f4xx_hal_spi.o
 .debug_info    0x000000000001042d     0x2c22 Drivers/STM32F4xx_HAL_Driver/Src/stm32f4xx_hal_tim.o
 .debug_info    0x000000000001304f     0x15a2 Drivers/STM32F4xx_HAL_Driver/Src/stm32f4xx_hal_tim_ex.o
 .debug_info    0x00000000000145f1     0x31de Drivers/STM32F4xx_HAL_Driver/Src/stm32f4xx_hal_uart.o
 .debug_info    0x00000000000177cf     0x3d44 Drivers/VL53L0X/core/src/vl53l0x_api.o
 .debug_info    0x000000000001b513     0x256a Drivers/VL53L0X/core/src/vl53l0x_api_calibration.o
 .debug_info    0x000000000001da7d     0x2ac1 Drivers/VL53L0X/core/src/vl53l0x_api_core.o
 .debug_info    0x000000000002053e     0x1b5d Drivers/VL53L0X/platform/src/vl53l0x_platform.o

.debug_abbrev   0x0000000000000000     0x32a3
 .debug_abbrev  0x0000000000000000      0x1de Core/Src/l298n_motor_controller.o
 .debug_abbrev  0x00000000000001de      0x316 Core/Src/main.o
 .debug_abbrev  0x00000000000004f4      0x224 Core/Src/stm32f4xx_hal_msp.o
 .debug_abbrev  0x0000000000000718       0xd2 Core/Src/stm32f4xx_it.o
 .debug_abbrev  0x00000000000007ea      0x1bf Core/Src/sysmem.o
 .debug_abbrev  0x00000000000009a9      0x145 Core/Src/system_stm32f4xx.o
 .debug_abbrev  0x0000000000000aee       0x12 Core/Startup/startup_stm32f446retx.o
 .debug_abbrev  0x0000000000000b00      0x1ed Drivers/STM32F4xx_HAL_Driver/Src/stm32f4xx_hal.o
 .debug_abbrev  0x0000000000000ced      0x33c Drivers/STM32F4xx_HAL_Driver/Src/stm32f4xx_hal_cortex.o
 .debug_abbrev  0x0000000000001029      0x256 Drivers/STM32F4xx_HAL_Driver/Src/stm32f4xx_hal_fmpi2c.o
 .debug_abbrev  0x000000000000127f      0x1bb Drivers/STM32F4xx_HAL_Driver/Src/stm32f4xx_hal_fmpi2c_ex.o
 .debug_abbrev  0x000000000000143a      0x1f1 Drivers/STM32F4xx_HAL_Driver/Src/stm32f4xx_hal_gpio.o
 .debug_abbrev  0x000000000000162b      0x282 Drivers/STM32F4xx_HAL_Driver/Src/stm32f4xx_hal_i2c.o
 .debug_abbrev  0x00000000000018ad      0x275 Drivers/STM32F4xx_HAL_Driver/Src/stm32f4xx_hal_rcc.o
 .debug_abbrev  0x0000000000001b22      0x1e2 Drivers/STM32F4xx_HAL_Driver/Src/stm32f4xx_hal_rcc_ex.o
 .debug_abbrev  0x0000000000001d04      0x26e Drivers/STM32F4xx_HAL_Driver/Src/stm32f4xx_hal_spi.o
 .debug_abbrev  0x0000000000001f72      0x25e Drivers/STM32F4xx_HAL_Driver/Src/stm32f4xx_hal_tim.o
 .debug_abbrev  0x00000000000021d0      0x266 Drivers/STM32F4xx_HAL_Driver/Src/stm32f4xx_hal_tim_ex.o
 .debug_abbrev  0x0000000000002436      0x2eb Drivers/STM32F4xx_HAL_Driver/Src/stm32f4xx_hal_uart.o
 .debug_abbrev  0x0000000000002721      0x313 Drivers/VL53L0X/core/src/vl53l0x_api.o
 .debug_abbrev  0x0000000000002a34      0x2ec Drivers/VL53L0X/core/src/vl53l0x_api_calibration.o
 .debug_abbrev  0x0000000000002d20      0x308 Drivers/VL53L0X/core/src/vl53l0x_api_core.o
 .debug_abbrev  0x0000000000003028      0x27b Drivers/VL53L0X/platform/src/vl53l0x_platform.o

.debug_aranges  0x0000000000000000     0x1928
 .debug_aranges
                0x0000000000000000       0x30 Core/Src/l298n_motor_controller.o
 .debug_aranges
                0x0000000000000030       0x78 Core/Src/main.o
 .debug_aranges
                0x00000000000000a8       0x88 Core/Src/stm32f4xx_hal_msp.o
 .debug_aranges
                0x0000000000000130       0x60 Core/Src/stm32f4xx_it.o
 .debug_aranges
                0x0000000000000190       0x20 Core/Src/sysmem.o
 .debug_aranges
                0x00000000000001b0       0x28 Core/Src/system_stm32f4xx.o
 .debug_aranges
                0x00000000000001d8       0x28 Core/Startup/startup_stm32f446retx.o
 .debug_aranges
                0x0000000000000200       0xf0 Drivers/STM32F4xx_HAL_Driver/Src/stm32f4xx_hal.o
 .debug_aranges
                0x00000000000002f0      0x118 Drivers/STM32F4xx_HAL_Driver/Src/stm32f4xx_hal_cortex.o
 .debug_aranges
                0x0000000000000408      0x290 Drivers/STM32F4xx_HAL_Driver/Src/stm32f4xx_hal_fmpi2c.o
 .debug_aranges
                0x0000000000000698       0x38 Drivers/STM32F4xx_HAL_Driver/Src/stm32f4xx_hal_fmpi2c_ex.o
 .debug_aranges
                0x00000000000006d0       0x58 Drivers/STM32F4xx_HAL_Driver/Src/stm32f4xx_hal_gpio.o
 .debug_aranges
                0x0000000000000728      0x2a0 Drivers/STM32F4xx_HAL_Driver/Src/stm32f4xx_hal_i2c.o
 .debug_aranges
                0x00000000000009c8       0x88 Drivers/STM32F4xx_HAL_Driver/Src/stm32f4xx_hal_rcc.o
 .debug_aranges
                0x0000000000000a50       0x78 Drivers/STM32F4xx_HAL_Driver/Src/stm32f4xx_hal_rcc_ex.o
 .debug_aranges
                0x0000000000000ac8      0x1d0 Drivers/STM32F4xx_HAL_Driver/Src/stm32f4xx_hal_spi.o
 .debug_aranges
                0x0000000000000c98      0x3d0 Drivers/STM32F4xx_HAL_Driver/Src/stm32f4xx_hal_tim.o
 .debug_aranges
                0x0000000000001068      0x168 Drivers/STM32F4xx_HAL_Driver/Src/stm32f4xx_hal_tim_ex.o
 .debug_aranges
                0x00000000000011d0      0x200 Drivers/STM32F4xx_HAL_Driver/Src/stm32f4xx_hal_uart.o
 .debug_aranges
                0x00000000000013d0      0x330 Drivers/VL53L0X/core/src/vl53l0x_api.o
 .debug_aranges
                0x0000000000001700       0xd0 Drivers/VL53L0X/core/src/vl53l0x_api_calibration.o
 .debug_aranges
                0x00000000000017d0       0xe0 Drivers/VL53L0X/core/src/vl53l0x_api_core.o
 .debug_aranges
                0x00000000000018b0       0x78 Drivers/VL53L0X/platform/src/vl53l0x_platform.o

.debug_ranges   0x0000000000000000     0x1818
 .debug_ranges  0x0000000000000000       0x20 Core/Src/l298n_motor_controller.o
 .debug_ranges  0x0000000000000020       0x68 Core/Src/main.o
 .debug_ranges  0x0000000000000088       0x78 Core/Src/stm32f4xx_hal_msp.o
 .debug_ranges  0x0000000000000100       0x50 Core/Src/stm32f4xx_it.o
 .debug_ranges  0x0000000000000150       0x10 Core/Src/sysmem.o
 .debug_ranges  0x0000000000000160       0x18 Core/Src/system_stm32f4xx.o
 .debug_ranges  0x0000000000000178       0x20 Core/Startup/startup_stm32f446retx.o
 .debug_ranges  0x0000000000000198       0xe0 Drivers/STM32F4xx_HAL_Driver/Src/stm32f4xx_hal.o
 .debug_ranges  0x0000000000000278      0x108 Drivers/STM32F4xx_HAL_Driver/Src/stm32f4xx_hal_cortex.o
 .debug_ranges  0x0000000000000380      0x280 Drivers/STM32F4xx_HAL_Driver/Src/stm32f4xx_hal_fmpi2c.o
 .debug_ranges  0x0000000000000600       0x28 Drivers/STM32F4xx_HAL_Driver/Src/stm32f4xx_hal_fmpi2c_ex.o
 .debug_ranges  0x0000000000000628       0x48 Drivers/STM32F4xx_HAL_Driver/Src/stm32f4xx_hal_gpio.o
 .debug_ranges  0x0000000000000670      0x2b8 Drivers/STM32F4xx_HAL_Driver/Src/stm32f4xx_hal_i2c.o
 .debug_ranges  0x0000000000000928       0x78 Drivers/STM32F4xx_HAL_Driver/Src/stm32f4xx_hal_rcc.o
 .debug_ranges  0x00000000000009a0       0x68 Drivers/STM32F4xx_HAL_Driver/Src/stm32f4xx_hal_rcc_ex.o
 .debug_ranges  0x0000000000000a08      0x1c0 Drivers/STM32F4xx_HAL_Driver/Src/stm32f4xx_hal_spi.o
 .debug_ranges  0x0000000000000bc8      0x3c0 Drivers/STM32F4xx_HAL_Driver/Src/stm32f4xx_hal_tim.o
 .debug_ranges  0x0000000000000f88      0x158 Drivers/STM32F4xx_HAL_Driver/Src/stm32f4xx_hal_tim_ex.o
 .debug_ranges  0x00000000000010e0      0x220 Drivers/STM32F4xx_HAL_Driver/Src/stm32f4xx_hal_uart.o
 .debug_ranges  0x0000000000001300      0x320 Drivers/VL53L0X/core/src/vl53l0x_api.o
 .debug_ranges  0x0000000000001620       0xc0 Drivers/VL53L0X/core/src/vl53l0x_api_calibration.o
 .debug_ranges  0x00000000000016e0       0xd0 Drivers/VL53L0X/core/src/vl53l0x_api_core.o
 .debug_ranges  0x00000000000017b0       0x68 Drivers/VL53L0X/platform/src/vl53l0x_platform.o

.debug_macro    0x0000000000000000    0x24f33
 .debug_macro   0x0000000000000000      0x229 Core/Src/l298n_motor_controller.o
 .debug_macro   0x0000000000000229      0xaa8 Core/Src/l298n_motor_controller.o
 .debug_macro   0x0000000000000cd1      0x2ad Core/Src/l298n_motor_controller.o
 .debug_macro   0x0000000000000f7e       0x2e Core/Src/l298n_motor_controller.o
 .debug_macro   0x0000000000000fac       0x28 Core/Src/l298n_motor_controller.o
 .debug_macro   0x0000000000000fd4       0x22 Core/Src/l298n_motor_controller.o
 .debug_macro   0x0000000000000ff6       0x8e Core/Src/l298n_motor_controller.o
 .debug_macro   0x0000000000001084       0x51 Core/Src/l298n_motor_controller.o
 .debug_macro   0x00000000000010d5      0x103 Core/Src/l298n_motor_controller.o
 .debug_macro   0x00000000000011d8       0x6a Core/Src/l298n_motor_controller.o
 .debug_macro   0x0000000000001242      0x1df Core/Src/l298n_motor_controller.o
 .debug_macro   0x0000000000001421       0x1c Core/Src/l298n_motor_controller.o
 .debug_macro   0x000000000000143d       0x22 Core/Src/l298n_motor_controller.o
 .debug_macro   0x000000000000145f       0xdf Core/Src/l298n_motor_controller.o
 .debug_macro   0x000000000000153e     0x102d Core/Src/l298n_motor_controller.o
 .debug_macro   0x000000000000256b      0x11f Core/Src/l298n_motor_controller.o
 .debug_macro   0x000000000000268a    0x16749 Core/Src/l298n_motor_controller.o
 .debug_macro   0x0000000000018dd3       0x6d Core/Src/l298n_motor_controller.o
 .debug_macro   0x0000000000018e40     0x3666 Core/Src/l298n_motor_controller.o
 .debug_macro   0x000000000001c4a6      0x174 Core/Src/l298n_motor_controller.o
 .debug_macro   0x000000000001c61a       0x5c Core/Src/l298n_motor_controller.o
 .debug_macro   0x000000000001c676      0xc90 Core/Src/l298n_motor_controller.o
 .debug_macro   0x000000000001d306      0x9fe Core/Src/l298n_motor_controller.o
 .debug_macro   0x000000000001dd04      0x116 Core/Src/l298n_motor_controller.o
 .debug_macro   0x000000000001de1a      0x1a0 Core/Src/l298n_motor_controller.o
 .debug_macro   0x000000000001dfba       0xa5 Core/Src/l298n_motor_controller.o
 .debug_macro   0x000000000001e05f      0x16d Core/Src/l298n_motor_controller.o
 .debug_macro   0x000000000001e1cc      0x287 Core/Src/l298n_motor_controller.o
 .debug_macro   0x000000000001e453       0x5f Core/Src/l298n_motor_controller.o
 .debug_macro   0x000000000001e4b2      0x236 Core/Src/l298n_motor_controller.o
 .debug_macro   0x000000000001e6e8      0x132 Core/Src/l298n_motor_controller.o
 .debug_macro   0x000000000001e81a      0x29c Core/Src/l298n_motor_controller.o
 .debug_macro   0x000000000001eab6       0x2e Core/Src/l298n_motor_controller.o
 .debug_macro   0x000000000001eae4      0x1b5 Core/Src/l298n_motor_controller.o
 .debug_macro   0x000000000001ec99       0x22 Core/Src/l298n_motor_controller.o
 .debug_macro   0x000000000001ecbb       0xd6 Core/Src/l298n_motor_controller.o
 .debug_macro   0x000000000001ed91      0x11a Core/Src/l298n_motor_controller.o
 .debug_macro   0x000000000001eeab       0xe8 Core/Src/l298n_motor_controller.o
 .debug_macro   0x000000000001ef93       0x89 Core/Src/l298n_motor_controller.o
 .debug_macro   0x000000000001f01c      0x225 Core/Src/l298n_motor_controller.o
 .debug_macro   0x000000000001f241      0x8d1 Core/Src/l298n_motor_controller.o
 .debug_macro   0x000000000001fb12       0x4d Core/Src/l298n_motor_controller.o
 .debug_macro   0x000000000001fb5f      0x295 Core/Src/l298n_motor_controller.o
 .debug_macro   0x000000000001fdf4      0x22c Core/Src/l298n_motor_controller.o
 .debug_macro   0x0000000000020020       0x34 Core/Src/l298n_motor_controller.o
 .debug_macro   0x0000000000020054       0xa5 Core/Src/l298n_motor_controller.o
 .debug_macro   0x00000000000200f9      0x126 Core/Src/l298n_motor_controller.o
 .debug_macro   0x000000000002021f       0x22 Core/Src/l298n_motor_controller.o
 .debug_macro   0x0000000000020241      0x447 Core/Src/main.o
 .debug_macro   0x0000000000020688       0x58 Core/Src/main.o
 .debug_macro   0x00000000000206e0       0x76 Core/Src/main.o
 .debug_macro   0x0000000000020756      0x29c Core/Src/main.o
 .debug_macro   0x00000000000209f2      0x203 Core/Src/main.o
 .debug_macro   0x0000000000020bf5       0x52 Core/Src/main.o
 .debug_macro   0x0000000000020c47       0x18 Core/Src/main.o
 .debug_macro   0x0000000000020c5f       0x3c Core/Src/main.o
 .debug_macro   0x0000000000020c9b       0x34 Core/Src/main.o
 .debug_macro   0x0000000000020ccf       0x16 Core/Src/main.o
 .debug_macro   0x0000000000020ce5       0x35 Core/Src/main.o
 .debug_macro   0x0000000000020d1a      0x333 Core/Src/main.o
 .debug_macro   0x000000000002104d       0x10 Core/Src/main.o
 .debug_macro   0x000000000002105d       0x16 Core/Src/main.o
 .debug_macro   0x0000000000021073       0x43 Core/Src/main.o
 .debug_macro   0x00000000000210b6       0x34 Core/Src/main.o
 .debug_macro   0x00000000000210ea       0x10 Core/Src/main.o
 .debug_macro   0x00000000000210fa       0x58 Core/Src/main.o
 .debug_macro   0x0000000000021152       0x71 Core/Src/main.o
 .debug_macro   0x00000000000211c3       0x1c Core/Src/main.o
 .debug_macro   0x00000000000211df      0x12a Core/Src/main.o
 .debug_macro   0x0000000000021309       0x10 Core/Src/main.o
 .debug_macro   0x0000000000021319       0x1c Core/Src/main.o
 .debug_macro   0x0000000000021335       0x52 Core/Src/main.o
 .debug_macro   0x0000000000021387       0x22 Core/Src/main.o
 .debug_macro   0x00000000000213a9       0x10 Core/Src/main.o
 .debug_macro   0x00000000000213b9       0x40 Core/Src/main.o
 .debug_macro   0x00000000000213f9       0xd5 Core/Src/main.o
 .debug_macro   0x00000000000214ce       0x1c Core/Src/main.o