Archive member included to satisfy reference by file (symbol)

c:/st/stm32cubeide_1.6.1/stm32cubeide/plugins/com.st.stm32cube.ide.mcu.externaltools.gnu-tools-for-stm32.9-2020-q2-update.win32_1.5.0.202011040924/tools/bin/../lib/gcc/arm-none-eabi/9.3.1/../../../../arm-none-eabi/lib/thumb/v7e-m+fp/hard\libc_nano.a(lib_a-errno.o)
                              Core/Src/syscalls.o (__errno)
c:/st/stm32cubeide_1.6.1/stm32cubeide/plugins/com.st.stm32cube.ide.mcu.externaltools.gnu-tools-for-stm32.9-2020-q2-update.win32_1.5.0.202011040924/tools/bin/../lib/gcc/arm-none-eabi/9.3.1/../../../../arm-none-eabi/lib/thumb/v7e-m+fp/hard\libc_nano.a(lib_a-exit.o)
                              c:/st/stm32cubeide_1.6.1/stm32cubeide/plugins/com.st.stm32cube.ide.mcu.externaltools.gnu-tools-for-stm32.9-2020-q2-update.win32_1.5.0.202011040924/tools/bin/../lib/gcc/arm-none-eabi/9.3.1/../../../../arm-none-eabi/lib/thumb/v7e-m+fp/hard/crt0.o (exit)
c:/st/stm32cubeide_1.6.1/stm32cubeide/plugins/com.st.stm32cube.ide.mcu.externaltools.gnu-tools-for-stm32.9-2020-q2-update.win32_1.5.0.202011040924/tools/bin/../lib/gcc/arm-none-eabi/9.3.1/../../../../arm-none-eabi/lib/thumb/v7e-m+fp/hard\libc_nano.a(lib_a-impure.o)
                              c:/st/stm32cubeide_1.6.1/stm32cubeide/plugins/com.st.stm32cube.ide.mcu.externaltools.gnu-tools-for-stm32.9-2020-q2-update.win32_1.5.0.202011040924/tools/bin/../lib/gcc/arm-none-eabi/9.3.1/../../../../arm-none-eabi/lib/thumb/v7e-m+fp/hard\libc_nano.a(lib_a-exit.o) (_global_impure_ptr)
c:/st/stm32cubeide_1.6.1/stm32cubeide/plugins/com.st.stm32cube.ide.mcu.externaltools.gnu-tools-for-stm32.9-2020-q2-update.win32_1.5.0.202011040924/tools/bin/../lib/gcc/arm-none-eabi/9.3.1/../../../../arm-none-eabi/lib/thumb/v7e-m+fp/hard\libc_nano.a(lib_a-init.o)
                              c:/st/stm32cubeide_1.6.1/stm32cubeide/plugins/com.st.stm32cube.ide.mcu.externaltools.gnu-tools-for-stm32.9-2020-q2-update.win32_1.5.0.202011040924/tools/bin/../lib/gcc/arm-none-eabi/9.3.1/../../../../arm-none-eabi/lib/thumb/v7e-m+fp/hard/crt0.o (__libc_init_array)
c:/st/stm32cubeide_1.6.1/stm32cubeide/plugins/com.st.stm32cube.ide.mcu.externaltools.gnu-tools-for-stm32.9-2020-q2-update.win32_1.5.0.202011040924/tools/bin/../lib/gcc/arm-none-eabi/9.3.1/../../../../arm-none-eabi/lib/thumb/v7e-m+fp/hard\libc_nano.a(lib_a-memset.o)
                              c:/st/stm32cubeide_1.6.1/stm32cubeide/plugins/com.st.stm32cube.ide.mcu.externaltools.gnu-tools-for-stm32.9-2020-q2-update.win32_1.5.0.202011040924/tools/bin/../lib/gcc/arm-none-eabi/9.3.1/../../../../arm-none-eabi/lib/thumb/v7e-m+fp/hard/crt0.o (memset)
c:/st/stm32cubeide_1.6.1/stm32cubeide/plugins/com.st.stm32cube.ide.mcu.externaltools.gnu-tools-for-stm32.9-2020-q2-update.win32_1.5.0.202011040924/tools/bin/../lib/gcc/arm-none-eabi/9.3.1/thumb/v7e-m+fp/hard\libgcc.a(_aeabi_uldivmod.o)
                              Drivers/STM32F4xx_HAL_Driver/Src/stm32f4xx_hal_rcc.o (__aeabi_uldivmod)
c:/st/stm32cubeide_1.6.1/stm32cubeide/plugins/com.st.stm32cube.ide.mcu.externaltools.gnu-tools-for-stm32.9-2020-q2-update.win32_1.5.0.202011040924/tools/bin/../lib/gcc/arm-none-eabi/9.3.1/thumb/v7e-m+fp/hard\libgcc.a(_udivmoddi4.o)
                              c:/st/stm32cubeide_1.6.1/stm32cubeide/plugins/com.st.stm32cube.ide.mcu.externaltools.gnu-tools-for-stm32.9-2020-q2-update.win32_1.5.0.202011040924/tools/bin/../lib/gcc/arm-none-eabi/9.3.1/thumb/v7e-m+fp/hard\libgcc.a(_aeabi_uldivmod.o) (__udivmoddi4)
c:/st/stm32cubeide_1.6.1/stm32cubeide/plugins/com.st.stm32cube.ide.mcu.externaltools.gnu-tools-for-stm32.9-2020-q2-update.win32_1.5.0.202011040924/tools/bin/../lib/gcc/arm-none-eabi/9.3.1/thumb/v7e-m+fp/hard\libgcc.a(_dvmd_tls.o)
                              c:/st/stm32cubeide_1.6.1/stm32cubeide/plugins/com.st.stm32cube.ide.mcu.externaltools.gnu-tools-for-stm32.9-2020-q2-update.win32_1.5.0.202011040924/tools/bin/../lib/gcc/arm-none-eabi/9.3.1/thumb/v7e-m+fp/hard\libgcc.a(_aeabi_uldivmod.o) (__aeabi_ldiv0)

Allocating common symbols
Common symbol       size              file

hi2c3               0x54              Core/Src/main.o
hspi2               0x58              Core/Src/main.o
hi2c1               0x54              Core/Src/main.o
hi2c2               0x54              Core/Src/main.o
uwTick              0x4               Drivers/STM32F4xx_HAL_Driver/Src/stm32f4xx_hal.o
pFlash              0x20              Drivers/STM32F4xx_HAL_Driver/Src/stm32f4xx_hal_flash.o
hfmpi2c1            0x4c              Core/Src/main.o
htim1               0x48              Core/Src/main.o
huart2              0x44              Core/Src/main.o

Discarded input sections

 .text          0x0000000000000000        0x0 c:/st/stm32cubeide_1.6.1/stm32cubeide/plugins/com.st.stm32cube.ide.mcu.externaltools.gnu-tools-for-stm32.9-2020-q2-update.win32_1.5.0.202011040924/tools/bin/../lib/gcc/arm-none-eabi/9.3.1/thumb/v7e-m+fp/hard/crti.o
[...]
Memory Configuration

Name             Origin             Length             Attributes
RAM              0x0000000020000000 0x0000000000020000 xrw
FLASH            0x0000000008000000 0x0000000000080000 xr
*default*        0x0000000000000000 0xffffffffffffffff

Linker script and memory map

LOAD c:/st/stm32cubeide_1.6.1/stm32cubeide/plugins/com.st.stm32cube.ide.mcu.externaltools.gnu-tools-for-stm32.9-2020-q2-update.win32_1.5.0.202011040924/tools/bin/../lib/gcc/arm-none-eabi/9.3.1/thumb/v7e-m+fp/hard/crti.o
LOAD c:/st/stm32cubeide_1.6.1/stm32cubeide/plugins/com.st.stm32cube.ide.mcu.externaltools.gnu-tools-for-stm32.9-2020-q2-update.win32_1.5.0.202011040924/tools/bin/../lib/gcc/arm-none-eabi/9.3.1/thumb/v7e-m+fp/hard/crtbegin.o
LOAD c:/st/stm32cubeide_1.6.1/stm32cubeide/plugins/com.st.stm32cube.ide.mcu.externaltools.gnu-tools-for-stm32.9-2020-q2-update.win32_1.5.0.202011040924/tools/bin/../lib/gcc/arm-none-eabi/9.3.1/../../../../arm-none-eabi/lib/thumb/v7e-m+fp/hard/crt0.o
LOAD Core/Src/l298n_motor_controller.o
LOAD Core/Src/main.o
LOAD Core/Src/stm32f4xx_hal_msp.o
LOAD Core/Src/stm32f4xx_it.o
LOAD Core/Src/syscalls.o
LOAD Core/Src/sysmem.o
LOAD Core/Src/system_stm32f4xx.o
LOAD Core/Startup/startup_stm32f446retx.o
LOAD Drivers/STM32F4xx_HAL_Driver/Src/stm32f4xx_hal.o
LOAD Drivers/STM32F4xx_HAL_Driver/Src/stm32f4xx_hal_cortex.o
LOAD Drivers/STM32F4xx_HAL_Driver/Src/stm32f4xx_hal_dma.o
LOAD Drivers/STM32F4xx_HAL_Driver/Src/stm32f4xx_hal_dma_ex.o
LOAD Drivers/STM32F4xx_HAL_Driver/Src/stm32f4xx_hal_exti.o
LOAD Drivers/STM32F4xx_HAL_Driver/Src/stm32f4xx_hal_flash.o
LOAD Drivers/STM32F4xx_HAL_Driver/Src/stm32f4xx_hal_flash_ex.o
LOAD Drivers/STM32F4xx_HAL_Driver/Src/stm32f4xx_hal_flash_ramfunc.o
LOAD Drivers/STM32F4xx_HAL_Driver/Src/stm32f4xx_hal_fmpi2c.o
LOAD Drivers/STM32F4xx_HAL_Driver/Src/stm32f4xx_hal_fmpi2c_ex.o
LOAD Drivers/STM32F4xx_HAL_Driver/Src/stm32f4xx_hal_gpio.o
LOAD Drivers/STM32F4xx_HAL_Driver/Src/stm32f4xx_hal_i2c.o
LOAD Drivers/STM32F4xx_HAL_Driver/Src/stm32f4xx_hal_i2c_ex.o
LOAD Drivers/STM32F4xx_HAL_Driver/Src/stm32f4xx_hal_pwr.o
LOAD Drivers/STM32F4xx_HAL_Driver/Src/stm32f4xx_hal_pwr_ex.o
LOAD Drivers/STM32F4xx_HAL_Driver/Src/stm32f4xx_hal_rcc.o
LOAD Drivers/STM32F4xx_HAL_Driver/Src/stm32f4xx_hal_rcc_ex.o
LOAD Drivers/STM32F4xx_HAL_Driver/Src/stm32f4xx_hal_spi.o
LOAD Drivers/STM32F4xx_HAL_Driver/Src/stm32f4xx_hal_tim.o
LOAD Drivers/STM32F4xx_HAL_Driver/Src/stm32f4xx_hal_tim_ex.o
LOAD Drivers/STM32F4xx_HAL_Driver/Src/stm32f4xx_hal_uart.o
START GROUP
LOAD c:/st/stm32cubeide_1.6.1/stm32cubeide/plugins/com.st.stm32cube.ide.mcu.externaltools.gnu-tools-for-stm32.9-2020-q2-update.win32_1.5.0.202011040924/tools/bin/../lib/gcc/arm-none-eabi/9.3.1/../../../../arm-none-eabi/lib/thumb/v7e-m+fp/hard\libc_nano.a
LOAD c:/st/stm32cubeide_1.6.1/stm32cubeide/plugins/com.st.stm32cube.ide.mcu.externaltools.gnu-tools-for-stm32.9-2020-q2-update.win32_1.5.0.202011040924/tools/bin/../lib/gcc/arm-none-eabi/9.3.1/../../../../arm-none-eabi/lib/thumb/v7e-m+fp/hard\libm.a
END GROUP
START GROUP
LOAD c:/st/stm32cubeide_1.6.1/stm32cubeide/plugins/com.st.stm32cube.ide.mcu.externaltools.gnu-tools-for-stm32.9-2020-q2-update.win32_1.5.0.202011040924/tools/bin/../lib/gcc/arm-none-eabi/9.3.1/thumb/v7e-m+fp/hard\libgcc.a
LOAD c:/st/stm32cubeide_1.6.1/stm32cubeide/plugins/com.st.stm32cube.ide.mcu.externaltools.gnu-tools-for-stm32.9-2020-q2-update.win32_1.5.0.202011040924/tools/bin/../lib/gcc/arm-none-eabi/9.3.1/../../../../arm-none-eabi/lib/thumb/v7e-m+fp/hard\libc_nano.a
END GROUP
START GROUP
LOAD c:/st/stm32cubeide_1.6.1/stm32cubeide/plugins/com.st.stm32cube.ide.mcu.externaltools.gnu-tools-for-stm32.9-2020-q2-update.win32_1.5.0.202011040924/tools/bin/../lib/gcc/arm-none-eabi/9.3.1/thumb/v7e-m+fp/hard\libgcc.a
LOAD c:/st/stm32cubeide_1.6.1/stm32cubeide/plugins/com.st.stm32cube.ide.mcu.externaltools.gnu-tools-for-stm32.9-2020-q2-update.win32_1.5.0.202011040924/tools/bin/../lib/gcc/arm-none-eabi/9.3.1/../../../../arm-none-eabi/lib/thumb/v7e-m+fp/hard\libc_nano.a
LOAD c:/st/stm32cubeide_1.6.1/stm32cubeide/plugins/com.st.stm32cube.ide.mcu.externaltools.gnu-tools-for-stm32.9-2020-q2-update.win32_1.5.0.202011040924/tools/bin/../lib/gcc/arm-none-eabi/9.3.1/../../../../arm-none-eabi/lib/thumb/v7e-m+fp/hard\libnosys.a
END GROUP
START GROUP
LOAD c:/st/stm32cubeide_1.6.1/stm32cubeide/plugins/com.st.stm32cube.ide.mcu.externaltools.gnu-tools-for-stm32.9-2020-q2-update.win32_1.5.0.202011040924/tools/bin/../lib/gcc/arm-none-eabi/9.3.1/thumb/v7e-m+fp/hard\libgcc.a
LOAD c:/st/stm32cubeide_1.6.1/stm32cubeide/plugins/com.st.stm32cube.ide.mcu.externaltools.gnu-tools-for-stm32.9-2020-q2-update.win32_1.5.0.202011040924/tools/bin/../lib/gcc/arm-none-eabi/9.3.1/../../../../arm-none-eabi/lib/thumb/v7e-m+fp/hard\libc_nano.a
LOAD c:/st/stm32cubeide_1.6.1/stm32cubeide/plugins/com.st.stm32cube.ide.mcu.externaltools.gnu-tools-for-stm32.9-2020-q2-update.win32_1.5.0.202011040924/tools/bin/../lib/gcc/arm-none-eabi/9.3.1/../../../../arm-none-eabi/lib/thumb/v7e-m+fp/hard\libnosys.a
END GROUP
LOAD c:/st/stm32cubeide_1.6.1/stm32cubeide/plugins/com.st.stm32cube.ide.mcu.externaltools.gnu-tools-for-stm32.9-2020-q2-update.win32_1.5.0.202011040924/tools/bin/../lib/gcc/arm-none-eabi/9.3.1/thumb/v7e-m+fp/hard/crtend.o
LOAD c:/st/stm32cubeide_1.6.1/stm32cubeide/plugins/com.st.stm32cube.ide.mcu.externaltools.gnu-tools-for-stm32.9-2020-q2-update.win32_1.5.0.202011040924/tools/bin/../lib/gcc/arm-none-eabi/9.3.1/thumb/v7e-m+fp/hard/crtn.o
                0x0000000020020000                _estack = (ORIGIN (RAM) + LENGTH (RAM))
                0x0000000000000200                _Min_Heap_Size = 0x200
                0x0000000000000400                _Min_Stack_Size = 0x400

.isr_vector     0x0000000008000000      0x1c4
                0x0000000008000000                . = ALIGN (0x4)
 *(.isr_vector)
 .isr_vector    0x0000000008000000      0x1c4 Core/Startup/startup_stm32f446retx.o
                0x0000000008000000                g_pfnVectors
                0x00000000080001c4                . = ALIGN (0x4)

.text           0x00000000080001c4     0x401c
                0x00000000080001c4                . = ALIGN (0x4)
 *(.text)
 .text          0x00000000080001c4       0x40 c:/st/stm32cubeide_1.6.1/stm32cubeide/plugins/com.st.stm32cube.ide.mcu.externaltools.gnu-tools-for-stm32.9-2020-q2-update.win32_1.5.0.202011040924/tools/bin/../lib/gcc/arm-none-eabi/9.3.1/thumb/v7e-m+fp/hard/crtbegin.o
 .text          0x0000000008000204       0x30 c:/st/stm32cubeide_1.6.1/stm32cubeide/plugins/com.st.stm32cube.ide.mcu.externaltools.gnu-tools-for-stm32.9-2020-q2-update.win32_1.5.0.202011040924/tools/bin/../lib/gcc/arm-none-eabi/9.3.1/thumb/v7e-m+fp/hard\libgcc.a(_aeabi_uldivmod.o)
                0x0000000008000204                __aeabi_uldivmod
 .text          0x0000000008000234      0x2c4 c:/st/stm32cubeide_1.6.1/stm32cubeide/plugins/com.st.stm32cube.ide.mcu.externaltools.gnu-tools-for-stm32.9-2020-q2-update.win32_1.5.0.202011040924/tools/bin/../lib/gcc/arm-none-eabi/9.3.1/thumb/v7e-m+fp/hard\libgcc.a(_udivmoddi4.o)
                0x0000000008000234                __udivmoddi4
 .text          0x00000000080004f8        0x4 c:/st/stm32cubeide_1.6.1/stm32cubeide/plugins/com.st.stm32cube.ide.mcu.externaltools.gnu-tools-for-stm32.9-2020-q2-update.win32_1.5.0.202011040924/tools/bin/../lib/gcc/arm-none-eabi/9.3.1/thumb/v7e-m+fp/hard\libgcc.a(_dvmd_tls.o)
                0x00000000080004f8                __aeabi_idiv0
                0x00000000080004f8                __aeabi_ldiv0
 *(.text*)
 .text.set_motor_direction
                0x00000000080004fc       0x98 Core/Src/l298n_motor_controller.o
                0x00000000080004fc                set_motor_direction
 .text.set_motor_speed
                0x0000000008000594       0x58 Core/Src/l298n_motor_controller.o
                0x0000000008000594                set_motor_speed
 .text.motor_init
                0x00000000080005ec       0x2a Core/Src/l298n_motor_controller.o
                0x00000000080005ec                motor_init
 *fill*         0x0000000008000616        0x2 
 .text.main     0x0000000008000618       0xf4 Core/Src/main.o
                0x0000000008000618                main
 .text.SystemClock_Config
                0x000000000800070c      0x118 Core/Src/main.o
                0x000000000800070c                SystemClock_Config
 .text.MX_FMPI2C1_Init
                0x0000000008000824       0x6c Core/Src/main.o
 .text.MX_I2C1_Init
                0x0000000008000890       0x5c Core/Src/main.o
 .text.MX_I2C2_Init
                0x00000000080008ec       0x5c Core/Src/main.o
 .text.MX_I2C3_Init
                0x0000000008000948       0x5c Core/Src/main.o
 .text.MX_SPI2_Init
                0x00000000080009a4       0x6c Core/Src/main.o
 .text.MX_TIM1_Init
                0x0000000008000a10      0x158 Core/Src/main.o
 .text.MX_USART2_UART_Init
                0x0000000008000b68       0x54 Core/Src/main.o
 .text.MX_GPIO_Init
                0x0000000008000bbc      0x134 Core/Src/main.o
 .text.Error_Handler
                0x0000000008000cf0        0xa Core/Src/main.o
                0x0000000008000cf0                Error_Handler
 *fill*         0x0000000008000cfa        0x2 
 .text.HAL_MspInit
                0x0000000008000cfc       0x50 Core/Src/stm32f4xx_hal_msp.o
                0x0000000008000cfc                HAL_MspInit
 .text.HAL_FMPI2C_MspInit
                0x0000000008000d4c       0x90 Core/Src/stm32f4xx_hal_msp.o
                0x0000000008000d4c                HAL_FMPI2C_MspInit
 .text.HAL_I2C_MspInit
                0x0000000008000ddc      0x1e8 Core/Src/stm32f4xx_hal_msp.o
                0x0000000008000ddc                HAL_I2C_MspInit
 .text.HAL_SPI_MspInit
                0x0000000008000fc4       0xf0 Core/Src/stm32f4xx_hal_msp.o
                0x0000000008000fc4                HAL_SPI_MspInit
 .text.HAL_TIM_Base_MspInit
                0x00000000080010b4       0x44 Core/Src/stm32f4xx_hal_msp.o
                0x00000000080010b4                HAL_TIM_Base_MspInit
 .text.HAL_TIM_MspPostInit
                0x00000000080010f8       0x74 Core/Src/stm32f4xx_hal_msp.o
                0x00000000080010f8                HAL_TIM_MspPostInit
 .text.HAL_UART_MspInit
                0x000000000800116c       0x90 Core/Src/stm32f4xx_hal_msp.o
                0x000000000800116c                HAL_UART_MspInit
 .text.NMI_Handler
                0x00000000080011fc        0x6 Core/Src/stm32f4xx_it.o
                0x00000000080011fc                NMI_Handler
 .text.HardFault_Handler
                0x0000000008001202        0x6 Core/Src/stm32f4xx_it.o
                0x0000000008001202                HardFault_Handler
 .text.MemManage_Handler
                0x0000000008001208        0x6 Core/Src/stm32f4xx_it.o
                0x0000000008001208                MemManage_Handler
 .text.BusFault_Handler
                0x000000000800120e        0x6 Core/Src/stm32f4xx_it.o
                0x000000000800120e                BusFault_Handler
 .text.UsageFault_Handler
                0x0000000008001214        0x6 Core/Src/stm32f4xx_it.o
                0x0000000008001214                UsageFault_Handler
 .text.SVC_Handler
                0x000000000800121a        0xe Core/Src/stm32f4xx_it.o
                0x000000000800121a                SVC_Handler
 .text.DebugMon_Handler
                0x0000000008001228        0xe Core/Src/stm32f4xx_it.o
                0x0000000008001228                DebugMon_Handler
 .text.PendSV_Handler
                0x0000000008001236        0xe Core/Src/stm32f4xx_it.o
                0x0000000008001236                PendSV_Handler
 .text.SysTick_Handler
                0x0000000008001244        0xc Core/Src/stm32f4xx_it.o
                0x0000000008001244                SysTick_Handler
 .text.SystemInit
                0x0000000008001250       0x24 Core/Src/system_stm32f4xx.o
                0x0000000008001250                SystemInit
 .text.Reset_Handler
                0x0000000008001274       0x50 Core/Startup/startup_stm32f446retx.o
                0x0000000008001274                Reset_Handler
 .text.Default_Handler
                0x00000000080012c4        0x2 Core/Startup/startup_stm32f446retx.o
                0x00000000080012c4                RTC_Alarm_IRQHandler
                0x00000000080012c4                EXTI2_IRQHandler
                0x00000000080012c4                TIM8_CC_IRQHandler
                0x00000000080012c4                FMPI2C1_EV_IRQHandler
                0x00000000080012c4                SPI4_IRQHandler
                0x00000000080012c4                TIM1_CC_IRQHandler
                0x00000000080012c4                DMA2_Stream5_IRQHandler
                0x00000000080012c4                DMA1_Stream5_IRQHandler
                0x00000000080012c4                PVD_IRQHandler
                0x00000000080012c4                SDIO_IRQHandler
                0x00000000080012c4                TAMP_STAMP_IRQHandler
                0x00000000080012c4                CAN2_RX1_IRQHandler
                0x00000000080012c4                EXTI3_IRQHandler
                0x00000000080012c4                TIM8_TRG_COM_TIM14_IRQHandler
                0x00000000080012c4                TIM1_UP_TIM10_IRQHandler
                0x00000000080012c4                TIM8_UP_TIM13_IRQHandler
                0x00000000080012c4                I2C3_ER_IRQHandler
                0x00000000080012c4                EXTI0_IRQHandler
                0x00000000080012c4                I2C2_EV_IRQHandler
                0x00000000080012c4                DMA1_Stream2_IRQHandler
                0x00000000080012c4                CAN1_RX0_IRQHandler
                0x00000000080012c4                FPU_IRQHandler
                0x00000000080012c4                OTG_HS_WKUP_IRQHandler
                0x00000000080012c4                CAN2_SCE_IRQHandler
                0x00000000080012c4                DMA2_Stream2_IRQHandler
                0x00000000080012c4                SPI1_IRQHandler
                0x00000000080012c4                TIM6_DAC_IRQHandler
                0x00000000080012c4                TIM1_BRK_TIM9_IRQHandler
                0x00000000080012c4                DCMI_IRQHandler
                0x00000000080012c4                CAN2_RX0_IRQHandler
                0x00000000080012c4                DMA2_Stream3_IRQHandler
                0x00000000080012c4                SAI2_IRQHandler
                0x00000000080012c4                USART6_IRQHandler
                0x00000000080012c4                USART3_IRQHandler
                0x00000000080012c4                CAN1_RX1_IRQHandler
                0x00000000080012c4                UART5_IRQHandler
                0x00000000080012c4                DMA2_Stream0_IRQHandler
                0x00000000080012c4                TIM4_IRQHandler
                0x00000000080012c4                QUADSPI_IRQHandler
                0x00000000080012c4                I2C1_EV_IRQHandler
                0x00000000080012c4                DMA1_Stream6_IRQHandler
                0x00000000080012c4                DMA1_Stream1_IRQHandler
                0x00000000080012c4                UART4_IRQHandler
                0x00000000080012c4                TIM3_IRQHandler
                0x00000000080012c4                RCC_IRQHandler
                0x00000000080012c4                TIM8_BRK_TIM12_IRQHandler
                0x00000000080012c4                Default_Handler
                0x00000000080012c4                CEC_IRQHandler
                0x00000000080012c4                EXTI15_10_IRQHandler
                0x00000000080012c4                ADC_IRQHandler
                0x00000000080012c4                DMA1_Stream7_IRQHandler
                0x00000000080012c4                TIM7_IRQHandler
                0x00000000080012c4                CAN2_TX_IRQHandler
                0x00000000080012c4                TIM5_IRQHandler
                0x00000000080012c4                DMA2_Stream7_IRQHandler
                0x00000000080012c4                I2C3_EV_IRQHandler
                0x00000000080012c4                EXTI9_5_IRQHandler
                0x00000000080012c4                RTC_WKUP_IRQHandler
                0x00000000080012c4                SPDIF_RX_IRQHandler
                0x00000000080012c4                SPI2_IRQHandler
                0x00000000080012c4                OTG_HS_EP1_IN_IRQHandler
                0x00000000080012c4                DMA1_Stream0_IRQHandler
                0x00000000080012c4                CAN1_TX_IRQHandler
                0x00000000080012c4                FMPI2C1_ER_IRQHandler
                0x00000000080012c4                EXTI4_IRQHandler
                0x00000000080012c4                OTG_HS_EP1_OUT_IRQHandler
                0x00000000080012c4                WWDG_IRQHandler
                0x00000000080012c4                TIM2_IRQHandler
                0x00000000080012c4                OTG_FS_WKUP_IRQHandler
                0x00000000080012c4                TIM1_TRG_COM_TIM11_IRQHandler
                0x00000000080012c4                OTG_HS_IRQHandler
                0x00000000080012c4                EXTI1_IRQHandler
                0x00000000080012c4                USART2_IRQHandler
                0x00000000080012c4                I2C2_ER_IRQHandler
                0x00000000080012c4                DMA2_Stream1_IRQHandler
                0x00000000080012c4                CAN1_SCE_IRQHandler
                0x00000000080012c4                FLASH_IRQHandler
                0x00000000080012c4                DMA2_Stream4_IRQHandler
                0x00000000080012c4                USART1_IRQHandler
                0x00000000080012c4                OTG_FS_IRQHandler
                0x00000000080012c4                SPI3_IRQHandler
                0x00000000080012c4                DMA1_Stream4_IRQHandler
                0x00000000080012c4                I2C1_ER_IRQHandler
                0x00000000080012c4                FMC_IRQHandler
                0x00000000080012c4                DMA2_Stream6_IRQHandler
                0x00000000080012c4                SAI1_IRQHandler
                0x00000000080012c4                DMA1_Stream3_IRQHandler
 *fill*         0x00000000080012c6        0x2 
 .text.HAL_Init
                0x00000000080012c8       0x44 Drivers/STM32F4xx_HAL_Driver/Src/stm32f4xx_hal.o
                0x00000000080012c8                HAL_Init
 .text.HAL_InitTick
                0x000000000800130c       0x60 Drivers/STM32F4xx_HAL_Driver/Src/stm32f4xx_hal.o
                0x000000000800130c                HAL_InitTick
 .text.HAL_IncTick
                0x000000000800136c       0x28 Drivers/STM32F4xx_HAL_Driver/Src/stm32f4xx_hal.o
                0x000000000800136c                HAL_IncTick
 .text.HAL_GetTick
                0x0000000008001394       0x18 Drivers/STM32F4xx_HAL_Driver/Src/stm32f4xx_hal.o
                0x0000000008001394                HAL_GetTick
 .text.HAL_Delay
                0x00000000080013ac       0x48 Drivers/STM32F4xx_HAL_Driver/Src/stm32f4xx_hal.o
                0x00000000080013ac                HAL_Delay
 .text.__NVIC_SetPriorityGrouping
                0x00000000080013f4       0x48 Drivers/STM32F4xx_HAL_Driver/Src/stm32f4xx_hal_cortex.o
 .text.__NVIC_GetPriorityGrouping
                0x000000000800143c       0x1c Drivers/STM32F4xx_HAL_Driver/Src/stm32f4xx_hal_cortex.o
 .text.__NVIC_SetPriority
                0x0000000008001458       0x54 Drivers/STM32F4xx_HAL_Driver/Src/stm32f4xx_hal_cortex.o
 .text.NVIC_EncodePriority
                0x00000000080014ac       0x66 Drivers/STM32F4xx_HAL_Driver/Src/stm32f4xx_hal_cortex.o
 *fill*         0x0000000008001512        0x2 
 .text.SysTick_Config
                0x0000000008001514       0x44 Drivers/STM32F4xx_HAL_Driver/Src/stm32f4xx_hal_cortex.o
 .text.HAL_NVIC_SetPriorityGrouping
                0x0000000008001558       0x16 Drivers/STM32F4xx_HAL_Driver/Src/stm32f4xx_hal_cortex.o
                0x0000000008001558                HAL_NVIC_SetPriorityGrouping
 .text.HAL_NVIC_SetPriority
                0x000000000800156e       0x38 Drivers/STM32F4xx_HAL_Driver/Src/stm32f4xx_hal_cortex.o
                0x000000000800156e                HAL_NVIC_SetPriority
 .text.HAL_SYSTICK_Config
                0x00000000080015a6       0x18 Drivers/STM32F4xx_HAL_Driver/Src/stm32f4xx_hal_cortex.o
                0x00000000080015a6                HAL_SYSTICK_Config
 .text.HAL_FMPI2C_Init
                0x00000000080015be      0x11e Drivers/STM32F4xx_HAL_Driver/Src/stm32f4xx_hal_fmpi2c.o
                0x00000000080015be                HAL_FMPI2C_Init
 .text.HAL_FMPI2CEx_ConfigAnalogFilter
                0x00000000080016dc       0x96 Drivers/STM32F4xx_HAL_Driver/Src/stm32f4xx_hal_fmpi2c_ex.o
                0x00000000080016dc                HAL_FMPI2CEx_ConfigAnalogFilter
 *fill*         0x0000000008001772        0x2 
 .text.HAL_GPIO_Init
                0x0000000008001774      0x328 Drivers/STM32F4xx_HAL_Driver/Src/stm32f4xx_hal_gpio.o
                0x0000000008001774                HAL_GPIO_Init
 .text.HAL_GPIO_WritePin
                0x0000000008001a9c       0x32 Drivers/STM32F4xx_HAL_Driver/Src/stm32f4xx_hal_gpio.o
                0x0000000008001a9c                HAL_GPIO_WritePin
 *fill*         0x0000000008001ace        0x2 
 .text.HAL_I2C_Init
                0x0000000008001ad0      0x288 Drivers/STM32F4xx_HAL_Driver/Src/stm32f4xx_hal_i2c.o
                0x0000000008001ad0                HAL_I2C_Init
 .text.HAL_RCC_ClockConfig
                0x0000000008001d58      0x1cc Drivers/STM32F4xx_HAL_Driver/Src/stm32f4xx_hal_rcc.o
                0x0000000008001d58                HAL_RCC_ClockConfig
 .text.HAL_RCC_GetHCLKFreq
                0x0000000008001f24       0x18 Drivers/STM32F4xx_HAL_Driver/Src/stm32f4xx_hal_rcc.o
                0x0000000008001f24                HAL_RCC_GetHCLKFreq
 .text.HAL_RCC_GetPCLK1Freq
                0x0000000008001f3c       0x28 Drivers/STM32F4xx_HAL_Driver/Src/stm32f4xx_hal_rcc.o
                0x0000000008001f3c                HAL_RCC_GetPCLK1Freq
 .text.HAL_RCC_GetPCLK2Freq
                0x0000000008001f64       0x28 Drivers/STM32F4xx_HAL_Driver/Src/stm32f4xx_hal_rcc.o
                0x0000000008001f64                HAL_RCC_GetPCLK2Freq
 .text.HAL_RCCEx_PeriphCLKConfig
                0x0000000008001f8c      0x654 Drivers/STM32F4xx_HAL_Driver/Src/stm32f4xx_hal_rcc_ex.o
                0x0000000008001f8c                HAL_RCCEx_PeriphCLKConfig
 .text.HAL_RCC_GetSysClockFreq
                0x00000000080025e0      0x364 Drivers/STM32F4xx_HAL_Driver/Src/stm32f4xx_hal_rcc_ex.o
                0x00000000080025e0                HAL_RCC_GetSysClockFreq
 .text.HAL_RCC_OscConfig
                0x0000000008002944      0x53c Drivers/STM32F4xx_HAL_Driver/Src/stm32f4xx_hal_rcc_ex.o
                0x0000000008002944                HAL_RCC_OscConfig
 .text.HAL_SPI_Init
                0x0000000008002e80      0x112 Drivers/STM32F4xx_HAL_Driver/Src/stm32f4xx_hal_spi.o
                0x0000000008002e80                HAL_SPI_Init
 .text.HAL_TIM_Base_Init
                0x0000000008002f92       0x9e Drivers/STM32F4xx_HAL_Driver/Src/stm32f4xx_hal_tim.o
                0x0000000008002f92                HAL_TIM_Base_Init
 .text.HAL_TIM_PWM_Init
                0x0000000008003030       0x9e Drivers/STM32F4xx_HAL_Driver/Src/stm32f4xx_hal_tim.o
                0x0000000008003030                HAL_TIM_PWM_Init
 .text.HAL_TIM_PWM_MspInit
                0x00000000080030ce       0x14 Drivers/STM32F4xx_HAL_Driver/Src/stm32f4xx_hal_tim.o
                0x00000000080030ce                HAL_TIM_PWM_MspInit
 *fill*         0x00000000080030e2        0x2 
 .text.HAL_TIM_PWM_Start
                0x00000000080030e4      0x190 Drivers/STM32F4xx_HAL_Driver/Src/stm32f4xx_hal_tim.o
                0x00000000080030e4                HAL_TIM_PWM_Start
 .text.HAL_TIM_PWM_ConfigChannel
                0x0000000008003274      0x184 Drivers/STM32F4xx_HAL_Driver/Src/stm32f4xx_hal_tim.o
                0x0000000008003274                HAL_TIM_PWM_ConfigChannel
 .text.HAL_TIM_ConfigClockSource
                0x00000000080033f8      0x18e Drivers/STM32F4xx_HAL_Driver/Src/stm32f4xx_hal_tim.o
                0x00000000080033f8                HAL_TIM_ConfigClockSource
 *fill*         0x0000000008003586        0x2 
 .text.TIM_Base_SetConfig
                0x0000000008003588      0x140 Drivers/STM32F4xx_HAL_Driver/Src/stm32f4xx_hal_tim.o
                0x0000000008003588                TIM_Base_SetConfig
 .text.TIM_OC1_SetConfig
                0x00000000080036c8       0xe0 Drivers/STM32F4xx_HAL_Driver/Src/stm32f4xx_hal_tim.o
 .text.TIM_OC2_SetConfig
                0x00000000080037a8       0xec Drivers/STM32F4xx_HAL_Driver/Src/stm32f4xx_hal_tim.o
                0x00000000080037a8                TIM_OC2_SetConfig
 .text.TIM_OC3_SetConfig
                0x0000000008003894       0xe8 Drivers/STM32F4xx_HAL_Driver/Src/stm32f4xx_hal_tim.o
 .text.TIM_OC4_SetConfig
                0x000000000800397c       0xac Drivers/STM32F4xx_HAL_Driver/Src/stm32f4xx_hal_tim.o
 .text.TIM_TI1_ConfigInputStage
                0x0000000008003a28       0x5e Drivers/STM32F4xx_HAL_Driver/Src/stm32f4xx_hal_tim.o
 .text.TIM_TI2_ConfigInputStage
                0x0000000008003a86       0x60 Drivers/STM32F4xx_HAL_Driver/Src/stm32f4xx_hal_tim.o
 .text.TIM_ITRx_SetConfig
                0x0000000008003ae6       0x36 Drivers/STM32F4xx_HAL_Driver/Src/stm32f4xx_hal_tim.o
 .text.TIM_ETR_SetConfig
                0x0000000008003b1c       0x40 Drivers/STM32F4xx_HAL_Driver/Src/stm32f4xx_hal_tim.o
                0x0000000008003b1c                TIM_ETR_SetConfig
 .text.TIM_CCxChannelCmd
                0x0000000008003b5c       0x4a Drivers/STM32F4xx_HAL_Driver/Src/stm32f4xx_hal_tim.o
                0x0000000008003b5c                TIM_CCxChannelCmd
 *fill*         0x0000000008003ba6        0x2 
 .text.HAL_TIMEx_MasterConfigSynchronization
                0x0000000008003ba8       0xf8 Drivers/STM32F4xx_HAL_Driver/Src/stm32f4xx_hal_tim_ex.o
                0x0000000008003ba8                HAL_TIMEx_MasterConfigSynchronization
 .text.HAL_TIMEx_ConfigBreakDeadTime
                0x0000000008003ca0       0xa4 Drivers/STM32F4xx_HAL_Driver/Src/stm32f4xx_hal_tim_ex.o
                0x0000000008003ca0                HAL_TIMEx_ConfigBreakDeadTime
 .text.HAL_UART_Init
                0x0000000008003d44       0x9a Drivers/STM32F4xx_HAL_Driver/Src/stm32f4xx_hal_uart.o
                0x0000000008003d44                HAL_UART_Init
 *fill*         0x0000000008003dde        0x2 
 .text.UART_SetConfig
                0x0000000008003de0      0x390 Drivers/STM32F4xx_HAL_Driver/Src/stm32f4xx_hal_uart.o
 .text.__libc_init_array
                0x0000000008004170       0x48 c:/st/stm32cubeide_1.6.1/stm32cubeide/plugins/com.st.stm32cube.ide.mcu.externaltools.gnu-tools-for-stm32.9-2020-q2-update.win32_1.5.0.202011040924/tools/bin/../lib/gcc/arm-none-eabi/9.3.1/../../../../arm-none-eabi/lib/thumb/v7e-m+fp/hard\libc_nano.a(lib_a-init.o)
                0x0000000008004170                __libc_init_array
 .text.memset   0x00000000080041b8       0x10 c:/st/stm32cubeide_1.6.1/stm32cubeide/plugins/com.st.stm32cube.ide.mcu.externaltools.gnu-tools-for-stm32.9-2020-q2-update.win32_1.5.0.202011040924/tools/bin/../lib/gcc/arm-none-eabi/9.3.1/../../../../arm-none-eabi/lib/thumb/v7e-m+fp/hard\libc_nano.a(lib_a-memset.o)
                0x00000000080041b8                memset
 *(.glue_7)
 .glue_7        0x00000000080041c8        0x0 linker stubs
 *(.glue_7t)
 .glue_7t       0x00000000080041c8        0x0 linker stubs
 *(.eh_frame)
 .eh_frame      0x00000000080041c8        0x0 c:/st/stm32cubeide_1.6.1/stm32cubeide/plugins/com.st.stm32cube.ide.mcu.externaltools.gnu-tools-for-stm32.9-2020-q2-update.win32_1.5.0.202011040924/tools/bin/../lib/gcc/arm-none-eabi/9.3.1/thumb/v7e-m+fp/hard/crtbegin.o
 *(.init)
 .init          0x00000000080041c8        0x4 c:/st/stm32cubeide_1.6.1/stm32cubeide/plugins/com.st.stm32cube.ide.mcu.externaltools.gnu-tools-for-stm32.9-2020-q2-update.win32_1.5.0.202011040924/tools/bin/../lib/gcc/arm-none-eabi/9.3.1/thumb/v7e-m+fp/hard/crti.o
                0x00000000080041c8                _init
 .init          0x00000000080041cc        0x8 c:/st/stm32cubeide_1.6.1/stm32cubeide/plugins/com.st.stm32cube.ide.mcu.externaltools.gnu-tools-for-stm32.9-2020-q2-update.win32_1.5.0.202011040924/tools/bin/../lib/gcc/arm-none-eabi/9.3.1/thumb/v7e-m+fp/hard/crtn.o
 *(.fini)
 .fini          0x00000000080041d4        0x4 c:/st/stm32cubeide_1.6.1/stm32cubeide/plugins/com.st.stm32cube.ide.mcu.externaltools.gnu-tools-for-stm32.9-2020-q2-update.win32_1.5.0.202011040924/tools/bin/../lib/gcc/arm-none-eabi/9.3.1/thumb/v7e-m+fp/hard/crti.o
                0x00000000080041d4                _fini
 .fini          0x00000000080041d8        0x8 c:/st/stm32cubeide_1.6.1/stm32cubeide/plugins/com.st.stm32cube.ide.mcu.externaltools.gnu-tools-for-stm32.9-2020-q2-update.win32_1.5.0.202011040924/tools/bin/../lib/gcc/arm-none-eabi/9.3.1/thumb/v7e-m+fp/hard/crtn.o
                0x00000000080041e0                . = ALIGN (0x4)
                0x00000000080041e0                _etext = .

.vfp11_veneer   0x00000000080041e0        0x0
 .vfp11_veneer  0x00000000080041e0        0x0 linker stubs

.v4_bx          0x00000000080041e0        0x0
 .v4_bx         0x00000000080041e0        0x0 linker stubs

.iplt           0x00000000080041e0        0x0
 .iplt          0x00000000080041e0        0x0 c:/st/stm32cubeide_1.6.1/stm32cubeide/plugins/com.st.stm32cube.ide.mcu.externaltools.gnu-tools-for-stm32.9-2020-q2-update.win32_1.5.0.202011040924/tools/bin/../lib/gcc/arm-none-eabi/9.3.1/thumb/v7e-m+fp/hard/crtbegin.o

.rodata         0x00000000080041e0       0x18
                0x00000000080041e0                . = ALIGN (0x4)
 *(.rodata)
 *(.rodata*)
 .rodata.AHBPrescTable
                0x00000000080041e0       0x10 Core/Src/system_stm32f4xx.o
                0x00000000080041e0                AHBPrescTable
 .rodata.APBPrescTable
                0x00000000080041f0        0x8 Core/Src/system_stm32f4xx.o
                0x00000000080041f0                APBPrescTable
                0x00000000080041f8                . = ALIGN (0x4)

.ARM.extab      0x00000000080041f8        0x0
                0x00000000080041f8                . = ALIGN (0x4)
 *(.ARM.extab* .gnu.linkonce.armextab.*)
                0x00000000080041f8                . = ALIGN (0x4)

.ARM            0x00000000080041f8        0x8
                0x00000000080041f8                . = ALIGN (0x4)
                0x00000000080041f8                __exidx_start = .
 *(.ARM.exidx*)
 .ARM.exidx     0x00000000080041f8        0x8 c:/st/stm32cubeide_1.6.1/stm32cubeide/plugins/com.st.stm32cube.ide.mcu.externaltools.gnu-tools-for-stm32.9-2020-q2-update.win32_1.5.0.202011040924/tools/bin/../lib/gcc/arm-none-eabi/9.3.1/thumb/v7e-m+fp/hard\libgcc.a(_udivmoddi4.o)
                0x0000000008004200                __exidx_end = .
                0x0000000008004200                . = ALIGN (0x4)

.rel.dyn        0x0000000008004200        0x0
 .rel.iplt      0x0000000008004200        0x0 c:/st/stm32cubeide_1.6.1/stm32cubeide/plugins/com.st.stm32cube.ide.mcu.externaltools.gnu-tools-for-stm32.9-2020-q2-update.win32_1.5.0.202011040924/tools/bin/../lib/gcc/arm-none-eabi/9.3.1/thumb/v7e-m+fp/hard/crtbegin.o

.preinit_array  0x0000000008004200        0x0
                0x0000000008004200                . = ALIGN (0x4)
                0x0000000008004200                PROVIDE (__preinit_array_start = .)
 *(.preinit_array*)
                0x0000000008004200                PROVIDE (__preinit_array_end = .)
                0x0000000008004200                . = ALIGN (0x4)

.init_array     0x0000000008004200        0x4
                0x0000000008004200                . = ALIGN (0x4)
                0x0000000008004200                PROVIDE (__init_array_start = .)
 *(SORT_BY_NAME(.init_array.*))
 *(.init_array*)
 .init_array    0x0000000008004200        0x4 c:/st/stm32cubeide_1.6.1/stm32cubeide/plugins/com.st.stm32cube.ide.mcu.externaltools.gnu-tools-for-stm32.9-2020-q2-update.win32_1.5.0.202011040924/tools/bin/../lib/gcc/arm-none-eabi/9.3.1/thumb/v7e-m+fp/hard/crtbegin.o
                0x0000000008004204                PROVIDE (__init_array_end = .)
                0x0000000008004204                . = ALIGN (0x4)

.fini_array     0x0000000008004204        0x4
                0x0000000008004204                . = ALIGN (0x4)
                [!provide]                        PROVIDE (__fini_array_start = .)
 *(SORT_BY_NAME(.fini_array.*))
 *(.fini_array*)
 .fini_array    0x0000000008004204        0x4 c:/st/stm32cubeide_1.6.1/stm32cubeide/plugins/com.st.stm32cube.ide.mcu.externaltools.gnu-tools-for-stm32.9-2020-q2-update.win32_1.5.0.202011040924/tools/bin/../lib/gcc/arm-none-eabi/9.3.1/thumb/v7e-m+fp/hard/crtbegin.o
                [!provide]                        PROVIDE (__fini_array_end = .)
                0x0000000008004208                . = ALIGN (0x4)
                0x0000000008004208                _sidata = LOADADDR (.data)

.data           0x0000000020000000       0x7c load address 0x0000000008004208
                0x0000000020000000                . = ALIGN (0x4)
                0x0000000020000000                _sdata = .
 *(.data)
 *(.data*)
 .data.controllers
                0x0000000020000000       0x70 Core/Src/main.o
 .data.SystemCoreClock
                0x0000000020000070        0x4 Core/Src/system_stm32f4xx.o
                0x0000000020000070                SystemCoreClock
 .data.uwTickPrio
                0x0000000020000074        0x4 Drivers/STM32F4xx_HAL_Driver/Src/stm32f4xx_hal.o
                0x0000000020000074                uwTickPrio
 .data.uwTickFreq
                0x0000000020000078        0x1 Drivers/STM32F4xx_HAL_Driver/Src/stm32f4xx_hal.o
                0x0000000020000078                uwTickFreq
 *(.RamFunc)
 *(.RamFunc*)
                0x000000002000007c                . = ALIGN (0x4)
 *fill*         0x0000000020000079        0x3 
                0x000000002000007c                _edata = .

.igot.plt       0x000000002000007c        0x0 load address 0x0000000008004284
 .igot.plt      0x000000002000007c        0x0 c:/st/stm32cubeide_1.6.1/stm32cubeide/plugins/com.st.stm32cube.ide.mcu.externaltools.gnu-tools-for-stm32.9-2020-q2-update.win32_1.5.0.202011040924/tools/bin/../lib/gcc/arm-none-eabi/9.3.1/thumb/v7e-m+fp/hard/crtbegin.o
                0x000000002000007c                . = ALIGN (0x4)

.bss            0x000000002000007c      0x24c load address 0x0000000008004284
                0x000000002000007c                _sbss = .
                0x000000002000007c                __bss_start__ = _sbss
 *(.bss)
 .bss           0x000000002000007c       0x1c c:/st/stm32cubeide_1.6.1/stm32cubeide/plugins/com.st.stm32cube.ide.mcu.externaltools.gnu-tools-for-stm32.9-2020-q2-update.win32_1.5.0.202011040924/tools/bin/../lib/gcc/arm-none-eabi/9.3.1/thumb/v7e-m+fp/hard/crtbegin.o
 *(.bss*)
 *(COMMON)
 COMMON         0x0000000020000098      0x22c Core/Src/main.o
                0x0000000020000098                hi2c3
                0x00000000200000ec                hspi2
                0x0000000020000144                hi2c1
                0x0000000020000198                hi2c2
                0x00000000200001ec                hfmpi2c1
                0x0000000020000238                htim1
                0x0000000020000280                huart2
 COMMON         0x00000000200002c4        0x4 Drivers/STM32F4xx_HAL_Driver/Src/stm32f4xx_hal.o
                0x00000000200002c4                uwTick
                0x00000000200002c8                . = ALIGN (0x4)
                0x00000000200002c8                _ebss = .
                0x00000000200002c8                __bss_end__ = _ebss

._user_heap_stack
                0x00000000200002c8      0x600 load address 0x0000000008004284
                0x00000000200002c8                . = ALIGN (0x8)
                [!provide]                        PROVIDE (end = .)
                0x00000000200002c8                PROVIDE (_end = .)
                0x00000000200004c8                . = (. + _Min_Heap_Size)
 *fill*         0x00000000200002c8      0x200 
                0x00000000200008c8                . = (. + _Min_Stack_Size)
 *fill*         0x00000000200004c8      0x400 
                0x00000000200008c8                . = ALIGN (0x8)

/DISCARD/
 libc.a(*)
 libm.a(*)
 libgcc.a(*)

.ARM.attributes
                0x0000000000000000       0x30
 *(.ARM.attributes)
 .ARM.attributes
                0x0000000000000000       0x1e c:/st/stm32cubeide_1.6.1/stm32cubeide/plugins/com.st.stm32cube.ide.mcu.externaltools.gnu-tools-for-stm32.9-2020-q2-update.win32_1.5.0.202011040924/tools/bin/../lib/gcc/arm-none-eabi/9.3.1/thumb/v7e-m+fp/hard/crti.o
 .ARM.attributes
                0x000000000000001e       0x34 c:/st/stm32cubeide_1.6.1/stm32cubeide/plugins/com.st.stm32cube.ide.mcu.externaltools.gnu-tools-for-stm32.9-2020-q2-update.win32_1.5.0.202011040924/tools/bin/../lib/gcc/arm-none-eabi/9.3.1/thumb/v7e-m+fp/hard/crtbegin.o
 .ARM.attributes
                0x0000000000000052       0x34 Core/Src/l298n_motor_controller.o
 .ARM.attributes
                0x0000000000000086       0x34 Core/Src/main.o
 .ARM.attributes
                0x00000000000000ba       0x34 Core/Src/stm32f4xx_hal_msp.o
 .ARM.attributes
                0x00000000000000ee       0x34 Core/Src/stm32f4xx_it.o
 .ARM.attributes
                0x0000000000000122       0x34 Core/Src/system_stm32f4xx.o
 .ARM.attributes
                0x0000000000000156       0x21 Core/Startup/startup_stm32f446retx.o
 .ARM.attributes
                0x0000000000000177       0x34 Drivers/STM32F4xx_HAL_Driver/Src/stm32f4xx_hal.o
 .ARM.attributes
                0x00000000000001ab       0x34 Drivers/STM32F4xx_HAL_Driver/Src/stm32f4xx_hal_cortex.o
 .ARM.attributes
                0x00000000000001df       0x34 Drivers/STM32F4xx_HAL_Driver/Src/stm32f4xx_hal_fmpi2c.o
 .ARM.attributes
                0x0000000000000213       0x34 Drivers/STM32F4xx_HAL_Driver/Src/stm32f4xx_hal_fmpi2c_ex.o
 .ARM.attributes
                0x0000000000000247       0x34 Drivers/STM32F4xx_HAL_Driver/Src/stm32f4xx_hal_gpio.o
 .ARM.attributes
                0x000000000000027b       0x34 Drivers/STM32F4xx_HAL_Driver/Src/stm32f4xx_hal_i2c.o
 .ARM.attributes
                0x00000000000002af       0x34 Drivers/STM32F4xx_HAL_Driver/Src/stm32f4xx_hal_rcc.o
 .ARM.attributes
                0x00000000000002e3       0x34 Drivers/STM32F4xx_HAL_Driver/Src/stm32f4xx_hal_rcc_ex.o
 .ARM.attributes
                0x0000000000000317       0x34 Drivers/STM32F4xx_HAL_Driver/Src/stm32f4xx_hal_spi.o
 .ARM.attributes
                0x000000000000034b       0x34 Drivers/STM32F4xx_HAL_Driver/Src/stm32f4xx_hal_tim.o
 .ARM.attributes
                0x000000000000037f       0x34 Drivers/STM32F4xx_HAL_Driver/Src/stm32f4xx_hal_tim_ex.o
 .ARM.attributes
                0x00000000000003b3       0x34 Drivers/STM32F4xx_HAL_Driver/Src/stm32f4xx_hal_uart.o
 .ARM.attributes
                0x00000000000003e7       0x34 c:/st/stm32cubeide_1.6.1/stm32cubeide/plugins/com.st.stm32cube.ide.mcu.externaltools.gnu-tools-for-stm32.9-2020-q2-update.win32_1.5.0.202011040924/tools/bin/../lib/gcc/arm-none-eabi/9.3.1/../../../../arm-none-eabi/lib/thumb/v7e-m+fp/hard\libc_nano.a(lib_a-init.o)
 .ARM.attributes
                0x000000000000041b       0x34 c:/st/stm32cubeide_1.6.1/stm32cubeide/plugins/com.st.stm32cube.ide.mcu.externaltools.gnu-tools-for-stm32.9-2020-q2-update.win32_1.5.0.202011040924/tools/bin/../lib/gcc/arm-none-eabi/9.3.1/../../../../arm-none-eabi/lib/thumb/v7e-m+fp/hard\libc_nano.a(lib_a-memset.o)
 .ARM.attributes
                0x000000000000044f       0x1e c:/st/stm32cubeide_1.6.1/stm32cubeide/plugins/com.st.stm32cube.ide.mcu.externaltools.gnu-tools-for-stm32.9-2020-q2-update.win32_1.5.0.202011040924/tools/bin/../lib/gcc/arm-none-eabi/9.3.1/thumb/v7e-m+fp/hard\libgcc.a(_aeabi_uldivmod.o)
 .ARM.attributes
                0x000000000000046d       0x34 c:/st/stm32cubeide_1.6.1/stm32cubeide/plugins/com.st.stm32cube.ide.mcu.externaltools.gnu-tools-for-stm32.9-2020-q2-update.win32_1.5.0.202011040924/tools/bin/../lib/gcc/arm-none-eabi/9.3.1/thumb/v7e-m+fp/hard\libgcc.a(_udivmoddi4.o)
 .ARM.attributes
                0x00000000000004a1       0x1e c:/st/stm32cubeide_1.6.1/stm32cubeide/plugins/com.st.stm32cube.ide.mcu.externaltools.gnu-tools-for-stm32.9-2020-q2-update.win32_1.5.0.202011040924/tools/bin/../lib/gcc/arm-none-eabi/9.3.1/thumb/v7e-m+fp/hard\libgcc.a(_dvmd_tls.o)
 .ARM.attributes
                0x00000000000004bf       0x1e c:/st/stm32cubeide_1.6.1/stm32cubeide/plugins/com.st.stm32cube.ide.mcu.externaltools.gnu-tools-for-stm32.9-2020-q2-update.win32_1.5.0.202011040924/tools/bin/../lib/gcc/arm-none-eabi/9.3.1/thumb/v7e-m+fp/hard/crtn.o
OUTPUT(murphy.elf elf32-littlearm)
LOAD linker stubs
LOAD c:/st/stm32cubeide_1.6.1/stm32cubeide/plugins/com.st.stm32cube.ide.mcu.externaltools.gnu-tools-for-stm32.9-2020-q2-update.win32_1.5.0.202011040924/tools/bin/../lib/gcc/arm-none-eabi/9.3.1/../../../../arm-none-eabi/lib/thumb/v7e-m+fp/hard\libc.a
LOAD c:/st/stm32cubeide_1.6.1/stm32cubeide/plugins/com.st.stm32cube.ide.mcu.externaltools.gnu-tools-for-stm32.9-2020-q2-update.win32_1.5.0.202011040924/tools/bin/../lib/gcc/arm-none-eabi/9.3.1/../../../../arm-none-eabi/lib/thumb/v7e-m+fp/hard\libm.a
LOAD c:/st/stm32cubeide_1.6.1/stm32cubeide/plugins/com.st.stm32cube.ide.mcu.externaltools.gnu-tools-for-stm32.9-2020-q2-update.win32_1.5.0.202011040924/tools/bin/../lib/gcc/arm-none-eabi/9.3.1/thumb/v7e-m+fp/hard\libgcc.a

.debug_info     0x0000000000000000    0x15cdc
 .debug_info    0x0000000000000000      0x9bf Core/Src/l298n_motor_controller.o
 .debug_info    0x00000000000009bf     0x1d66 Core/Src/main.o
 .debug_info    0x0000000000002725     0x1914 Core/Src/stm32f4xx_hal_msp.o
 .debug_info    0x0000000000004039      0x222 Core/Src/stm32f4xx_it.o
 .debug_info    0x000000000000425b      0x5dc Core/Src/system_stm32f4xx.o
 .debug_info    0x0000000000004837       0x22 Core/Startup/startup_stm32f446retx.o
 .debug_info    0x0000000000004859      0xa08 Drivers/STM32F4xx_HAL_Driver/Src/stm32f4xx_hal.o
 .debug_info    0x0000000000005261      0xef5 Drivers/STM32F4xx_HAL_Driver/Src/stm32f4xx_hal_cortex.o
 .debug_info    0x0000000000006156     0x221e Drivers/STM32F4xx_HAL_Driver/Src/stm32f4xx_hal_fmpi2c.o
 .debug_info    0x0000000000008374      0xab8 Drivers/STM32F4xx_HAL_Driver/Src/stm32f4xx_hal_fmpi2c_ex.o
 .debug_info    0x0000000000008e2c      0x892 Drivers/STM32F4xx_HAL_Driver/Src/stm32f4xx_hal_gpio.o
 .debug_info    0x00000000000096be     0x265b Drivers/STM32F4xx_HAL_Driver/Src/stm32f4xx_hal_i2c.o
 .debug_info    0x000000000000bd19      0x9db Drivers/STM32F4xx_HAL_Driver/Src/stm32f4xx_hal_rcc.o
 .debug_info    0x000000000000c6f4      0xa86 Drivers/STM32F4xx_HAL_Driver/Src/stm32f4xx_hal_rcc_ex.o
 .debug_info    0x000000000000d17a     0x17c0 Drivers/STM32F4xx_HAL_Driver/Src/stm32f4xx_hal_spi.o
 .debug_info    0x000000000000e93a     0x2c22 Drivers/STM32F4xx_HAL_Driver/Src/stm32f4xx_hal_tim.o
 .debug_info    0x000000000001155c     0x15a2 Drivers/STM32F4xx_HAL_Driver/Src/stm32f4xx_hal_tim_ex.o
 .debug_info    0x0000000000012afe     0x31de Drivers/STM32F4xx_HAL_Driver/Src/stm32f4xx_hal_uart.o

.debug_abbrev   0x0000000000000000     0x24c6
 .debug_abbrev  0x0000000000000000      0x1de Core/Src/l298n_motor_controller.o
 .debug_abbrev  0x00000000000001de      0x27a Core/Src/main.o
 .debug_abbrev  0x0000000000000458      0x224 Core/Src/stm32f4xx_hal_msp.o
 .debug_abbrev  0x000000000000067c       0xd2 Core/Src/stm32f4xx_it.o
 .debug_abbrev  0x000000000000074e      0x145 Core/Src/system_stm32f4xx.o
 .debug_abbrev  0x0000000000000893       0x12 Core/Startup/startup_stm32f446retx.o
 .debug_abbrev  0x00000000000008a5      0x1ed Drivers/STM32F4xx_HAL_Driver/Src/stm32f4xx_hal.o
 .debug_abbrev  0x0000000000000a92      0x33c Drivers/STM32F4xx_HAL_Driver/Src/stm32f4xx_hal_cortex.o
 .debug_abbrev  0x0000000000000dce      0x256 Drivers/STM32F4xx_HAL_Driver/Src/stm32f4xx_hal_fmpi2c.o
 .debug_abbrev  0x0000000000001024      0x1bb Drivers/STM32F4xx_HAL_Driver/Src/stm32f4xx_hal_fmpi2c_ex.o
 .debug_abbrev  0x00000000000011df      0x1f1 Drivers/STM32F4xx_HAL_Driver/Src/stm32f4xx_hal_gpio.o
 .debug_abbrev  0x00000000000013d0      0x282 Drivers/STM32F4xx_HAL_Driver/Src/stm32f4xx_hal_i2c.o
 .debug_abbrev  0x0000000000001652      0x275 Drivers/STM32F4xx_HAL_Driver/Src/stm32f4xx_hal_rcc.o
 .debug_abbrev  0x00000000000018c7      0x1e2 Drivers/STM32F4xx_HAL_Driver/Src/stm32f4xx_hal_rcc_ex.o
 .debug_abbrev  0x0000000000001aa9      0x26e Drivers/STM32F4xx_HAL_Driver/Src/stm32f4xx_hal_spi.o
 .debug_abbrev  0x0000000000001d17      0x25e Drivers/STM32F4xx_HAL_Driver/Src/stm32f4xx_hal_tim.o
 .debug_abbrev  0x0000000000001f75      0x266 Drivers/STM32F4xx_HAL_Driver/Src/stm32f4xx_hal_tim_ex.o
 .debug_abbrev  0x00000000000021db      0x2eb Drivers/STM32F4xx_HAL_Driver/Src/stm32f4xx_hal_uart.o

.debug_aranges  0x0000000000000000     0x1398
 .debug_aranges
                0x0000000000000000       0x30 Core/Src/l298n_motor_controller.o
 .debug_aranges
                0x0000000000000030       0x70 Core/Src/main.o
 .debug_aranges
                0x00000000000000a0       0x78 Core/Src/stm32f4xx_hal_msp.o
 .debug_aranges
                0x0000000000000118       0x60 Core/Src/stm32f4xx_it.o
 .debug_aranges
                0x0000000000000178       0x28 Core/Src/system_stm32f4xx.o
 .debug_aranges
                0x00000000000001a0       0x28 Core/Startup/startup_stm32f446retx.o
 .debug_aranges
                0x00000000000001c8       0xf0 Drivers/STM32F4xx_HAL_Driver/Src/stm32f4xx_hal.o
 .debug_aranges
                0x00000000000002b8      0x118 Drivers/STM32F4xx_HAL_Driver/Src/stm32f4xx_hal_cortex.o
 .debug_aranges
                0x00000000000003d0      0x290 Drivers/STM32F4xx_HAL_Driver/Src/stm32f4xx_hal_fmpi2c.o
 .debug_aranges
                0x0000000000000660       0x38 Drivers/STM32F4xx_HAL_Driver/Src/stm32f4xx_hal_fmpi2c_ex.o
 .debug_aranges
                0x0000000000000698       0x58 Drivers/STM32F4xx_HAL_Driver/Src/stm32f4xx_hal_gpio.o
 .debug_aranges
                0x00000000000006f0      0x2a0 Drivers/STM32F4xx_HAL_Driver/Src/stm32f4xx_hal_i2c.o
 .debug_aranges
                0x0000000000000990       0x88 Drivers/STM32F4xx_HAL_Driver/Src/stm32f4xx_hal_rcc.o
 .debug_aranges
                0x0000000000000a18       0x78 Drivers/STM32F4xx_HAL_Driver/Src/stm32f4xx_hal_rcc_ex.o
 .debug_aranges
                0x0000000000000a90      0x1d0 Drivers/STM32F4xx_HAL_Driver/Src/stm32f4xx_hal_spi.o
 .debug_aranges
                0x0000000000000c60      0x3d0 Drivers/STM32F4xx_HAL_Driver/Src/stm32f4xx_hal_tim.o
 .debug_aranges
                0x0000000000001030      0x168 Drivers/STM32F4xx_HAL_Driver/Src/stm32f4xx_hal_tim_ex.o
 .debug_aranges
                0x0000000000001198      0x200 Drivers/STM32F4xx_HAL_Driver/Src/stm32f4xx_hal_uart.o

.debug_ranges   0x0000000000000000     0x12d8
 .debug_ranges  0x0000000000000000       0x20 Core/Src/l298n_motor_controller.o
 .debug_ranges  0x0000000000000020       0x60 Core/Src/main.o
 .debug_ranges  0x0000000000000080       0x68 Core/Src/stm32f4xx_hal_msp.o
 .debug_ranges  0x00000000000000e8       0x50 Core/Src/stm32f4xx_it.o
 .debug_ranges  0x0000000000000138       0x18 Core/Src/system_stm32f4xx.o
 .debug_ranges  0x0000000000000150       0x20 Core/Startup/startup_stm32f446retx.o
 .debug_ranges  0x0000000000000170       0xe0 Drivers/STM32F4xx_HAL_Driver/Src/stm32f4xx_hal.o
 .debug_ranges  0x0000000000000250      0x108 Drivers/STM32F4xx_HAL_Driver/Src/stm32f4xx_hal_cortex.o
 .debug_ranges  0x0000000000000358      0x280 Drivers/STM32F4xx_HAL_Driver/Src/stm32f4xx_hal_fmpi2c.o
 .debug_ranges  0x00000000000005d8       0x28 Drivers/STM32F4xx_HAL_Driver/Src/stm32f4xx_hal_fmpi2c_ex.o
 .debug_ranges  0x0000000000000600       0x48 Drivers/STM32F4xx_HAL_Driver/Src/stm32f4xx_hal_gpio.o
 .debug_ranges  0x0000000000000648      0x2b8 Drivers/STM32F4xx_HAL_Driver/Src/stm32f4xx_hal_i2c.o
 .debug_ranges  0x0000000000000900       0x78 Drivers/STM32F4xx_HAL_Driver/Src/stm32f4xx_hal_rcc.o
 .debug_ranges  0x0000000000000978       0x68 Drivers/STM32F4xx_HAL_Driver/Src/stm32f4xx_hal_rcc_ex.o
 .debug_ranges  0x00000000000009e0      0x1c0 Drivers/STM32F4xx_HAL_Driver/Src/stm32f4xx_hal_spi.o
 .debug_ranges  0x0000000000000ba0      0x3c0 Drivers/STM32F4xx_HAL_Driver/Src/stm32f4xx_hal_tim.o
 .debug_ranges  0x0000000000000f60      0x158 Drivers/STM32F4xx_HAL_Driver/Src/stm32f4xx_hal_tim_ex.o
 .debug_ranges  0x00000000000010b8      0x220 Drivers/STM32F4xx_HAL_Driver/Src/stm32f4xx_hal_uart.o

.debug_macro    0x0000000000000000    0x2252a
 .debug_macro   0x0000000000000000      0x229 Core/Src/l298n_motor_controller.o
 .debug_macro   0x0000000000000229      0xaa8 Core/Src/l298n_motor_controller.o
 .debug_macro   0x0000000000000cd1      0x2ad Core/Src/l298n_motor_controller.o
 .debug_macro   0x0000000000000f7e       0x2e Core/Src/l298n_motor_controller.o
 .debug_macro   0x0000000000000fac       0x28 Core/Src/l298n_motor_controller.o
 .debug_macro   0x0000000000000fd4       0x22 Core/Src/l298n_motor_controller.o
 .debug_macro   0x0000000000000ff6       0x8e Core/Src/l298n_motor_controller.o
 .debug_macro   0x0000000000001084       0x51 Core/Src/l298n_motor_controller.o
 .debug_macro   0x00000000000010d5      0x103 Core/Src/l298n_motor_controller.o
 .debug_macro   0x00000000000011d8       0x6a Core/Src/l298n_motor_controller.o
 .debug_macro   0x0000000000001242      0x1df Core/Src/l298n_motor_controller.o
 .debug_macro   0x0000000000001421       0x1c Core/Src/l298n_motor_controller.o
 .debug_macro   0x000000000000143d       0x22 Core/Src/l298n_motor_controller.o
 .debug_macro   0x000000000000145f       0xdf Core/Src/l298n_motor_controller.o
 .debug_macro   0x000000000000153e     0x102d Core/Src/l298n_motor_controller.o
 .debug_macro   0x000000000000256b      0x11f Core/Src/l298n_motor_controller.o
 .debug_macro   0x000000000000268a    0x16749 Core/Src/l298n_motor_controller.o
 .debug_macro   0x0000000000018dd3       0x6d Core/Src/l298n_motor_controller.o
 .debug_macro   0x0000000000018e40     0x3666 Core/Src/l298n_motor_controller.o
 .debug_macro   0x000000000001c4a6      0x174 Core/Src/l298n_motor_controller.o
 .debug_macro   0x000000000001c61a       0x5c Core/Src/l298n_motor_controller.o
 .debug_macro   0x000000000001c676      0xc90 Core/Src/l298n_motor_controller.o
 .debug_macro   0x000000000001d306      0x9fe Core/Src/l298n_motor_controller.o
 .debug_macro   0x000000000001dd04      0x116 Core/Src/l298n_motor_controller.o
 .debug_macro   0x000000000001de1a      0x1a0 Core/Src/l298n_motor_controller.o
 .debug_macro   0x000000000001dfba       0xa5 Core/Src/l298n_motor_controller.o
 .debug_macro   0x000000000001e05f      0x16d Core/Src/l298n_motor_controller.o
 .debug_macro   0x000000000001e1cc      0x287 Core/Src/l298n_motor_controller.o
 .debug_macro   0x000000000001e453       0x5f Core/Src/l298n_motor_controller.o
 .debug_macro   0x000000000001e4b2      0x236 Core/Src/l298n_motor_controller.o
 .debug_macro   0x000000000001e6e8      0x132 Core/Src/l298n_motor_controller.o
 .debug_macro   0x000000000001e81a      0x29c Core/Src/l298n_motor_controller.o
 .debug_macro   0x000000000001eab6       0x2e Core/Src/l298n_motor_controller.o
 .debug_macro   0x000000000001eae4      0x1b5 Core/Src/l298n_motor_controller.o
 .debug_macro   0x000000000001ec99       0x22 Core/Src/l298n_motor_controller.o
 .debug_macro   0x000000000001ecbb       0xd6 Core/Src/l298n_motor_controller.o
 .debug_macro   0x000000000001ed91      0x11a Core/Src/l298n_motor_controller.o
 .debug_macro   0x000000000001eeab       0xe8 Core/Src/l298n_motor_controller.o
 .debug_macro   0x000000000001ef93       0x89 Core/Src/l298n_motor_controller.o
 .debug_macro   0x000000000001f01c      0x225 Core/Src/l298n_motor_controller.o
 .debug_macro   0x000000000001f241      0x8d1 Core/Src/l298n_motor_controller.o
 .debug_macro   0x000000000001fb12       0x4d Core/Src/l298n_motor_controller.o
 .debug_macro   0x000000000001fb5f      0x295 Core/Src/l298n_motor_controller.o
 .debug_macro   0x000000000001fdf4      0x22c Core/Src/l298n_motor_controller.o
 .debug_macro   0x0000000000020020       0x34 Core/Src/l298n_motor_controller.o
 .debug_macro   0x0000000000020054       0xa5 Core/Src/l298n_motor_controller.o
 .debug_macro   0x00000000000200f9      0x126 Core/Src/l298n_motor_controller.o
 .debug_macro   0x000000000002021f       0x22 Core/Src/l298n_motor_controller.o
 .debug_macro   0x0000000000020241      0x22c Core/Src/main.o
 .debug_macro   0x000000000002046d       0x58 Core/Src/main.o
 .debug_macro   0x00000000000204c5      0x219 Core/Src/stm32f4xx_hal_msp.o
 .debug_macro   0x00000000000206de      0x223 Core/Src/stm32f4xx_it.o
 .debug_macro   0x0000000000020901      0x20a Core/Src/system_stm32f4xx.o
 .debug_macro   0x0000000000020b0b      0x26a Drivers/STM32F4xx_HAL_Driver/Src/stm32f4xx_hal.o
 .debug_macro   0x0000000000020d75      0x20a Drivers/STM32F4xx_HAL_Driver/Src/stm32f4xx_hal_cortex.o
 .debug_macro   0x0000000000020f7f      0x2cf Drivers/STM32F4xx_HAL_Driver/Src/stm32f4xx_hal_fmpi2c.o
 .debug_macro   0x000000000002124e      0x20a Drivers/STM32F4xx_HAL_Driver/Src/stm32f4xx_hal_fmpi2c_ex.o
 .debug_macro   0x0000000000021458      0x210 Drivers/STM32F4xx_HAL_Driver/Src/stm32f4xx_hal_gpio.o
 .debug_macro   0x0000000000021668      0x251 Drivers/STM32F4xx_HAL_Driver/Src/stm32f4xx_hal_i2c.o
 .debug_macro   0x00000000000218b9      0x22e Drivers/STM32F4xx_HAL_Driver/Src/stm32f4xx_hal_rcc.o
 .debug_macro   0x0000000000021ae7      0x20a Drivers/STM32F4xx_HAL_Driver/Src/stm32f4xx_hal_rcc_ex.o
 .debug_macro   0x0000000000021cf1      0x219 Drivers/STM32F4xx_HAL_Driver/Src/stm32f4xx_hal_spi.o
 .debug_macro   0x0000000000021f0a      0x20b Drivers/STM32F4xx_HAL_Driver/Src/stm32f4xx_hal_tim.o
 .debug_macro   0x0000000000022115      0x20a Drivers/STM32F4xx_HAL_Driver/Src/stm32f4xx_hal_tim_ex.o
 .debug_macro   0x000000000002231f      0x20b Drivers/STM32F4xx_HAL_Driver/Src/stm32f4xx_hal_uart.o

.debug_line     0x0000000000000000    0x17f54
 .debug_line    0x0000000000000000      0x7eb Core/Src/l298n_motor_controller.o
 .debug_line    0x00000000000007eb      0xadf Core/Src/main.o
 .debug_line    0x00000000000012ca      0x98f Core/Src/stm32f4xx_hal_msp.o
 .debug_line    0x0000000000001c59      0x808 Core/Src/stm32f4xx_it.o
 .debug_line    0x0000000000002461      0x7c7 Core/Src/system_stm32f4xx.o
 .debug_line    0x0000000000002c28       0x88 Core/Startup/startup_stm32f446retx.o
 .debug_line    0x0000000000002cb0      0xa2d Drivers/STM32F4xx_HAL_Driver/Src/stm32f4xx_hal.o
 .debug_line    0x00000000000036dd      0xcdc Drivers/STM32F4xx_HAL_Driver/Src/stm32f4xx_hal_cortex.o
 .debug_line    0x00000000000043b9     0x330d Drivers/STM32F4xx_HAL_Driver/Src/stm32f4xx_hal_fmpi2c.o
 .debug_line    0x00000000000076c6      0x882 Drivers/STM32F4xx_HAL_Driver/Src/stm32f4xx_hal_fmpi2c_ex.o
 .debug_line    0x0000000000007f48      0xb8f Drivers/STM32F4xx_HAL_Driver/Src/stm32f4xx_hal_gpio.o
 .debug_line    0x0000000000008ad7     0x39d9 Drivers/STM32F4xx_HAL_Driver/Src/stm32f4xx_hal_i2c.o
 .debug_line    0x000000000000c4b0      0xdb5 Drivers/STM32F4xx_HAL_Driver/Src/stm32f4xx_hal_rcc.o
 .debug_line    0x000000000000d265     0x143b Drivers/STM32F4xx_HAL_Driver/Src/stm32f4xx_hal_rcc_ex.o
 .debug_line    0x000000000000e6a0     0x1cb5 Drivers/STM32F4xx_HAL_Driver/Src/stm32f4xx_hal_spi.o
 .debug_line    0x0000000000010355     0x3721 Drivers/STM32F4xx_HAL_Driver/Src/stm32f4xx_hal_tim.o
 .debug_line    0x0000000000013a76     0x1a2a Drivers/STM32F4xx_HAL_Driver/Src/stm32f4xx_hal_tim_ex.o
 .debug_line    0x00000000000154a0     0x2ab4 Drivers/STM32F4xx_HAL_Driver/Src/stm32f4xx_hal_uart.o

.debug_str      0x0000000000000000    0xd3b18
 .debug_str     0x0000000000000000    0xcdf8d Core/Src/l298n_motor_controller.o
                                      0xce34b (size before relaxing)
 .debug_str     0x00000000000cdf8d      0xf8f Core/Src/main.o
                                      0xcf333 (size before relaxing)
 .debug_str     0x00000000000cef1c      0x123 Core/Src/stm32f4xx_hal_msp.o
                                      0xced75 (size before relaxing)
 .debug_str     0x00000000000cf03f       0xbd Core/Src/stm32f4xx_it.o
                                      0xcde06 (size before relaxing)
 .debug_str     0x00000000000cf0fc       0xaf Core/Src/system_stm32f4xx.o
                                      0xcdde9 (size before relaxing)
 .debug_str     0x00000000000cf1ab       0x36 Core/Startup/startup_stm32f446retx.o
                                         0x58 (size before relaxing)
 .debug_str     0x00000000000cf1e1      0xa73 Drivers/STM32F4xx_HAL_Driver/Src/stm32f4xx_hal.o
                                      0xce90c (size before relaxing)
 .debug_str     0x00000000000cfc54      0x399 Drivers/STM32F4xx_HAL_Driver/Src/stm32f4xx_hal_cortex.o
                                      0xce6d6 (size before relaxing)
 .debug_str     0x00000000000cffed      0xeab Drivers/STM32F4xx_HAL_Driver/Src/stm32f4xx_hal_fmpi2c.o
                                      0xcf1c1 (size before relaxing)
 .debug_str     0x00000000000d0e98       0xb5 Drivers/STM32F4xx_HAL_Driver/Src/stm32f4xx_hal_fmpi2c_ex.o
                                      0xce3d5 (size before relaxing)
 .debug_str     0x00000000000d0f4d      0x13c Drivers/STM32F4xx_HAL_Driver/Src/stm32f4xx_hal_gpio.o
                                      0xcdf90 (size before relaxing)
 .debug_str     0x00000000000d1089      0x94a Drivers/STM32F4xx_HAL_Driver/Src/stm32f4xx_hal_i2c.o
                                      0xced4b (size before relaxing)
 .debug_str     0x00000000000d19d3      0x24e Drivers/STM32F4xx_HAL_Driver/Src/stm32f4xx_hal_rcc.o
                                      0xce1f0 (size before relaxing)
 .debug_str     0x00000000000d1c21      0x1b7 Drivers/STM32F4xx_HAL_Driver/Src/stm32f4xx_hal_rcc_ex.o
                                      0xce24d (size before relaxing)
 .debug_str     0x00000000000d1dd8      0x55f Drivers/STM32F4xx_HAL_Driver/Src/stm32f4xx_hal_spi.o
                                      0xce668 (size before relaxing)
 .debug_str     0x00000000000d2337      0xd8b Drivers/STM32F4xx_HAL_Driver/Src/stm32f4xx_hal_tim.o
                                      0xcf0f3 (size before relaxing)
 .debug_str     0x00000000000d30c2      0x45a Drivers/STM32F4xx_HAL_Driver/Src/stm32f4xx_hal_tim_ex.o
                                      0xce8a4 (size before relaxing)
 .debug_str     0x00000000000d351c      0x5fc Drivers/STM32F4xx_HAL_Driver/Src/stm32f4xx_hal_uart.o
                                      0xce74c (size before relaxing)

.comment        0x0000000000000000       0x53
 .comment       0x0000000000000000       0x53 Core/Src/l298n_motor_controller.o
                                         0x54 (size before relaxing)
 .comment       0x0000000000000053       0x54 Core/Src/main.o
 .comment       0x0000000000000053       0x54 Core/Src/stm32f4xx_hal_msp.o
 .comment       0x0000000000000053       0x54 Core/Src/stm32f4xx_it.o
 .comment       0x0000000000000053       0x54 Core/Src/system_stm32f4xx.o
 .comment       0x0000000000000053       0x54 Drivers/STM32F4xx_HAL_Driver/Src/stm32f4xx_hal.o
 .comment       0x0000000000000053       0x54 Drivers/STM32F4xx_HAL_Driver/Src/stm32f4xx_hal_cortex.o
 .comment       0x0000000000000053       0x54 Drivers/STM32F4xx_HAL_Driver/Src/stm32f4xx_hal_fmpi2c.o
 .comment       0x0000000000000053       0x54 Drivers/STM32F4xx_HAL_Driver/Src/stm32f4xx_hal_fmpi2c_ex.o
 .comment       0x0000000000000053       0x54 Drivers/STM32F4xx_HAL_Driver/Src/stm32f4xx_hal_gpio.o
 .comment       0x0000000000000053       0x54 Drivers/STM32F4xx_HAL_Driver/Src/stm32f4xx_hal_i2c.o
 .comment       0x0000000000000053       0x54 Drivers/STM32F4xx_HAL_Driver/Src/stm32f4xx_hal_rcc.o
 .comment       0x0000000000000053       0x54 Drivers/STM32F4xx_HAL_Driver/Src/stm32f4xx_hal_rcc_ex.o
 .comment       0x0000000000000053       0x54 Drivers/STM32F4xx_HAL_Driver/Src/stm32f4xx_hal_spi.o
 .comment       0x0000000000000053       0x54 Drivers/STM32F4xx_HAL_Driver/Src/stm32f4xx_hal_tim.o
 .comment       0x0000000000000053       0x54 Drivers/STM32F4xx_HAL_Driver/Src/stm32f4xx_hal_tim_ex.o
 .comment       0x0000000000000053       0x54 Drivers/STM32F4xx_HAL_Driver/Src/stm32f4xx_hal_uart.o

.debug_frame    0x0000000000000000     0x5520
 .debug_frame   0x0000000000000000       0x80 Core/Src/l298n_motor_controller.o
 .debug_frame   0x0000000000000080      0x160 Core/Src/main.o
 .debug_frame   0x00000000000001e0      0x1c8 Core/Src/stm32f4xx_hal_msp.o
 .debug_frame   0x00000000000003a8      0x104 Core/Src/stm32f4xx_it.o
 .debug_frame   0x00000000000004ac       0x58 Core/Src/system_stm32f4xx.o
 .debug_frame   0x0000000000000504      0x374 Drivers/STM32F4xx_HAL_Driver/Src/stm32f4xx_hal.o
 .debug_frame   0x0000000000000878      0x498 Drivers/STM32F4xx_HAL_Driver/Src/stm32f4xx_hal_cortex.o
 .debug_frame   0x0000000000000d10      0xbe8 Drivers/STM32F4xx_HAL_Driver/Src/stm32f4xx_hal_fmpi2c.o
 .debug_frame   0x00000000000018f8       0xb0 Drivers/STM32F4xx_HAL_Driver/Src/stm32f4xx_hal_fmpi2c_ex.o
 .debug_frame   0x00000000000019a8      0x14c Drivers/STM32F4xx_HAL_Driver/Src/stm32f4xx_hal_gpio.o
 .debug_frame   0x0000000000001af4      0xc5c Drivers/STM32F4xx_HAL_Driver/Src/stm32f4xx_hal_i2c.o
 .debug_frame   0x0000000000002750      0x1f0 Drivers/STM32F4xx_HAL_Driver/Src/stm32f4xx_hal_rcc.o
 .debug_frame   0x0000000000002940      0x1e8 Drivers/STM32F4xx_HAL_Driver/Src/stm32f4xx_hal_rcc_ex.o
 .debug_frame   0x0000000000002b28      0x824 Drivers/STM32F4xx_HAL_Driver/Src/stm32f4xx_hal_spi.o
 .debug_frame   0x000000000000334c     0x11c4 Drivers/STM32F4xx_HAL_Driver/Src/stm32f4xx_hal_tim.o
 .debug_frame   0x0000000000004510      0x638 Drivers/STM32F4xx_HAL_Driver/Src/stm32f4xx_hal_tim_ex.o
 .debug_frame   0x0000000000004b48      0x92c Drivers/STM32F4xx_HAL_Driver/Src/stm32f4xx_hal_uart.o
 .debug_frame   0x0000000000005474       0x2c c:/st/stm32cubeide_1.6.1/stm32cubeide/plugins/com.st.stm32cube.ide.mcu.externaltools.gnu-tools-for-stm32.9-2020-q2-update.win32_1.5.0.202011040924/tools/bin/../lib/gcc/arm-none-eabi/9.3.1/../../../../arm-none-eabi/lib/thumb/v7e-m+fp/hard\libc_nano.a(lib_a-init.o)
 .debug_frame   0x00000000000054a0       0x20 c:/st/stm32cubeide_1.6.1/stm32cubeide/plugins/com.st.stm32cube.ide.mcu.externaltools.gnu-tools-for-stm32.9-2020-q2-update.win32_1.5.0.202011040924/tools/bin/../lib/gcc/arm-none-eabi/9.3.1/../../../../arm-none-eabi/lib/thumb/v7e-m+fp/hard\libc_nano.a(lib_a-memset.o)
 .debug_frame   0x00000000000054c0       0x2c c:/st/stm32cubeide_1.6.1/stm32cubeide/plugins/com.st.stm32cube.ide.mcu.externaltools.gnu-tools-for-stm32.9-2020-q2-update.win32_1.5.0.202011040924/tools/bin/../lib/gcc/arm-none-eabi/9.3.1/thumb/v7e-m+fp/hard\libgcc.a(_aeabi_uldivmod.o)
 .debug_frame   0x00000000000054ec       0x34 c:/st/stm32cubeide_1.6.1/stm32cubeide/plugins/com.st.stm32cube.ide.mcu.externaltools.gnu-tools-for-stm32.9-2020-q2-update.win32_1.5.0.202011040924/tools/bin/../lib/gcc/arm-none-eabi/9.3.1/thumb/v7e-m+fp/hard\libgcc.a(_udivmoddi4.o)
