vl53l0x_api.c:54:15:VL53L0X_GetVersion	24	static
vl53l0x_api.c:69:15:VL53L0X_GetPalSpecVersion	24	static
vl53l0x_api.c:85:15:VL53L0X_GetProductRevision	32	static
vl53l0x_api.c:103:15:VL53L0X_GetDeviceInfo	24	static
vl53l0x_api.c:115:15:VL53L0X_GetDeviceErrorStatus	24	static
vl53l0x_api.c:133:15:VL53L0X_GetDeviceErrorString	24	static
vl53l0x_api.c:146:15:VL53L0X_GetRangeStatusString	24	static
vl53l0x_api.c:159:15:VL53L0X_GetPalErrorString	24	static
vl53l0x_api.c:171:15:VL53L0X_GetPalStateString	24	static
vl53l0x_api.c:183:15:VL53L0X_GetPalState	24	static
vl53l0x_api.c:194:15:VL53L0X_SetPowerMode	24	static
vl53l0x_api.c:229:15:VL53L0X_GetPowerMode	24	static
vl53l0x_api.c:252:15:VL53L0X_SetOffsetCalibrationDataMicroMeter	24	static
vl53l0x_api.c:265:15:VL53L0X_GetOffsetCalibrationDataMicroMeter	24	static
vl53l0x_api.c:278:15:VL53L0X_SetLinearityCorrectiveGain	24	static
vl53l0x_api.c:301:15:VL53L0X_GetLinearityCorrectiveGain	24	static
vl53l0x_api.c:313:15:VL53L0X_SetGroupParamHold	24	static
vl53l0x_api.c:324:15:VL53L0X_GetUpperLimitMilliMeter	24	static
vl53l0x_api.c:336:15:VL53L0X_GetTotalSignalRate	56	static
vl53l0x_api.c:356:15:VL53L0X_SetDeviceAddress	24	static
vl53l0x_api.c:368:15:VL53L0X_DataInit	104	static
vl53l0x_api.c:509:15:VL53L0X_SetTuningSettingBuffer	32	static
vl53l0x_api.c:536:15:VL53L0X_GetTuningSettingBuffer	32	static
vl53l0x_api.c:551:15:VL53L0X_StaticInit	136	static
vl53l0x_api.c:730:15:VL53L0X_WaitDeviceBooted	24	static
vl53l0x_api.c:741:15:VL53L0X_ResetDevice	24	static
vl53l0x_api.c:786:15:VL53L0X_SetDeviceParameters	24	static
vl53l0x_api.c:837:15:VL53L0X_GetDeviceParameters	24	static
vl53l0x_api.c:901:15:VL53L0X_SetDeviceMode	24	static
vl53l0x_api.c:925:15:VL53L0X_GetDeviceMode	24	static
vl53l0x_api.c:937:15:VL53L0X_SetRangeFractionEnable	24	static
vl53l0x_api.c:952:15:VL53L0X_GetFractionEnable	24	static
vl53l0x_api.c:966:15:VL53L0X_SetHistogramMode	24	static
vl53l0x_api.c:978:15:VL53L0X_GetHistogramMode	24	static
vl53l0x_api.c:990:15:VL53L0X_SetMeasurementTimingBudgetMicroSeconds	24	static
vl53l0x_api.c:1004:15:VL53L0X_GetMeasurementTimingBudgetMicroSeconds	24	static
vl53l0x_api.c:1017:15:VL53L0X_SetVcselPulsePeriod	24	static
vl53l0x_api.c:1030:15:VL53L0X_GetVcselPulsePeriod	32	static
vl53l0x_api.c:1043:15:VL53L0X_SetSequenceStepEnable	32	static
vl53l0x_api.c:1132:15:sequence_step_enabled	32	static
vl53l0x_api.c:1164:15:VL53L0X_GetSequenceStepEnable	32	static
vl53l0x_api.c:1183:15:VL53L0X_GetSequenceStepEnables	24	static
vl53l0x_api.c:1223:15:VL53L0X_GetNumberOfSequenceSteps	24	static
vl53l0x_api.c:1235:15:VL53L0X_GetSequenceStepsInfo	24	static
vl53l0x_api.c:1250:15:VL53L0X_SetSequenceStepTimeout	40	static
vl53l0x_api.c:1304:15:VL53L0X_GetSequenceStepTimeout	32	static
vl53l0x_api.c:1323:15:VL53L0X_SetInterMeasurementPeriodMilliSeconds	32	static
vl53l0x_api.c:1359:15:VL53L0X_GetInterMeasurementPeriodMilliSeconds	24	static
vl53l0x_api.c:1391:15:VL53L0X_SetXTalkCompensationEnable	24	static
vl53l0x_api.c:1429:15:VL53L0X_GetXTalkCompensationEnable	24	static
vl53l0x_api.c:1443:15:VL53L0X_SetXTalkCompensationRateMegaCps	24	static
vl53l0x_api.c:1481:15:VL53L0X_GetXTalkCompensationRateMegaCps	32	static
vl53l0x_api.c:1514:15:VL53L0X_SetRefCalibration	24	static
vl53l0x_api.c:1526:15:VL53L0X_GetRefCalibration	32	static
vl53l0x_api.c:1542:15:VL53L0X_GetNumberOfLimitCheck	24	static
vl53l0x_api.c:1553:15:VL53L0X_GetLimitCheckInfo	32	static
vl53l0x_api.c:1567:15:VL53L0X_GetLimitCheckStatus	32	static
vl53l0x_api.c:1590:15:VL53L0X_SetLimitCheckEnable	32	static
vl53l0x_api.c:1693:15:VL53L0X_GetLimitCheckEnable	32	static
vl53l0x_api.c:1714:15:VL53L0X_SetLimitCheckValue	32	static
vl53l0x_api.c:1791:15:VL53L0X_GetLimitCheckValue	40	static
vl53l0x_api.c:1882:15:VL53L0X_GetLimitCheckCurrent	64	static
vl53l0x_api.c:1956:15:VL53L0X_SetWrapAroundCheckEnable	24	static
vl53l0x_api.c:1988:15:VL53L0X_GetWrapAroundCheckEnable	24	static
vl53l0x_api.c:2013:15:VL53L0X_SetDmaxCalParameters	32	static
vl53l0x_api.c:2047:15:VL53L0X_GetDmaxCalParameters	32	static
vl53l0x_api.c:2065:15:VL53L0X_PerformSingleMeasurement	24	static
vl53l0x_api.c:2096:15:VL53L0X_PerformSingleHistogramMeasurement	24	static
vl53l0x_api.c:2108:15:VL53L0X_PerformRefCalibration	32	static
vl53l0x_api.c:2121:15:VL53L0X_PerformXTalkMeasurement	32	static
vl53l0x_api.c:2134:15:VL53L0X_PerformXTalkCalibration	32	static
vl53l0x_api.c:2148:15:VL53L0X_PerformOffsetCalibration	32	static
vl53l0x_api.c:2161:15:VL53L0X_CheckAndLoadInterruptSettings	32	static
vl53l0x_api.c:2207:15:VL53L0X_StartMeasurement	32	static
vl53l0x_api.c:2290:15:VL53L0X_StopMeasurement	24	static
vl53l0x_api.c:2317:15:VL53L0X_GetMeasurementDataReady	24	static
vl53l0x_api.c:2352:15:VL53L0X_WaitDeviceReadyForNewMeasurement	24	static
vl53l0x_api.c:2365:15:VL53L0X_GetRangingMeasurementData	104	static
vl53l0x_api.c:2520:15:VL53L0X_GetMeasurementRefSignal	24	static
vl53l0x_api.c:2540:15:VL53L0X_GetHistogramMeasurementData	24	static
vl53l0x_api.c:2550:15:VL53L0X_PerformSingleRangingMeasurement	24	static
vl53l0x_api.c:2578:15:VL53L0X_SetNumberOfROIZones	24	static
vl53l0x_api.c:2593:15:VL53L0X_GetNumberOfROIZones	24	static
vl53l0x_api.c:2606:15:VL53L0X_GetMaxNumberOfROIZones	24	static
vl53l0x_api.c:2621:15:VL53L0X_SetGpioConfig	24	static
vl53l0x_api.c:2716:15:VL53L0X_GetGpioConfig	32	static
vl53l0x_api.c:2787:15:VL53L0X_SetInterruptThresholds	32	static
vl53l0x_api.c:2811:15:VL53L0X_GetInterruptThresholds	32	static
vl53l0x_api.c:2837:15:VL53L0X_GetStopCompletedStatus	24	static
vl53l0x_api.c:2870:15:VL53L0X_ClearInterruptMask	24	static
vl53l0x_api.c:2899:15:VL53L0X_GetInterruptMaskStatus	24	static
vl53l0x_api.c:2916:15:VL53L0X_EnableInterruptMask	24	static
vl53l0x_api.c:2931:15:VL53L0X_SetSpadAmbientDamperThreshold	24	static
vl53l0x_api.c:2945:15:VL53L0X_GetSpadAmbientDamperThreshold	24	static
vl53l0x_api.c:2959:15:VL53L0X_SetSpadAmbientDamperFactor	24	static
vl53l0x_api.c:2976:15:VL53L0X_GetSpadAmbientDamperFactor	24	static
vl53l0x_api.c:2998:15:VL53L0X_SetReferenceSpads	32	static
vl53l0x_api.c:3011:15:VL53L0X_GetReferenceSpads	32	static
vl53l0x_api.c:3024:15:VL53L0X_PerformRefSpadManagement	32	static
