vl53l0x_api_calibration.c:52:15:VL53L0X_perform_xtalk_calibration	104	static
vl53l0x_api_calibration.c:191:15:VL53L0X_perform_offset_calibration	80	static
vl53l0x_api_calibration.c:290:15:VL53L0X_set_offset_calibration_data_micro_meter	40	static
vl53l0x_api_calibration.c:327:15:VL53L0X_get_offset_calibration_data_micro_meter	24	static
vl53l0x_api_calibration.c:359:15:VL53L0X_apply_offset_adjustment	32	static
vl53l0x_api_calibration.c:399:6:get_next_good_spad	48	static
vl53l0x_api_calibration.c:448:9:is_aperture	24	static
vl53l0x_api_calibration.c:464:15:enable_spad_bit	40	static
vl53l0x_api_calibration.c:482:15:count_enabled_spads	56	static
vl53l0x_api_calibration.c:540:15:set_ref_spad_map	24	static
vl53l0x_api_calibration.c:548:15:get_ref_spad_map	24	static
vl53l0x_api_calibration.c:557:15:enable_ref_spads	56	static
vl53l0x_api_calibration.c:630:15:perform_ref_signal_measurement	48	static
vl53l0x_api_calibration.c:677:15:VL53L0X_perform_ref_spad_management	128	static
vl53l0x_api_calibration.c:944:15:VL53L0X_set_reference_spads	88	static
vl53l0x_api_calibration.c:1011:15:VL53L0X_get_reference_spads	64	static
vl53l0x_api_calibration.c:1066:15:VL53L0X_perform_single_ref_calibration	24	static
vl53l0x_api_calibration.c:1089:15:VL53L0X_ref_calibration_io	24	static
vl53l0x_api_calibration.c:1124:15:VL53L0X_perform_vhv_calibration	48	static
vl53l0x_api_calibration.c:1169:15:VL53L0X_perform_phase_calibration	48	static
vl53l0x_api_calibration.c:1214:15:VL53L0X_perform_ref_calibration	32	static
vl53l0x_api_calibration.c:1249:15:VL53L0X_set_ref_calibration	40	static
vl53l0x_api_calibration.c:1264:15:VL53L0X_get_ref_calibration	48	static
